Archive member included to satisfy reference by file (symbol)

C:\Users\emill\Documents\GitHub\thruster-line\software\libClearCore\Debug\libClearCore.a(EthernetUdp.o)
                              messages.o (ClearCore::EthernetUdp::EthernetUdp())
C:\Users\emill\Documents\GitHub\thruster-line\software\libClearCore\Debug\libClearCore.a(MotorDriver.o)
                              motor.o (ClearCore::MotorDriver::EnableTriggerPulse(unsigned short, unsigned long, bool))
C:\Users\emill\Documents\GitHub\thruster-line\software\libClearCore\Debug\libClearCore.a(SerialUsb.o)
                              messages.o (ClearCore::SerialUsb::operator bool())
C:\Users\emill\Documents\GitHub\thruster-line\software\libClearCore\Debug\libClearCore.a(UsbManager.o)
                              C:\Users\emill\Documents\GitHub\thruster-line\software\libClearCore\Debug\libClearCore.a(SerialUsb.o) (ClearCore::UsbManager::Speed(unsigned long))
C:\Users\emill\Documents\GitHub\thruster-line\software\libClearCore\Debug\libClearCore.a(SysManager.o)
                              C:\Users\emill\Documents\GitHub\thruster-line\software\libClearCore\Debug\libClearCore.a(MotorDriver.o) (ClearCore::SysManager::ConnectorByIndex(ClearCorePins))
C:\Users\emill\Documents\GitHub\thruster-line\software\libClearCore\Debug\libClearCore.a(SysTiming.o)
                              C:\Users\emill\Documents\GitHub\thruster-line\software\libClearCore\Debug\libClearCore.a(SysManager.o) (ClearCore::SysTiming::IsrStart())
C:\Users\emill\Documents\GitHub\thruster-line\software\libClearCore\Debug\libClearCore.a(EthernetManager.o)
                              C:\Users\emill\Documents\GitHub\thruster-line\software\libClearCore\Debug\libClearCore.a(SysManager.o) (ClearCore::EthernetManager::Initialize())
C:\Users\emill\Documents\GitHub\thruster-line\software\libClearCore\Debug\libClearCore.a(ShiftRegister.o)
                              C:\Users\emill\Documents\GitHub\thruster-line\software\libClearCore\Debug\libClearCore.a(SysManager.o) (ClearCore::ShiftRegister::ShiftRegister())
C:\Users\emill\Documents\GitHub\thruster-line\software\libClearCore\Debug\libClearCore.a(MotorManager.o)
                              motor.o (ClearCore::MotorManager::MotorModeSet(ClearCore::MotorManager::MotorPair, ClearCore::Connector::ConnectorModes))
C:\Users\emill\Documents\GitHub\thruster-line\software\libClearCore\Debug\libClearCore.a(StepGenerator.o)
                              C:\Users\emill\Documents\GitHub\thruster-line\software\libClearCore\Debug\libClearCore.a(MotorDriver.o) (ClearCore::StepGenerator::Move(long, ClearCore::StepGenerator::MoveTarget))
C:\Users\emill\Documents\GitHub\thruster-line\software\libClearCore\Debug\libClearCore.a(system_same53.o)
                              C:\Users\emill\Documents\GitHub\thruster-line\software\libClearCore\Debug\libClearCore.a(SysManager.o) (SystemInit)
C:\Users\emill\Documents\GitHub\thruster-line\software\libClearCore\Debug\libClearCore.a(EncoderInput.o)
                              C:\Users\emill\Documents\GitHub\thruster-line\software\libClearCore\Debug\libClearCore.a(SysManager.o) (ClearCore::EncoderInput::EncoderInput())
C:\Users\emill\Documents\GitHub\thruster-line\software\libClearCore\Debug\libClearCore.a(cdcdf_acm.o)
                              C:\Users\emill\Documents\GitHub\thruster-line\software\libClearCore\Debug\libClearCore.a(UsbManager.o) (cdcdf_acm_init)
C:\Users\emill\Documents\GitHub\thruster-line\software\libClearCore\Debug\libClearCore.a(usbdc.o)
                              C:\Users\emill\Documents\GitHub\thruster-line\software\libClearCore\Debug\libClearCore.a(cdcdf_acm.o) (usbdc_xfer)
C:\Users\emill\Documents\GitHub\thruster-line\software\libClearCore\Debug\libClearCore.a(usb_protocol.o)
                              C:\Users\emill\Documents\GitHub\thruster-line\software\libClearCore\Debug\libClearCore.a(cdcdf_acm.o) (usb_find_desc)
C:\Users\emill\Documents\GitHub\thruster-line\software\libClearCore\Debug\libClearCore.a(hal_usb_device.o)
                              C:\Users\emill\Documents\GitHub\thruster-line\software\libClearCore\Debug\libClearCore.a(usbdc.o) (usb_d_init)
C:\Users\emill\Documents\GitHub\thruster-line\software\libClearCore\Debug\libClearCore.a(utils_assert.o)
                              C:\Users\emill\Documents\GitHub\thruster-line\software\libClearCore\Debug\libClearCore.a(usbdc.o) (assert)
C:\Users\emill\Documents\GitHub\thruster-line\software\libClearCore\Debug\libClearCore.a(utils_list.o)
                              C:\Users\emill\Documents\GitHub\thruster-line\software\libClearCore\Debug\libClearCore.a(usbdc.o) (list_insert_at_end)
C:\Users\emill\Documents\GitHub\thruster-line\software\libClearCore\Debug\libClearCore.a(AdcManager.o)
                              C:\Users\emill\Documents\GitHub\thruster-line\software\libClearCore\Debug\libClearCore.a(SysManager.o) (ClearCore::AdcManager::Initialize())
[...]
Memory Configuration

Name             Origin             Length             Attributes
FLASH            0x00004000         0x0007c000         xr
RAM              0x20000000         0x00030000         xrw
*default*        0x00000000         0xffffffff

Linker script and memory map

LOAD c:/program files (x86)/atmel/studio/7.0/toolchain/arm/arm-gnu-toolchain/bin/../lib/gcc/arm-none-eabi/6.3.1/thumb/v7e-m/fpv4-sp/hard/crti.o
LOAD c:/program files (x86)/atmel/studio/7.0/toolchain/arm/arm-gnu-toolchain/bin/../lib/gcc/arm-none-eabi/6.3.1/thumb/v7e-m/fpv4-sp/hard/crtbegin.o
LOAD c:/program files (x86)/atmel/studio/7.0/toolchain/arm/arm-gnu-toolchain/bin/../lib/gcc/arm-none-eabi/6.3.1/../../../../arm-none-eabi/lib/thumb/v7e-m/fpv4-sp/hard/rdimon-crt0.o
LOAD motor.o
LOAD messages.o
LOAD states.o
LOAD Device_Startup/startup_same53.o
LOAD main.o
START GROUP
LOAD C:\Program Files (x86)\Atmel\Studio\7.0\Packs\arm\CMSIS\4.5.0\CMSIS\Lib\GCC\libarm_cortexM4lf_math.a
LOAD C:\Users\emill\Documents\GitHub\thruster-line\software\libClearCore\Debug\libClearCore.a
LOAD C:\Users\emill\Documents\GitHub\thruster-line\software\LwIP\Debug\libLwIP.a
END GROUP
LOAD c:/program files (x86)/atmel/studio/7.0/toolchain/arm/arm-gnu-toolchain/bin/../lib/gcc/arm-none-eabi/6.3.1/../../../../arm-none-eabi/lib/thumb/v7e-m/fpv4-sp/hard\libstdc++.a
LOAD c:/program files (x86)/atmel/studio/7.0/toolchain/arm/arm-gnu-toolchain/bin/../lib/gcc/arm-none-eabi/6.3.1/../../../../arm-none-eabi/lib/thumb/v7e-m/fpv4-sp/hard\libm.a
START GROUP
LOAD c:/program files (x86)/atmel/studio/7.0/toolchain/arm/arm-gnu-toolchain/bin/../lib/gcc/arm-none-eabi/6.3.1/thumb/v7e-m/fpv4-sp/hard\libgcc.a
LOAD c:/program files (x86)/atmel/studio/7.0/toolchain/arm/arm-gnu-toolchain/bin/../lib/gcc/arm-none-eabi/6.3.1/../../../../arm-none-eabi/lib/thumb/v7e-m/fpv4-sp/hard\libc.a
END GROUP
START GROUP
LOAD c:/program files (x86)/atmel/studio/7.0/toolchain/arm/arm-gnu-toolchain/bin/../lib/gcc/arm-none-eabi/6.3.1/thumb/v7e-m/fpv4-sp/hard\libgcc.a
LOAD c:/program files (x86)/atmel/studio/7.0/toolchain/arm/arm-gnu-toolchain/bin/../lib/gcc/arm-none-eabi/6.3.1/../../../../arm-none-eabi/lib/thumb/v7e-m/fpv4-sp/hard\libc.a
LOAD c:/program files (x86)/atmel/studio/7.0/toolchain/arm/arm-gnu-toolchain/bin/../lib/gcc/arm-none-eabi/6.3.1/../../../../arm-none-eabi/lib/thumb/v7e-m/fpv4-sp/hard\librdimon.a
END GROUP
LOAD c:/program files (x86)/atmel/studio/7.0/toolchain/arm/arm-gnu-toolchain/bin/../lib/gcc/arm-none-eabi/6.3.1/thumb/v7e-m/fpv4-sp/hard/crtend.o
LOAD c:/program files (x86)/atmel/studio/7.0/toolchain/arm/arm-gnu-toolchain/bin/../lib/gcc/arm-none-eabi/6.3.1/thumb/v7e-m/fpv4-sp/hard/crtn.o

.text           0x00004000    0x2dde8
                0x00004000                __text_start__ = .
 *(.sketch_boot)
                0x00004000                . = ALIGN (0x4000)
 *(.vectors)
 .vectors       0x00004000      0x264 Device_Startup/startup_same53.o
                0x00004000                exception_table
 *(.text*)
 .text          0x00004264       0x6c c:/program files (x86)/atmel/studio/7.0/toolchain/arm/arm-gnu-toolchain/bin/../lib/gcc/arm-none-eabi/6.3.1/thumb/v7e-m/fpv4-sp/hard/crtbegin.o
 .text._Z11SetupMotorsv
                0x000042d0       0xe0 motor.o
                0x000042d0                SetupMotors()
 .text._Z12enableMotorsPKc
                0x000043b0       0x74 motor.o
                0x000043b0                enableMotors(char const*)
 .text._Z13disableMotorsPKc
                0x00004424       0x54 motor.o
                0x00004424                disableMotors(char const*)
 .text._Z11checkMovingv
                0x00004478       0x38 motor.o
                0x00004478                checkMoving()
 .text._Z21getSmoothedTorqueEWMAPN9ClearCore11MotorDriverEPfPb
                0x000044b0       0x58 motor.o
                0x000044b0                getSmoothedTorqueEWMA(ClearCore::MotorDriver*, float*, bool*)
 .text._Z16checkTorqueLimitv
                0x00004508      0x1e8 motor.o
                0x00004508                checkTorqueLimit()
 .text._Z10moveMotorsiii16SimpleSpeedStateh
                0x000046f0       0xf8 motor.o
                0x000046f0                moveMotors(int, int, int, SimpleSpeedState, unsigned char)
 .text._Z8sendToPCPKc.part.0
                0x000047e8       0x2c messages.o
 .text._Z8sendToPCPKc
                0x00004814       0x34 messages.o
                0x00004814                sendToPC(char const*)
 .text._Z13SetupEthernetv
                0x00004848       0x50 messages.o
                0x00004848                SetupEthernet()
 .text._Z9sendTelemP12SystemStates
                0x00004898      0x184 messages.o
                0x00004898                sendTelem(SystemStates*)
 .text._Z14checkUdpBufferP12SystemStates
                0x00004a1c      0x694 messages.o
                0x00004a1c                checkUdpBuffer(SystemStates*)
 .text.startup._GLOBAL__sub_I_MAX_PACKET_LENGTH
                0x000050b0       0x18 messages.o
 .text._ZN12SystemStatesC2Ev
                0x000050c8       0x14 states.o
                0x000050c8                SystemStates::SystemStates()
                0x000050c8                SystemStates::SystemStates()
 .text.Dummy_Handler
                0x000050dc        0x4 Device_Startup/startup_same53.o
                0x000050dc                SVCall_Handler
                0x000050dc                EVSYS_0_Handler
                0x000050dc                TCC1_3_Handler
                0x000050dc                DAC_3_Handler
                0x000050dc                TRNG_Handler
                0x000050dc                HardFault_Handler
                0x000050dc                TC2_Handler
                0x000050dc                PDEC_2_Handler
                0x000050dc                AC_Handler
                0x000050dc                SERCOM3_1_Handler
                0x000050dc                TCC2_3_Handler
                0x000050dc                SERCOM3_2_Handler
                0x000050dc                PendSV_Handler
                0x000050dc                TC7_Handler
                0x000050dc                ADC1_1_Handler
                0x000050dc                EVSYS_3_Handler
                0x000050dc                PDEC_0_Handler
                0x000050dc                QSPI_Handler
                0x000050dc                NonMaskableInt_Handler
                0x000050dc                MemManagement_Handler
                0x000050dc                DAC_2_Handler
                0x000050dc                RTC_Handler
                0x000050dc                UsageFault_Handler
                0x000050dc                SERCOM4_0_Handler
                0x000050dc                OSC32KCTRL_Handler
                0x000050dc                TCC2_1_Handler
                0x000050dc                SUPC_1_Handler
                0x000050dc                TCC0_5_Handler
                0x000050dc                TCC0_6_Handler
                0x000050dc                SERCOM6_2_Handler
                0x000050dc                EVSYS_1_Handler
                0x000050dc                TCC1_4_Handler
                0x000050dc                TC6_Handler
                0x000050dc                DMAC_0_Handler
                0x000050dc                WDT_Handler
                0x000050dc                SERCOM6_0_Handler
                0x000050dc                SERCOM5_0_Handler
                0x000050dc                TC4_Handler
                0x000050dc                TC1_Handler
                0x000050dc                OSCCTRL_4_Handler
                0x000050dc                SERCOM4_3_Handler
                0x000050dc                DMAC_4_Handler
                0x000050dc                TCC4_2_Handler
                0x000050dc                PAC_Handler
                0x000050dc                TCC1_0_Handler
                0x000050dc                OSCCTRL_0_Handler
                0x000050dc                OSCCTRL_3_Handler
                0x000050dc                SERCOM4_1_Handler
                0x000050dc                TC3_Handler
                0x000050dc                Dummy_Handler
                0x000050dc                TCC2_2_Handler
                0x000050dc                SERCOM5_1_Handler
                0x000050dc                TCC1_1_Handler
                0x000050dc                DMAC_2_Handler
                0x000050dc                ADC0_0_Handler
                0x000050dc                SERCOM0_1_Handler
                0x000050dc                OSCCTRL_2_Handler
                0x000050dc                ADC1_0_Handler
                0x000050dc                TCC1_2_Handler
                0x000050dc                SERCOM7_1_Handler
                0x000050dc                PM_Handler
                0x000050dc                SERCOM6_3_Handler
                0x000050dc                DAC_4_Handler
                0x000050dc                TCC3_2_Handler
                0x000050dc                TCC0_2_Handler
                0x000050dc                DMAC_1_Handler
                0x000050dc                SDHC1_Handler
                0x000050dc                TCC2_0_Handler
                0x000050dc                PDEC_1_Handler
                0x000050dc                TCC4_1_Handler
                0x000050dc                SERCOM5_3_Handler
                0x000050dc                SERCOM6_1_Handler
                0x000050dc                SDHC0_Handler
                0x000050dc                SERCOM1_1_Handler
                0x000050dc                I2S_Handler
                0x000050dc                PCC_Handler
                0x000050dc                DAC_0_Handler
                0x000050dc                TCC0_1_Handler
                0x000050dc                SERCOM1_3_Handler
                0x000050dc                OSCCTRL_1_Handler
                0x000050dc                SERCOM1_0_Handler
                0x000050dc                PUKCC_Handler
                0x000050dc                SERCOM2_1_Handler
                0x000050dc                SERCOM1_2_Handler
                0x000050dc                SERCOM3_0_Handler
                0x000050dc                SERCOM4_2_Handler
                0x000050dc                EVSYS_4_Handler
                0x000050dc                NVMCTRL_1_Handler
                0x000050dc                SERCOM5_2_Handler
                0x000050dc                SERCOM3_3_Handler
                0x000050dc                ADC0_1_Handler
                0x000050dc                TCC3_1_Handler
                0x000050dc                DAC_1_Handler
                0x000050dc                NVMCTRL_0_Handler
                0x000050dc                MCLK_Handler
                0x000050dc                EVSYS_2_Handler
                0x000050dc                SUPC_0_Handler
                0x000050dc                BusFault_Handler
                0x000050dc                FREQM_Handler
                0x000050dc                TC0_Handler
                0x000050dc                TCC0_3_Handler
                0x000050dc                DMAC_3_Handler
                0x000050dc                DebugMonitor_Handler
                0x000050dc                TCC0_4_Handler
                0x000050dc                RAMECC_Handler
                0x000050dc                TC5_Handler
                0x000050dc                AES_Handler
                0x000050dc                ICM_Handler
 .text.startup.main
                0x000050e0       0xb4 main.o
                0x000050e0                main
 .text._ZN9ClearCore10UdpReceiveEPvP7udp_pcbP4pbufPK8ip4_addrt
                0x00005194       0x34 C:\Users\emill\Documents\GitHub\thruster-line\software\libClearCore\Debug\libClearCore.a(EthernetUdp.o)
                0x00005194                ClearCore::UdpReceive(void*, udp_pcb*, pbuf*, ip4_addr const*, unsigned short)
 .text._ZN9ClearCore11EthernetUdpC2Ev
                0x000051c8       0x24 C:\Users\emill\Documents\GitHub\thruster-line\software\libClearCore\Debug\libClearCore.a(EthernetUdp.o)
                0x000051c8                ClearCore::EthernetUdp::EthernetUdp()
                0x000051c8                ClearCore::EthernetUdp::EthernetUdp()
 .text._ZN9ClearCore11EthernetUdp5BeginEt
                0x000051ec       0x54 C:\Users\emill\Documents\GitHub\thruster-line\software\libClearCore\Debug\libClearCore.a(EthernetUdp.o)
                0x000051ec                ClearCore::EthernetUdp::Begin(unsigned short)
 .text._ZN9ClearCore11EthernetUdp7ConnectENS_9IpAddressEt
                0x00005240       0x30 C:\Users\emill\Documents\GitHub\thruster-line\software\libClearCore\Debug\libClearCore.a(EthernetUdp.o)
                0x00005240                ClearCore::EthernetUdp::Connect(ClearCore::IpAddress, unsigned short)
 .text._ZN9ClearCore11EthernetUdp10PacketSendEv
                0x00005270       0x5c C:\Users\emill\Documents\GitHub\thruster-line\software\libClearCore\Debug\libClearCore.a(EthernetUdp.o)
                0x00005270                ClearCore::EthernetUdp::PacketSend()
 .text._ZN9ClearCore11EthernetUdp11PacketWriteEPKc
                0x000052cc       0xec C:\Users\emill\Documents\GitHub\thruster-line\software\libClearCore\Debug\libClearCore.a(EthernetUdp.o)
                0x000052cc                ClearCore::EthernetUdp::PacketWrite(char const*)
 .text._ZN9ClearCore11EthernetUdp11PacketParseEv
                0x000053b8       0x64 C:\Users\emill\Documents\GitHub\thruster-line\software\libClearCore\Debug\libClearCore.a(EthernetUdp.o)
                0x000053b8                ClearCore::EthernetUdp::PacketParse()
 .text._ZN9ClearCore11EthernetUdp10PacketReadEPht
                0x0000541c       0xe8 C:\Users\emill\Documents\GitHub\thruster-line\software\libClearCore\Debug\libClearCore.a(EthernetUdp.o)
                0x0000541c                ClearCore::EthernetUdp::PacketRead(unsigned char*, unsigned short)
 .text._ZN9ClearCore11EthernetUdp8RemoteIpEv
                0x00005504        0x4 C:\Users\emill\Documents\GitHub\thruster-line\software\libClearCore\Debug\libClearCore.a(EthernetUdp.o)
                0x00005504                ClearCore::EthernetUdp::RemoteIp()
 .text._ZN9ClearCore9DigitalIn5StateEs
                0x00005508        0x4 C:\Users\emill\Documents\GitHub\thruster-line\software\libClearCore\Debug\libClearCore.a(MotorDriver.o)
                0x00005508                ClearCore::DigitalIn::State(short)
 .text._ZN9ClearCore9DigitalIn17ExternalInterruptEv
                0x0000550c        0x8 C:\Users\emill\Documents\GitHub\thruster-line\software\libClearCore\Debug\libClearCore.a(MotorDriver.o)
                0x0000550c                ClearCore::DigitalIn::ExternalInterrupt()
 .text._ZN9ClearCore11MotorDriver4TypeEv
                0x00005514        0x4 C:\Users\emill\Documents\GitHub\thruster-line\software\libClearCore\Debug\libClearCore.a(MotorDriver.o)
                0x00005514                ClearCore::MotorDriver::Type()
 .text._ZN9ClearCore11MotorDriver10IsWritableEv
                0x00005518        0x4 C:\Users\emill\Documents\GitHub\thruster-line\software\libClearCore\Debug\libClearCore.a(MotorDriver.o)
                0x00005518                ClearCore::MotorDriver::IsWritable()
 .text._ZN9ClearCore11MotorDriver11IsInHwFaultEv
                0x0000551c        0x8 C:\Users\emill\Documents\GitHub\thruster-line\software\libClearCore\Debug\libClearCore.a(MotorDriver.o)
                0x0000551c                ClearCore::MotorDriver::IsInHwFault()
 .text._ZN9ClearCore11MotorDriver4ModeEv
                0x00005524        0x4 C:\Users\emill\Documents\GitHub\thruster-line\software\libClearCore\Debug\libClearCore.a(MotorDriver.o)
                0x00005524                ClearCore::MotorDriver::Mode()
 .text._ZN9ClearCore11MotorDriver4ModeENS_9Connector14ConnectorModesE
                0x00005528      0x164 C:\Users\emill\Documents\GitHub\thruster-line\software\libClearCore\Debug\libClearCore.a(MotorDriver.o)
                0x00005528                ClearCore::MotorDriver::Mode(ClearCore::Connector::ConnectorModes)
 .text._ZN9ClearCore11MotorDriver15OutputDirectionEv
                0x0000568c       0x58 C:\Users\emill\Documents\GitHub\thruster-line\software\libClearCore\Debug\libClearCore.a(MotorDriver.o)
                0x0000568c                ClearCore::MotorDriver::OutputDirection()
                0x000056dc                non-virtual thunk to ClearCore::MotorDriver::OutputDirection()
 .text._ZN9ClearCore11MotorDriverC2ENS_13ShiftRegister5MasksEPK15PeripheralRouteS5_S5_tt
                0x000056e4      0x1a8 C:\Users\emill\Documents\GitHub\thruster-line\software\libClearCore\Debug\libClearCore.a(MotorDriver.o)
                0x000056e4                ClearCore::MotorDriver::MotorDriver(ClearCore::ShiftRegister::Masks, PeripheralRoute const*, PeripheralRoute const*, PeripheralRoute const*, unsigned short, unsigned short)
                0x000056e4                ClearCore::MotorDriver::MotorDriver(ClearCore::ShiftRegister::Masks, PeripheralRoute const*, PeripheralRoute const*, PeripheralRoute const*, unsigned short, unsigned short)
 .text._ZN9ClearCore11MotorDriver18EnableTriggerPulseEtmb
                0x0000588c       0x7c C:\Users\emill\Documents\GitHub\thruster-line\software\libClearCore\Debug\libClearCore.a(MotorDriver.o)
                0x0000588c                ClearCore::MotorDriver::EnableTriggerPulse(unsigned short, unsigned long, bool)
 .text._ZN9ClearCore11MotorDriver13EnableRequestEb
                0x00005908      0x124 C:\Users\emill\Documents\GitHub\thruster-line\software\libClearCore\Debug\libClearCore.a(MotorDriver.o)
                0x00005908                ClearCore::MotorDriver::EnableRequest(bool)
 .text._ZN9ClearCore11MotorDriver11RefreshSlowEv
                0x00005a2c       0xe8 C:\Users\emill\Documents\GitHub\thruster-line\software\libClearCore\Debug\libClearCore.a(MotorDriver.o)
                0x00005a2c                ClearCore::MotorDriver::RefreshSlow()
 .text._ZN9ClearCore11MotorDriver10FaultStateEb
                0x00005b14       0xf8 C:\Users\emill\Documents\GitHub\thruster-line\software\libClearCore\Debug\libClearCore.a(MotorDriver.o)
                0x00005b14                ClearCore::MotorDriver::FaultState(bool)
 *fill*         0x00005c0c        0x4 
 .text._ZN9ClearCore11MotorDriver7RefreshEv
                0x00005c10      0x65c C:\Users\emill\Documents\GitHub\thruster-line\software\libClearCore\Debug\libClearCore.a(MotorDriver.o)
                0x00005c10                ClearCore::MotorDriver::Refresh()
 .text._ZN9ClearCore11MotorDriver4MoveElNS_13StepGenerator10MoveTargetE
                0x0000626c       0xf0 C:\Users\emill\Documents\GitHub\thruster-line\software\libClearCore\Debug\libClearCore.a(MotorDriver.o)
                0x0000626c                ClearCore::MotorDriver::Move(long, ClearCore::StepGenerator::MoveTarget)
 .text._ZThn48_N9ClearCore11MotorDriver4MoveElNS_13StepGenerator10MoveTargetE
                0x0000635c        0x8 C:\Users\emill\Documents\GitHub\thruster-line\software\libClearCore\Debug\libClearCore.a(MotorDriver.o)
                0x0000635c                non-virtual thunk to ClearCore::MotorDriver::Move(long, ClearCore::StepGenerator::MoveTarget)
 .text._ZN9ClearCore11MotorDriver12MoveVelocityEl
                0x00006364       0xd8 C:\Users\emill\Documents\GitHub\thruster-line\software\libClearCore\Debug\libClearCore.a(MotorDriver.o)
                0x00006364                ClearCore::MotorDriver::MoveVelocity(long)
 .text._ZThn48_N9ClearCore11MotorDriver12MoveVelocityEl
                0x0000643c        0x8 C:\Users\emill\Documents\GitHub\thruster-line\software\libClearCore\Debug\libClearCore.a(MotorDriver.o)
                0x0000643c                non-virtual thunk to ClearCore::MotorDriver::MoveVelocity(long)
 .text._ZN9ClearCore11MotorDriver10InitializeE13ClearCorePins
                0x00006444      0x314 C:\Users\emill\Documents\GitHub\thruster-line\software\libClearCore\Debug\libClearCore.a(MotorDriver.o)
                0x00006444                ClearCore::MotorDriver::Initialize(ClearCorePins)
 .text._ZN9ClearCore9Connector17ExternalInterruptEv
                0x00006758        0x8 C:\Users\emill\Documents\GitHub\thruster-line\software\libClearCore\Debug\libClearCore.a(SerialUsb.o)
                0x00006758                ClearCore::Connector::ExternalInterrupt()
 .text._ZN9ClearCore9SerialUsb6ParityENS_7ISerial9_ParitiesE
                0x00006760        0xc C:\Users\emill\Documents\GitHub\thruster-line\software\libClearCore\Debug\libClearCore.a(SerialUsb.o)
                0x00006760                ClearCore::SerialUsb::Parity(ClearCore::ISerial::_Parities)
 .text._ZN9ClearCore9SerialUsb6ParityEv
                0x0000676c        0x4 C:\Users\emill\Documents\GitHub\thruster-line\software\libClearCore\Debug\libClearCore.a(SerialUsb.o)
                0x0000676c                ClearCore::SerialUsb::Parity()
 .text._ZN9ClearCore9SerialUsb8StopBitsEh
                0x00006770        0xc C:\Users\emill\Documents\GitHub\thruster-line\software\libClearCore\Debug\libClearCore.a(SerialUsb.o)
                0x00006770                ClearCore::SerialUsb::StopBits(unsigned char)
 .text._ZN9ClearCore9SerialUsb8CharSizeEh
                0x0000677c        0xc C:\Users\emill\Documents\GitHub\thruster-line\software\libClearCore\Debug\libClearCore.a(SerialUsb.o)
                0x0000677c                ClearCore::SerialUsb::CharSize(unsigned char)
 .text._ZN9ClearCore9SerialUsb4ModeEv
                0x00006788        0xc C:\Users\emill\Documents\GitHub\thruster-line\software\libClearCore\Debug\libClearCore.a(SerialUsb.o)
                0x00006788                ClearCore::SerialUsb::Mode()
                0x0000678c                non-virtual thunk to ClearCore::SerialUsb::Mode()
 .text._ZN9ClearCore9SerialUsb4ModeENS_9Connector14ConnectorModesE
                0x00006794       0x14 C:\Users\emill\Documents\GitHub\thruster-line\software\libClearCore\Debug\libClearCore.a(SerialUsb.o)
                0x00006794                ClearCore::SerialUsb::Mode(ClearCore::Connector::ConnectorModes)
                0x000067a0                non-virtual thunk to ClearCore::SerialUsb::Mode(ClearCore::Connector::ConnectorModes)
 .text._ZN9ClearCore9SerialUsb4TypeEv
                0x000067a8        0xc C:\Users\emill\Documents\GitHub\thruster-line\software\libClearCore\Debug\libClearCore.a(SerialUsb.o)
                0x000067a8                ClearCore::SerialUsb::Type()
                0x000067ac                non-virtual thunk to ClearCore::SerialUsb::Type()
 .text._ZN9ClearCore9SerialUsb11IsInHwFaultEv
                0x000067b4        0xc C:\Users\emill\Documents\GitHub\thruster-line\software\libClearCore\Debug\libClearCore.a(SerialUsb.o)
                0x000067b4                ClearCore::SerialUsb::IsInHwFault()
                0x000067b8                non-virtual thunk to ClearCore::SerialUsb::IsInHwFault()
 .text._ZN9ClearCore9SerialUsb10InitializeE13ClearCorePins
                0x000067c0       0x10 C:\Users\emill\Documents\GitHub\thruster-line\software\libClearCore\Debug\libClearCore.a(SerialUsb.o)
                0x000067c0                ClearCore::SerialUsb::Initialize(ClearCorePins)
                0x000067c8                non-virtual thunk to ClearCore::SerialUsb::Initialize(ClearCorePins)
 .text._ZN9ClearCore9SerialUsb7RefreshEv
                0x000067d0        0xc C:\Users\emill\Documents\GitHub\thruster-line\software\libClearCore\Debug\libClearCore.a(SerialUsb.o)
                0x000067d0                ClearCore::SerialUsb::Refresh()
                0x000067d4                non-virtual thunk to ClearCore::SerialUsb::Refresh()
 .text._ZN9ClearCore9SerialUsb10FlushInputEv
                0x000067dc        0xc C:\Users\emill\Documents\GitHub\thruster-line\software\libClearCore\Debug\libClearCore.a(SerialUsb.o)
                0x000067dc                ClearCore::SerialUsb::FlushInput()
 .text._ZN9ClearCore9SerialUsb19WaitForTransmitIdleEv
                0x000067e8        0xc C:\Users\emill\Documents\GitHub\thruster-line\software\libClearCore\Debug\libClearCore.a(SerialUsb.o)
                0x000067e8                ClearCore::SerialUsb::WaitForTransmitIdle()
                0x000067e8                ClearCore::SerialUsb::Flush()
 .text._ZN9ClearCore9SerialUsbcvbEv
                0x000067f4        0xc C:\Users\emill\Documents\GitHub\thruster-line\software\libClearCore\Debug\libClearCore.a(SerialUsb.o)
                0x000067f4                ClearCore::SerialUsb::PortIsOpen()
                0x000067f4                ClearCore::SerialUsb::operator bool()
 .text._ZN9ClearCore9SerialUsb8PortOpenEv
                0x00006800        0xc C:\Users\emill\Documents\GitHub\thruster-line\software\libClearCore\Debug\libClearCore.a(SerialUsb.o)
                0x00006800                ClearCore::SerialUsb::PortOpen()
 .text._ZN9ClearCore9SerialUsb9PortCloseEv
                0x0000680c        0xc C:\Users\emill\Documents\GitHub\thruster-line\software\libClearCore\Debug\libClearCore.a(SerialUsb.o)
                0x0000680c                ClearCore::SerialUsb::PortClose()
 .text._ZN9ClearCore9SerialUsb5SpeedEm
                0x00006818        0xc C:\Users\emill\Documents\GitHub\thruster-line\software\libClearCore\Debug\libClearCore.a(SerialUsb.o)
                0x00006818                ClearCore::SerialUsb::Speed(unsigned long)
 .text._ZN9ClearCore9SerialUsb5SpeedEv
                0x00006824        0xc C:\Users\emill\Documents\GitHub\thruster-line\software\libClearCore\Debug\libClearCore.a(SerialUsb.o)
                0x00006824                ClearCore::SerialUsb::Speed()
 .text._ZN9ClearCore9SerialUsb7CharGetEv
                0x00006830        0xc C:\Users\emill\Documents\GitHub\thruster-line\software\libClearCore\Debug\libClearCore.a(SerialUsb.o)
                0x00006830                ClearCore::SerialUsb::CharGet()
 .text._ZN9ClearCore9SerialUsb8CharPeekEv
                0x0000683c        0xc C:\Users\emill\Documents\GitHub\thruster-line\software\libClearCore\Debug\libClearCore.a(SerialUsb.o)
                0x0000683c                ClearCore::SerialUsb::CharPeek()
 .text._ZN9ClearCore9SerialUsb8SendCharEh
                0x00006848        0xc C:\Users\emill\Documents\GitHub\thruster-line\software\libClearCore\Debug\libClearCore.a(SerialUsb.o)
                0x00006848                ClearCore::SerialUsb::SendChar(unsigned char)
 .text._ZN9ClearCore9SerialUsb16AvailableForReadEv
                0x00006854        0xc C:\Users\emill\Documents\GitHub\thruster-line\software\libClearCore\Debug\libClearCore.a(SerialUsb.o)
                0x00006854                ClearCore::SerialUsb::AvailableForRead()
 .text._ZN9ClearCore9SerialUsb17AvailableForWriteEv
                0x00006860        0xc C:\Users\emill\Documents\GitHub\thruster-line\software\libClearCore\Debug\libClearCore.a(SerialUsb.o)
                0x00006860                ClearCore::SerialUsb::AvailableForWrite()
 .text._ZN9ClearCore9SerialUsb10IsWritableEv
                0x0000686c       0x24 C:\Users\emill\Documents\GitHub\thruster-line\software\libClearCore\Debug\libClearCore.a(SerialUsb.o)
                0x0000686c                ClearCore::SerialUsb::IsWritable()
                0x00006888                non-virtual thunk to ClearCore::SerialUsb::IsWritable()
 .text._ZN9ClearCore9SerialUsb5StateEv
                0x00006890       0x30 C:\Users\emill\Documents\GitHub\thruster-line\software\libClearCore\Debug\libClearCore.a(SerialUsb.o)
                0x00006890                ClearCore::SerialUsb::State()
                0x000068b8                non-virtual thunk to ClearCore::SerialUsb::State()
 .text._ZN9ClearCore9SerialUsb5StateEs
                0x000068c0       0x48 C:\Users\emill\Documents\GitHub\thruster-line\software\libClearCore\Debug\libClearCore.a(SerialUsb.o)
                0x000068c0                ClearCore::SerialUsb::State(short)
                0x00006900                non-virtual thunk to ClearCore::SerialUsb::State(short)
 .text._ZN9ClearCore10UsbManager18CBLineStateChangedE22usb_cdc_control_signal
                0x00006908       0x80 C:\Users\emill\Documents\GitHub\thruster-line\software\libClearCore\Debug\libClearCore.a(UsbManager.o)
                0x00006908                ClearCore::UsbManager::CBLineStateChanged(usb_cdc_control_signal)
 .text._ZN9ClearCore10UsbManager10RxCompleteEh13usb_xfer_codem
                0x00006988      0x238 C:\Users\emill\Documents\GitHub\thruster-line\software\libClearCore\Debug\libClearCore.a(UsbManager.o)
                0x00006988                ClearCore::UsbManager::RxComplete(unsigned char, usb_xfer_code, unsigned long)
 .text._ZN9ClearCore10UsbManager10TxCompleteEh13usb_xfer_codem
                0x00006bc0      0x3d0 C:\Users\emill\Documents\GitHub\thruster-line\software\libClearCore\Debug\libClearCore.a(UsbManager.o)
                0x00006bc0                ClearCore::UsbManager::TxComplete(unsigned char, usb_xfer_code, unsigned long)
 .text._ZN9ClearCore10UsbManager8InstanceEv
                0x00006f90       0x68 C:\Users\emill\Documents\GitHub\thruster-line\software\libClearCore\Debug\libClearCore.a(UsbManager.o)
                0x00006f90                ClearCore::UsbManager::Instance()
 .text._ZN9ClearCore10UsbManager10InitializeEv
                0x00006ff8      0x460 C:\Users\emill\Documents\GitHub\thruster-line\software\libClearCore\Debug\libClearCore.a(UsbManager.o)
                0x00006ff8                ClearCore::UsbManager::Initialize()
 .text._ZN9ClearCore10UsbManager5SpeedEm
                0x00007458        0x4 C:\Users\emill\Documents\GitHub\thruster-line\software\libClearCore\Debug\libClearCore.a(UsbManager.o)
                0x00007458                ClearCore::UsbManager::Speed(unsigned long)
 .text._ZN9ClearCore10UsbManager5SpeedEv
                0x0000745c        0xc C:\Users\emill\Documents\GitHub\thruster-line\software\libClearCore\Debug\libClearCore.a(UsbManager.o)
                0x0000745c                ClearCore::UsbManager::Speed()
 .text._ZN9ClearCore10UsbManager8PortOpenEv
                0x00007468       0x38 C:\Users\emill\Documents\GitHub\thruster-line\software\libClearCore\Debug\libClearCore.a(UsbManager.o)
                0x00007468                ClearCore::UsbManager::PortOpen()
 .text._ZN9ClearCore10UsbManager10FlushInputEv
                0x000074a0       0x1c C:\Users\emill\Documents\GitHub\thruster-line\software\libClearCore\Debug\libClearCore.a(UsbManager.o)
                0x000074a0                ClearCore::UsbManager::FlushInput()
 .text._ZN9ClearCore10UsbManager18WaitForWriteFinishEv
                0x000074bc       0x34 C:\Users\emill\Documents\GitHub\thruster-line\software\libClearCore\Debug\libClearCore.a(UsbManager.o)
                0x000074bc                ClearCore::UsbManager::WaitForWriteFinish()
 .text._ZN9ClearCore10UsbManagercvbEv
                0x000074f0       0x3c C:\Users\emill\Documents\GitHub\thruster-line\software\libClearCore\Debug\libClearCore.a(UsbManager.o)
                0x000074f0                ClearCore::UsbManager::operator bool()
 .text._ZN9ClearCore10UsbManager7CharGetEv
                0x0000752c      0x258 C:\Users\emill\Documents\GitHub\thruster-line\software\libClearCore\Debug\libClearCore.a(UsbManager.o)
                0x0000752c                ClearCore::UsbManager::CharGet()
 .text._ZN9ClearCore10UsbManager8CharPeekEv
                0x00007784       0x18 C:\Users\emill\Documents\GitHub\thruster-line\software\libClearCore\Debug\libClearCore.a(UsbManager.o)
                0x00007784                ClearCore::UsbManager::CharPeek()
 .text._ZN9ClearCore10UsbManager8SendCharEh
                0x0000779c       0x68 C:\Users\emill\Documents\GitHub\thruster-line\software\libClearCore\Debug\libClearCore.a(UsbManager.o)
                0x0000779c                ClearCore::UsbManager::SendChar(unsigned char)
 .text._ZN9ClearCore10UsbManager16AvailableForReadEv
                0x00007804       0x10 C:\Users\emill\Documents\GitHub\thruster-line\software\libClearCore\Debug\libClearCore.a(UsbManager.o)
                0x00007804                ClearCore::UsbManager::AvailableForRead()
 .text._ZN9ClearCore10UsbManager17AvailableForWriteEv
                0x00007814       0x14 C:\Users\emill\Documents\GitHub\thruster-line\software\libClearCore\Debug\libClearCore.a(UsbManager.o)
                0x00007814                ClearCore::UsbManager::AvailableForWrite()
 .text._ZN9ClearCore10UsbManager6TxPumpEv
                0x00007828      0x3f4 C:\Users\emill\Documents\GitHub\thruster-line\software\libClearCore\Debug\libClearCore.a(UsbManager.o)
                0x00007828                ClearCore::UsbManager::TxPump()
 .text._ZN9ClearCore10UsbManager9PortCloseEv
                0x00007c1c       0x70 C:\Users\emill\Documents\GitHub\thruster-line\software\libClearCore\Debug\libClearCore.a(UsbManager.o)
                0x00007c1c                ClearCore::UsbManager::PortClose()
 .text._ZN9ClearCore10UsbManager7RefreshEv
                0x00007c8c      0x3f4 C:\Users\emill\Documents\GitHub\thruster-line\software\libClearCore\Debug\libClearCore.a(UsbManager.o)
                0x00007c8c                ClearCore::UsbManager::Refresh()
 .text.startup._GLOBAL__sub_I__ZN9ClearCore6UsbMgrE
                0x00008080       0x10 C:\Users\emill\Documents\GitHub\thruster-line\software\libClearCore\Debug\libClearCore.a(UsbManager.o)
 .text._ZN9ClearCore10SerialBase5SpeedEv
                0x00008090        0x4 C:\Users\emill\Documents\GitHub\thruster-line\software\libClearCore\Debug\libClearCore.a(SysManager.o)
                0x00008090                ClearCore::SerialBase::Speed()
 .text._ZN9ClearCore10SerialBase6ParityEv
                0x00008094        0x4 C:\Users\emill\Documents\GitHub\thruster-line\software\libClearCore\Debug\libClearCore.a(SysManager.o)
                0x00008094                ClearCore::SerialBase::Parity()
 .text._ZN9ClearCore10SerialBasecvbEv
                0x00008098        0x4 C:\Users\emill\Documents\GitHub\thruster-line\software\libClearCore\Debug\libClearCore.a(SysManager.o)
                0x00008098                ClearCore::SerialBase::operator bool()
 .text._ZN9ClearCore11MotorDriverC2Ev
                0x0000809c       0x44 C:\Users\emill\Documents\GitHub\thruster-line\software\libClearCore\Debug\libClearCore.a(SysManager.o)
                0x0000809c                ClearCore::MotorDriver::MotorDriver()
                0x0000809c                ClearCore::MotorDriver::MotorDriver()
 .text._ZN9ClearCore10SysManagerC2Ev
                0x000080e0     0x1784 C:\Users\emill\Documents\GitHub\thruster-line\software\libClearCore\Debug\libClearCore.a(SysManager.o)
                0x000080e0                ClearCore::SysManager::SysManager()
                0x000080e0                ClearCore::SysManager::SysManager()
 .text._ZN9ClearCore10SysManager16ConnectorByIndexE13ClearCorePins
                0x00009864       0x1c C:\Users\emill\Documents\GitHub\thruster-line\software\libClearCore\Debug\libClearCore.a(SysManager.o)
                0x00009864                ClearCore::SysManager::ConnectorByIndex(ClearCorePins)
 .text._ZN9ClearCore10SysManager10InitClocksEv
                0x00009880      0x2dc C:\Users\emill\Documents\GitHub\thruster-line\software\libClearCore\Debug\libClearCore.a(SysManager.o)
                0x00009880                ClearCore::SysManager::InitClocks()
 .text._ZN9ClearCore10SysManager10InitializeEv
                0x00009b5c      0x280 C:\Users\emill\Documents\GitHub\thruster-line\software\libClearCore\Debug\libClearCore.a(SysManager.o)
                0x00009b5c                ClearCore::SysManager::Initialize()
 .text._ZN9ClearCore10SysManager10ResetBoardENS0_10ResetModesE
                0x00009ddc       0x38 C:\Users\emill\Documents\GitHub\thruster-line\software\libClearCore\Debug\libClearCore.a(SysManager.o)
                0x00009ddc                ClearCore::SysManager::ResetBoard(ClearCore::SysManager::ResetModes)
 .text.GMAC_Handler
                0x00009e14        0xc C:\Users\emill\Documents\GitHub\thruster-line\software\libClearCore\Debug\libClearCore.a(SysManager.o)
                0x00009e14                GMAC_Handler
 .text.SERCOM0_0_Handler
                0x00009e20        0xc C:\Users\emill\Documents\GitHub\thruster-line\software\libClearCore\Debug\libClearCore.a(SysManager.o)
                0x00009e20                SERCOM0_0_Handler
 .text.SERCOM0_2_Handler
                0x00009e2c        0xc C:\Users\emill\Documents\GitHub\thruster-line\software\libClearCore\Debug\libClearCore.a(SysManager.o)
                0x00009e2c                SERCOM0_2_Handler
 .text.SERCOM0_3_Handler
                0x00009e38        0xc C:\Users\emill\Documents\GitHub\thruster-line\software\libClearCore\Debug\libClearCore.a(SysManager.o)
                0x00009e38                SERCOM0_3_Handler
 .text.SERCOM2_0_Handler
                0x00009e44        0xc C:\Users\emill\Documents\GitHub\thruster-line\software\libClearCore\Debug\libClearCore.a(SysManager.o)
                0x00009e44                SERCOM2_0_Handler
 .text.SERCOM2_2_Handler
                0x00009e50        0xc C:\Users\emill\Documents\GitHub\thruster-line\software\libClearCore\Debug\libClearCore.a(SysManager.o)
                0x00009e50                SERCOM2_2_Handler
 .text.SERCOM2_3_Handler
                0x00009e5c        0xc C:\Users\emill\Documents\GitHub\thruster-line\software\libClearCore\Debug\libClearCore.a(SysManager.o)
                0x00009e5c                SERCOM2_3_Handler
 .text.SERCOM7_0_Handler
                0x00009e68        0xc C:\Users\emill\Documents\GitHub\thruster-line\software\libClearCore\Debug\libClearCore.a(SysManager.o)
                0x00009e68                SERCOM7_0_Handler
 .text.SERCOM7_2_Handler
                0x00009e74        0xc C:\Users\emill\Documents\GitHub\thruster-line\software\libClearCore\Debug\libClearCore.a(SysManager.o)
                0x00009e74                SERCOM7_2_Handler
 .text.SERCOM7_3_Handler
                0x00009e80        0xc C:\Users\emill\Documents\GitHub\thruster-line\software\libClearCore\Debug\libClearCore.a(SysManager.o)
                0x00009e80                SERCOM7_3_Handler
 .text.EIC_0_Handler
                0x00009e8c       0x10 C:\Users\emill\Documents\GitHub\thruster-line\software\libClearCore\Debug\libClearCore.a(SysManager.o)
                0x00009e8c                EIC_0_Handler
 .text.EIC_1_Handler
                0x00009e9c       0x10 C:\Users\emill\Documents\GitHub\thruster-line\software\libClearCore\Debug\libClearCore.a(SysManager.o)
                0x00009e9c                EIC_1_Handler
 .text.EIC_2_Handler
                0x00009eac       0x10 C:\Users\emill\Documents\GitHub\thruster-line\software\libClearCore\Debug\libClearCore.a(SysManager.o)
                0x00009eac                EIC_2_Handler
 .text.EIC_3_Handler
                0x00009ebc       0x10 C:\Users\emill\Documents\GitHub\thruster-line\software\libClearCore\Debug\libClearCore.a(SysManager.o)
                0x00009ebc                EIC_3_Handler
 .text.EIC_4_Handler
                0x00009ecc       0x10 C:\Users\emill\Documents\GitHub\thruster-line\software\libClearCore\Debug\libClearCore.a(SysManager.o)
                0x00009ecc                EIC_4_Handler
 .text.EIC_5_Handler
                0x00009edc       0x10 C:\Users\emill\Documents\GitHub\thruster-line\software\libClearCore\Debug\libClearCore.a(SysManager.o)
                0x00009edc                EIC_5_Handler
 .text.EIC_6_Handler
                0x00009eec       0x10 C:\Users\emill\Documents\GitHub\thruster-line\software\libClearCore\Debug\libClearCore.a(SysManager.o)
                0x00009eec                EIC_6_Handler
 .text.EIC_7_Handler
                0x00009efc       0x10 C:\Users\emill\Documents\GitHub\thruster-line\software\libClearCore\Debug\libClearCore.a(SysManager.o)
                0x00009efc                EIC_7_Handler
 .text.EIC_8_Handler
                0x00009f0c       0x10 C:\Users\emill\Documents\GitHub\thruster-line\software\libClearCore\Debug\libClearCore.a(SysManager.o)
                0x00009f0c                EIC_8_Handler
 .text.EIC_9_Handler
                0x00009f1c       0x10 C:\Users\emill\Documents\GitHub\thruster-line\software\libClearCore\Debug\libClearCore.a(SysManager.o)
                0x00009f1c                EIC_9_Handler
 .text.EIC_10_Handler
                0x00009f2c       0x10 C:\Users\emill\Documents\GitHub\thruster-line\software\libClearCore\Debug\libClearCore.a(SysManager.o)
                0x00009f2c                EIC_10_Handler
 .text.EIC_11_Handler
                0x00009f3c       0x10 C:\Users\emill\Documents\GitHub\thruster-line\software\libClearCore\Debug\libClearCore.a(SysManager.o)
                0x00009f3c                EIC_11_Handler
 .text.EIC_12_Handler
                0x00009f4c        0xc C:\Users\emill\Documents\GitHub\thruster-line\software\libClearCore\Debug\libClearCore.a(SysManager.o)
                0x00009f4c                EIC_12_Handler
 .text.EIC_13_Handler
                0x00009f58       0x10 C:\Users\emill\Documents\GitHub\thruster-line\software\libClearCore\Debug\libClearCore.a(SysManager.o)
                0x00009f58                EIC_13_Handler
 .text.EIC_14_Handler
                0x00009f68       0x10 C:\Users\emill\Documents\GitHub\thruster-line\software\libClearCore\Debug\libClearCore.a(SysManager.o)
                0x00009f68                EIC_14_Handler
 .text.EIC_15_Handler
                0x00009f78       0x10 C:\Users\emill\Documents\GitHub\thruster-line\software\libClearCore\Debug\libClearCore.a(SysManager.o)
                0x00009f78                EIC_15_Handler
 .text.TCC3_0_Handler
                0x00009f88       0x18 C:\Users\emill\Documents\GitHub\thruster-line\software\libClearCore\Debug\libClearCore.a(SysManager.o)
                0x00009f88                TCC3_0_Handler
 .text.TCC4_0_Handler
                0x00009fa0       0x18 C:\Users\emill\Documents\GitHub\thruster-line\software\libClearCore\Debug\libClearCore.a(SysManager.o)
                0x00009fa0                TCC4_0_Handler
 .text.SysTick_Handler
                0x00009fb8       0x54 C:\Users\emill\Documents\GitHub\thruster-line\software\libClearCore\Debug\libClearCore.a(SysManager.o)
                0x00009fb8                SysTick_Handler
 .text.TCC0_0_Handler
                0x0000a00c      0x110 C:\Users\emill\Documents\GitHub\thruster-line\software\libClearCore\Debug\libClearCore.a(SysManager.o)
                0x0000a00c                TCC0_0_Handler
 .text.Reset_Handler
                0x0000a11c       0x68 C:\Users\emill\Documents\GitHub\thruster-line\software\libClearCore\Debug\libClearCore.a(SysManager.o)
                0x0000a11c                Reset_Handler
 .text.startup._GLOBAL__sub_I__ZN9ClearCore11FastSysTickE
                0x0000a184      0x1e8 C:\Users\emill\Documents\GitHub\thruster-line\software\libClearCore\Debug\libClearCore.a(SysManager.o)
 .text._ZN9ClearCore9SysTiming8InstanceEv
                0x0000a36c       0x48 C:\Users\emill\Documents\GitHub\thruster-line\software\libClearCore\Debug\libClearCore.a(SysTiming.o)
                0x0000a36c                ClearCore::SysTiming::Instance()
 .text._ZN9ClearCore9SysTiming8IsrStartEv
                0x0000a3b4        0xc C:\Users\emill\Documents\GitHub\thruster-line\software\libClearCore\Debug\libClearCore.a(SysTiming.o)
                0x0000a3b4                ClearCore::SysTiming::IsrStart()
 .text._ZN9ClearCore9SysTiming6IsrEndEv
                0x0000a3c0       0x20 C:\Users\emill\Documents\GitHub\thruster-line\software\libClearCore\Debug\libClearCore.a(SysTiming.o)
                0x0000a3c0                ClearCore::SysTiming::IsrEnd()
 .text._ZN9ClearCore9SysTiming6UpdateEv
                0x0000a3e0       0x78 C:\Users\emill\Documents\GitHub\thruster-line\software\libClearCore\Debug\libClearCore.a(SysTiming.o)
                0x0000a3e0                ClearCore::SysTiming::Update()
 .text._ZN9ClearCore9SysTiming21SysTickPeriodMicroSecEm
                0x0000a458       0x4c C:\Users\emill\Documents\GitHub\thruster-line\software\libClearCore\Debug\libClearCore.a(SysTiming.o)
                0x0000a458                ClearCore::SysTiming::SysTickPeriodMicroSec(unsigned long)
 .text.Milliseconds
                0x0000a4a4        0xc C:\Users\emill\Documents\GitHub\thruster-line\software\libClearCore\Debug\libClearCore.a(SysTiming.o)
                0x0000a4a4                Milliseconds
 .text.Microseconds
                0x0000a4b0       0x48 C:\Users\emill\Documents\GitHub\thruster-line\software\libClearCore\Debug\libClearCore.a(SysTiming.o)
                0x0000a4b0                Microseconds
 .text.Delay_cycles
                0x0000a4f8       0x3c C:\Users\emill\Documents\GitHub\thruster-line\software\libClearCore\Debug\libClearCore.a(SysTiming.o)
                0x0000a4f8                Delay_cycles
 .text.startup._GLOBAL__sub_I__ZN9ClearCore7tickCntE
                0x0000a534       0x10 C:\Users\emill\Documents\GitHub\thruster-line\software\libClearCore\Debug\libClearCore.a(SysTiming.o)
 .text._Z15ethernetif_initP5netif
                0x0000a544       0x5c C:\Users\emill\Documents\GitHub\thruster-line\software\libClearCore\Debug\libClearCore.a(EthernetManager.o)
                0x0000a544                ethernetif_init(netif*)
 .text._ZL11PacketWriteP6ethIntPhm.isra.0
                0x0000a5a0      0x118 C:\Users\emill\Documents\GitHub\thruster-line\software\libClearCore\Debug\libClearCore.a(EthernetManager.o)
 .text._ZL16low_level_outputP5netifP4pbuf
                0x0000a6b8       0x6c C:\Users\emill\Documents\GitHub\thruster-line\software\libClearCore\Debug\libClearCore.a(EthernetManager.o)
 .text._Z10PacketReadP6ethIntPhm
                0x0000a724       0xfc C:\Users\emill\Documents\GitHub\thruster-line\software\libClearCore\Debug\libClearCore.a(EthernetManager.o)
                0x0000a724                PacketRead(ethInt*, unsigned char*, unsigned long)
 .text._ZN9ClearCore15EthernetManager8InstanceEv
                0x0000a820       0xe8 C:\Users\emill\Documents\GitHub\thruster-line\software\libClearCore\Debug\libClearCore.a(EthernetManager.o)
                0x0000a820                ClearCore::EthernetManager::Instance()
 .text._ZN9ClearCore15EthernetManager13PhyInitializeEv
                0x0000a908      0x110 C:\Users\emill\Documents\GitHub\thruster-line\software\libClearCore\Debug\libClearCore.a(EthernetManager.o)
                0x0000a908                ClearCore::EthernetManager::PhyInitialize()
 .text._ZN9ClearCore15EthernetManager10InitializeEv
                0x0000aa18      0x578 C:\Users\emill\Documents\GitHub\thruster-line\software\libClearCore\Debug\libClearCore.a(EthernetManager.o)
                0x0000aa18                ClearCore::EthernetManager::Initialize()
 .text._ZN9ClearCore15EthernetManager13IrqHandlerPhyEv
                0x0000af90      0x378 C:\Users\emill\Documents\GitHub\thruster-line\software\libClearCore\Debug\libClearCore.a(EthernetManager.o)
                0x0000af90                ClearCore::EthernetManager::IrqHandlerPhy()
 .text._ZN9ClearCore15EthernetManager14IrqHandlerGmacEv
                0x0000b308       0x34 C:\Users\emill\Documents\GitHub\thruster-line\software\libClearCore\Debug\libClearCore.a(EthernetManager.o)
                0x0000b308                ClearCore::EthernetManager::IrqHandlerGmac()
 .text._ZN9ClearCore15EthernetManager7LocalIpEv
                0x0000b33c        0x8 C:\Users\emill\Documents\GitHub\thruster-line\software\libClearCore\Debug\libClearCore.a(EthernetManager.o)
                0x0000b33c                ClearCore::EthernetManager::LocalIp()
 .text._ZN9ClearCore15EthernetManager5SetupEv
                0x0000b344       0x88 C:\Users\emill\Documents\GitHub\thruster-line\software\libClearCore\Debug\libClearCore.a(EthernetManager.o)
                0x0000b344                ClearCore::EthernetManager::Setup()
 .text._ZN9ClearCore15EthernetManager7RefreshEv
                0x0000b3cc       0xbc C:\Users\emill\Documents\GitHub\thruster-line\software\libClearCore\Debug\libClearCore.a(EthernetManager.o)
                0x0000b3cc                ClearCore::EthernetManager::Refresh()
 .text._ZN9ClearCore15EthernetManager9DhcpBeginEv
                0x0000b488       0x8c C:\Users\emill\Documents\GitHub\thruster-line\software\libClearCore\Debug\libClearCore.a(EthernetManager.o)
                0x0000b488                ClearCore::EthernetManager::DhcpBegin()
 .text.startup._GLOBAL__sub_I__Z12PacketLengthP6ethInt
                0x0000b514       0x10 C:\Users\emill\Documents\GitHub\thruster-line\software\libClearCore\Debug\libClearCore.a(EthernetManager.o)
 .text._ZN9ClearCore13ShiftRegisterC2Ev
                0x0000b524      0x124 C:\Users\emill\Documents\GitHub\thruster-line\software\libClearCore\Debug\libClearCore.a(ShiftRegister.o)
                0x0000b524                ClearCore::ShiftRegister::ShiftRegister()
                0x0000b524                ClearCore::ShiftRegister::ShiftRegister()
 .text._ZN9ClearCore13ShiftRegister10InitializeEv
                0x0000b648      0x1a4 C:\Users\emill\Documents\GitHub\thruster-line\software\libClearCore\Debug\libClearCore.a(ShiftRegister.o)
                0x0000b648                ClearCore::ShiftRegister::Initialize()
 .text._ZN9ClearCore13ShiftRegister6UpdateEv
                0x0000b7ec      0x414 C:\Users\emill\Documents\GitHub\thruster-line\software\libClearCore\Debug\libClearCore.a(ShiftRegister.o)
                0x0000b7ec                ClearCore::ShiftRegister::Update()
 .text._ZN9ClearCore13ShiftRegister18DiagnosticLedSweepEv
                0x0000bc00      0x148 C:\Users\emill\Documents\GitHub\thruster-line\software\libClearCore\Debug\libClearCore.a(ShiftRegister.o)
                0x0000bc00                ClearCore::ShiftRegister::DiagnosticLedSweep()
 .text._ZN9ClearCore12MotorManager8InstanceEv
                0x0000bd48       0x44 C:\Users\emill\Documents\GitHub\thruster-line\software\libClearCore\Debug\libClearCore.a(MotorManager.o)
                0x0000bd48                ClearCore::MotorManager::Instance()
 .text._ZN9ClearCore12MotorManager18MotorInputClockingENS0_15MotorClockRatesE
                0x0000bd8c      0x120 C:\Users\emill\Documents\GitHub\thruster-line\software\libClearCore\Debug\libClearCore.a(MotorManager.o)
                0x0000bd8c                ClearCore::MotorManager::MotorInputClocking(ClearCore::MotorManager::MotorClockRates)
 .text._ZN9ClearCore12MotorManager12MotorModeSetENS0_9MotorPairENS_9Connector14ConnectorModesE
                0x0000beac       0xec C:\Users\emill\Documents\GitHub\thruster-line\software\libClearCore\Debug\libClearCore.a(MotorManager.o)
                0x0000beac                ClearCore::MotorManager::MotorModeSet(ClearCore::MotorManager::MotorPair, ClearCore::Connector::ConnectorModes)
 .text._ZN9ClearCore12MotorManager10InitializeEv
                0x0000bf98      0x10c C:\Users\emill\Documents\GitHub\thruster-line\software\libClearCore\Debug\libClearCore.a(MotorManager.o)
                0x0000bf98                ClearCore::MotorManager::Initialize()
 .text.startup._GLOBAL__sub_I__ZN9ClearCore8MotorMgrE
                0x0000c0a4       0x10 C:\Users\emill\Documents\GitHub\thruster-line\software\libClearCore\Debug\libClearCore.a(MotorManager.o)
 .text._ZN9ClearCore13StepGenerator4MoveElNS0_10MoveTargetE
                0x0000c0b4       0x74 C:\Users\emill\Documents\GitHub\thruster-line\software\libClearCore\Debug\libClearCore.a(StepGenerator.o)
                0x0000c0b4                ClearCore::StepGenerator::Move(long, ClearCore::StepGenerator::MoveTarget)
 .text._ZN9ClearCore13StepGenerator12MoveVelocityEl
                0x0000c128       0x94 C:\Users\emill\Documents\GitHub\thruster-line\software\libClearCore\Debug\libClearCore.a(StepGenerator.o)
                0x0000c128                ClearCore::StepGenerator::MoveVelocity(long)
 .text._ZN9ClearCore13StepGenerator15StepsCalculatedEv
                0x0000c1bc      0x4ec C:\Users\emill\Documents\GitHub\thruster-line\software\libClearCore\Debug\libClearCore.a(StepGenerator.o)
                0x0000c1bc                ClearCore::StepGenerator::StepsCalculated()
 .text._ZN9ClearCore13StepGeneratorC2Ev
                0x0000c6a8       0x64 C:\Users\emill\Documents\GitHub\thruster-line\software\libClearCore\Debug\libClearCore.a(StepGenerator.o)
                0x0000c6a8                ClearCore::StepGenerator::StepGenerator()
                0x0000c6a8                ClearCore::StepGenerator::StepGenerator()
 .text._ZN9ClearCore13StepGenerator14MoveStopAbruptEv
                0x0000c70c       0x34 C:\Users\emill\Documents\GitHub\thruster-line\software\libClearCore\Debug\libClearCore.a(StepGenerator.o)
                0x0000c70c                ClearCore::StepGenerator::MoveStopAbrupt()
 .text._ZN9ClearCore13StepGenerator13MoveStopDecelEm
                0x0000c740       0x58 C:\Users\emill\Documents\GitHub\thruster-line\software\libClearCore\Debug\libClearCore.a(StepGenerator.o)
                0x0000c740                ClearCore::StepGenerator::MoveStopDecel(unsigned long)
 .text._ZN9ClearCore13StepGenerator6VelMaxEm
                0x0000c798       0x4c C:\Users\emill\Documents\GitHub\thruster-line\software\libClearCore\Debug\libClearCore.a(StepGenerator.o)
                0x0000c798                ClearCore::StepGenerator::VelMax(unsigned long)
 *fill*         0x0000c7e4        0x4 
 .text._ZN9ClearCore13StepGenerator8AccelMaxEm
                0x0000c7e8       0x30 C:\Users\emill\Documents\GitHub\thruster-line\software\libClearCore\Debug\libClearCore.a(StepGenerator.o)
                0x0000c7e8                ClearCore::StepGenerator::AccelMax(unsigned long)
 .text._ZN9ClearCore13StepGenerator20StepsPerSampleMaxSetEm
                0x0000c818       0x68 C:\Users\emill\Documents\GitHub\thruster-line\software\libClearCore\Debug\libClearCore.a(StepGenerator.o)
                0x0000c818                ClearCore::StepGenerator::StepsPerSampleMaxSet(unsigned long)
 .text._ZN9ClearCore13StepGenerator17CheckTravelLimitsEv
                0x0000c880       0x80 C:\Users\emill\Documents\GitHub\thruster-line\software\libClearCore\Debug\libClearCore.a(StepGenerator.o)
                0x0000c880                ClearCore::StepGenerator::CheckTravelLimits()
 .text.SystemInit
                0x0000c900      0x2b0 C:\Users\emill\Documents\GitHub\thruster-line\software\libClearCore\Debug\libClearCore.a(system_same53.o)
                0x0000c900                SystemInit
 .text.GClkFreqUpdate
                0x0000cbb0       0x44 C:\Users\emill\Documents\GitHub\thruster-line\software\libClearCore\Debug\libClearCore.a(system_same53.o)
                0x0000cbb0                GClkFreqUpdate
 .text._ZN9ClearCore12EncoderInputC2Ev
                0x0000cbf4       0x54 C:\Users\emill\Documents\GitHub\thruster-line\software\libClearCore\Debug\libClearCore.a(EncoderInput.o)
                0x0000cbf4                ClearCore::EncoderInput::EncoderInput()
                0x0000cbf4                ClearCore::EncoderInput::EncoderInput()
 .text._ZN9ClearCore12EncoderInput10InitializeEv
                0x0000cc48       0x5c C:\Users\emill\Documents\GitHub\thruster-line\software\libClearCore\Debug\libClearCore.a(EncoderInput.o)
                0x0000cc48                ClearCore::EncoderInput::Initialize()
 .text._ZN9ClearCore12EncoderInput6UpdateEv
                0x0000cca4       0xbc C:\Users\emill\Documents\GitHub\thruster-line\software\libClearCore\Debug\libClearCore.a(EncoderInput.o)
                0x0000cca4                ClearCore::EncoderInput::Update()
 .text.cdcdf_acm_req
                0x0000cd60       0xe0 C:\Users\emill\Documents\GitHub\thruster-line\software\libClearCore\Debug\libClearCore.a(cdcdf_acm.o)
 .text.cdcdf_acm_ctrl
                0x0000ce40      0x130 C:\Users\emill\Documents\GitHub\thruster-line\software\libClearCore\Debug\libClearCore.a(cdcdf_acm.o)
 .text.cdcdf_acm_init
                0x0000cf70       0x3c C:\Users\emill\Documents\GitHub\thruster-line\software\libClearCore\Debug\libClearCore.a(cdcdf_acm.o)
                0x0000cf70                cdcdf_acm_init
 .text.cdcdf_acm_read
                0x0000cfac       0x28 C:\Users\emill\Documents\GitHub\thruster-line\software\libClearCore\Debug\libClearCore.a(cdcdf_acm.o)
                0x0000cfac                cdcdf_acm_read
 .text.cdcdf_acm_write
                0x0000cfd4       0x28 C:\Users\emill\Documents\GitHub\thruster-line\software\libClearCore\Debug\libClearCore.a(cdcdf_acm.o)
                0x0000cfd4                cdcdf_acm_write
 .text.cdcdf_acm_stop_xfer
                0x0000cffc       0x18 C:\Users\emill\Documents\GitHub\thruster-line\software\libClearCore\Debug\libClearCore.a(cdcdf_acm.o)
                0x0000cffc                cdcdf_acm_stop_xfer
 .text.cdcdf_acm_register_callback
                0x0000d014       0x50 C:\Users\emill\Documents\GitHub\thruster-line\software\libClearCore\Debug\libClearCore.a(cdcdf_acm.o)
                0x0000d014                cdcdf_acm_register_callback
 .text.cdcdf_acm_is_enabled
                0x0000d064        0xc C:\Users\emill\Documents\GitHub\thruster-line\software\libClearCore\Debug\libClearCore.a(cdcdf_acm.o)
                0x0000d064                cdcdf_acm_is_enabled
 .text.cdcdf_acm_get_line_coding
                0x0000d070        0x8 C:\Users\emill\Documents\GitHub\thruster-line\software\libClearCore\Debug\libClearCore.a(cdcdf_acm.o)
                0x0000d070                cdcdf_acm_get_line_coding
 .text.usbd_sof_cb
                0x0000d078       0x1c C:\Users\emill\Documents\GitHub\thruster-line\software\libClearCore\Debug\libClearCore.a(usbdc.o)
 .text.usbdc_cb_ctl_done
                0x0000d094       0x9c C:\Users\emill\Documents\GitHub\thruster-line\software\libClearCore\Debug\libClearCore.a(usbdc.o)
 .text.usbdc_cb_ctl_req
                0x0000d130      0x408 C:\Users\emill\Documents\GitHub\thruster-line\software\libClearCore\Debug\libClearCore.a(usbdc.o)
 .text.usbd_event_cb
                0x0000d538       0x7c C:\Users\emill\Documents\GitHub\thruster-line\software\libClearCore\Debug\libClearCore.a(usbdc.o)
 .text.usbdc_xfer
                0x0000d5b4       0x1c C:\Users\emill\Documents\GitHub\thruster-line\software\libClearCore\Debug\libClearCore.a(usbdc.o)
                0x0000d5b4                usbdc_xfer
 .text.usbdc_register_handler
                0x0000d5d0       0x2c C:\Users\emill\Documents\GitHub\thruster-line\software\libClearCore\Debug\libClearCore.a(usbdc.o)
                0x0000d5d0                usbdc_register_handler
 .text.usbdc_init
                0x0000d5fc       0x50 C:\Users\emill\Documents\GitHub\thruster-line\software\libClearCore\Debug\libClearCore.a(usbdc.o)
                0x0000d5fc                usbdc_init
 .text.usbdc_register_function
                0x0000d64c        0xc C:\Users\emill\Documents\GitHub\thruster-line\software\libClearCore\Debug\libClearCore.a(usbdc.o)
                0x0000d64c                usbdc_register_function
 .text.usbdc_start
                0x0000d658       0x30 C:\Users\emill\Documents\GitHub\thruster-line\software\libClearCore\Debug\libClearCore.a(usbdc.o)
                0x0000d658                usbdc_start
 .text.usbdc_attach
                0x0000d688        0x4 C:\Users\emill\Documents\GitHub\thruster-line\software\libClearCore\Debug\libClearCore.a(usbdc.o)
                0x0000d688                usbdc_attach
 .text.usbdc_get_ctrl_buffer
                0x0000d68c        0xc C:\Users\emill\Documents\GitHub\thruster-line\software\libClearCore\Debug\libClearCore.a(usbdc.o)
                0x0000d68c                usbdc_get_ctrl_buffer
 .text.usbdc_get_state
                0x0000d698       0x14 C:\Users\emill\Documents\GitHub\thruster-line\software\libClearCore\Debug\libClearCore.a(usbdc.o)
                0x0000d698                usbdc_get_state
 .text.usb_find_desc
                0x0000d6ac       0x34 C:\Users\emill\Documents\GitHub\thruster-line\software\libClearCore\Debug\libClearCore.a(usb_protocol.o)
                0x0000d6ac                usb_find_desc
 .text.usb_find_ep_desc
                0x0000d6e0       0x34 C:\Users\emill\Documents\GitHub\thruster-line\software\libClearCore\Debug\libClearCore.a(usb_protocol.o)
                0x0000d6e0                usb_find_ep_desc
 .text.usb_find_cfg_desc
                0x0000d714       0x58 C:\Users\emill\Documents\GitHub\thruster-line\software\libClearCore\Debug\libClearCore.a(usb_protocol.o)
                0x0000d714                usb_find_cfg_desc
 .text.usb_find_str_desc
                0x0000d76c       0x38 C:\Users\emill\Documents\GitHub\thruster-line\software\libClearCore\Debug\libClearCore.a(usb_protocol.o)
                0x0000d76c                usb_find_str_desc
 .text.usb_d_dummy_cb_false
                0x0000d7a4        0x4 C:\Users\emill\Documents\GitHub\thruster-line\software\libClearCore\Debug\libClearCore.a(hal_usb_device.o)
 .text.usb_d_cb_trans_more
                0x0000d7a8       0x44 C:\Users\emill\Documents\GitHub\thruster-line\software\libClearCore\Debug\libClearCore.a(hal_usb_device.o)
 .text._usb_d_cb_trans_done
                0x0000d7ec      0x13c C:\Users\emill\Documents\GitHub\thruster-line\software\libClearCore\Debug\libClearCore.a(hal_usb_device.o)
 .text.usb_d_cb_trans_setup
                0x0000d928       0xa4 C:\Users\emill\Documents\GitHub\thruster-line\software\libClearCore\Debug\libClearCore.a(hal_usb_device.o)
 .text.usb_d_init
                0x0000d9cc      0x104 C:\Users\emill\Documents\GitHub\thruster-line\software\libClearCore\Debug\libClearCore.a(hal_usb_device.o)
                0x0000d9cc                usb_d_init
 .text.usb_d_register_callback
                0x0000dad0        0x4 C:\Users\emill\Documents\GitHub\thruster-line\software\libClearCore\Debug\libClearCore.a(hal_usb_device.o)
                0x0000dad0                usb_d_register_callback
 .text.usb_d_enable
                0x0000dad4        0x4 C:\Users\emill\Documents\GitHub\thruster-line\software\libClearCore\Debug\libClearCore.a(hal_usb_device.o)
                0x0000dad4                usb_d_enable
 .text.usb_d_attach
                0x0000dad8        0x4 C:\Users\emill\Documents\GitHub\thruster-line\software\libClearCore\Debug\libClearCore.a(hal_usb_device.o)
                0x0000dad8                usb_d_attach
 .text.usb_d_set_address
                0x0000dadc        0x4 C:\Users\emill\Documents\GitHub\thruster-line\software\libClearCore\Debug\libClearCore.a(hal_usb_device.o)
                0x0000dadc                usb_d_set_address
 .text.usb_d_ep0_init
                0x0000dae0       0x9c C:\Users\emill\Documents\GitHub\thruster-line\software\libClearCore\Debug\libClearCore.a(hal_usb_device.o)
                0x0000dae0                usb_d_ep0_init
 .text.usb_d_ep_init
                0x0000db7c       0x6c C:\Users\emill\Documents\GitHub\thruster-line\software\libClearCore\Debug\libClearCore.a(hal_usb_device.o)
                0x0000db7c                usb_d_ep_init
 .text.usb_d_ep_deinit
                0x0000dbe8       0x38 C:\Users\emill\Documents\GitHub\thruster-line\software\libClearCore\Debug\libClearCore.a(hal_usb_device.o)
                0x0000dbe8                usb_d_ep_deinit
 .text.usb_d_ep_enable
                0x0000dc20       0x54 C:\Users\emill\Documents\GitHub\thruster-line\software\libClearCore\Debug\libClearCore.a(hal_usb_device.o)
                0x0000dc20                usb_d_ep_enable
 .text.usb_d_ep_transfer
                0x0000dc74      0x128 C:\Users\emill\Documents\GitHub\thruster-line\software\libClearCore\Debug\libClearCore.a(hal_usb_device.o)
                0x0000dc74                usb_d_ep_transfer
 .text.usb_d_ep_abort
                0x0000dd9c       0x3c C:\Users\emill\Documents\GitHub\thruster-line\software\libClearCore\Debug\libClearCore.a(hal_usb_device.o)
                0x0000dd9c                usb_d_ep_abort
 .text.usb_d_ep_halt
                0x0000ddd8       0x70 C:\Users\emill\Documents\GitHub\thruster-line\software\libClearCore\Debug\libClearCore.a(hal_usb_device.o)
                0x0000ddd8                usb_d_ep_halt
 .text.usb_d_ep_register_callback
                0x0000de48       0x5c C:\Users\emill\Documents\GitHub\thruster-line\software\libClearCore\Debug\libClearCore.a(hal_usb_device.o)
                0x0000de48                usb_d_ep_register_callback
 .text.assert   0x0000dea4        0x8 C:\Users\emill\Documents\GitHub\thruster-line\software\libClearCore\Debug\libClearCore.a(utils_assert.o)
                0x0000dea4                assert
 .text.list_insert_at_end
                0x0000deac       0x48 C:\Users\emill\Documents\GitHub\thruster-line\software\libClearCore\Debug\libClearCore.a(utils_list.o)
                0x0000deac                list_insert_at_end
 .text._ZN9ClearCore10AdcManager8InstanceEv
                0x0000def4       0x88 C:\Users\emill\Documents\GitHub\thruster-line\software\libClearCore\Debug\libClearCore.a(AdcManager.o)
                0x0000def4                ClearCore::AdcManager::Instance()
 .text._ZN9ClearCore10AdcManager10InitializeEv
                0x0000df7c      0x374 C:\Users\emill\Documents\GitHub\thruster-line\software\libClearCore\Debug\libClearCore.a(AdcManager.o)
                0x0000df7c                ClearCore::AdcManager::Initialize()
 .text._ZN9ClearCore10AdcManager6UpdateEv
                0x0000e2f0      0x244 C:\Users\emill\Documents\GitHub\thruster-line\software\libClearCore\Debug\libClearCore.a(AdcManager.o)
                0x0000e2f0                ClearCore::AdcManager::Update()
 .text._ZN9ClearCore10AdcManager8FilterTcENS0_11AdcChannelsEtNS0_11FilterUnitsE
                0x0000e534       0x9c C:\Users\emill\Documents\GitHub\thruster-line\software\libClearCore\Debug\libClearCore.a(AdcManager.o)
                0x0000e534                ClearCore::AdcManager::FilterTc(ClearCore::AdcManager::AdcChannels, unsigned short, ClearCore::AdcManager::FilterUnits)
 .text.startup._GLOBAL__sub_I__ZN9ClearCore6AdcMgrE
                0x0000e5d0       0x4c C:\Users\emill\Documents\GitHub\thruster-line\software\libClearCore\Debug\libClearCore.a(AdcManager.o)
 .text._ZN9ClearCore12DigitalInOut11IsInHwFaultEv
                0x0000e61c        0x8 C:\Users\emill\Documents\GitHub\thruster-line\software\libClearCore\Debug\libClearCore.a(DigitalInOutAnalogOut.o)
                0x0000e61c                ClearCore::DigitalInOut::IsInHwFault()
 .text._ZN9ClearCore21DigitalInOutAnalogOut4ModeEv
                0x0000e624        0x4 C:\Users\emill\Documents\GitHub\thruster-line\software\libClearCore\Debug\libClearCore.a(DigitalInOutAnalogOut.o)
                0x0000e624                ClearCore::DigitalInOutAnalogOut::Mode()
 .text._ZN9ClearCore21DigitalInOutAnalogOut4TypeEv
                0x0000e628        0x4 C:\Users\emill\Documents\GitHub\thruster-line\software\libClearCore\Debug\libClearCore.a(DigitalInOutAnalogOut.o)
                0x0000e628                ClearCore::DigitalInOutAnalogOut::Type()
 .text._ZN9ClearCore21DigitalInOutAnalogOut10IsWritableEv
                0x0000e62c       0x14 C:\Users\emill\Documents\GitHub\thruster-line\software\libClearCore\Debug\libClearCore.a(DigitalInOutAnalogOut.o)
                0x0000e62c                ClearCore::DigitalInOutAnalogOut::IsWritable()
 .text._ZN9ClearCore21DigitalInOutAnalogOutC2ENS_13ShiftRegister5MasksEPK15PeripheralRouteS5_S5_b
                0x0000e640       0x34 C:\Users\emill\Documents\GitHub\thruster-line\software\libClearCore\Debug\libClearCore.a(DigitalInOutAnalogOut.o)
                0x0000e640                ClearCore::DigitalInOutAnalogOut::DigitalInOutAnalogOut(ClearCore::ShiftRegister::Masks, PeripheralRoute const*, PeripheralRoute const*, PeripheralRoute const*, bool)
                0x0000e640                ClearCore::DigitalInOutAnalogOut::DigitalInOutAnalogOut(ClearCore::ShiftRegister::Masks, PeripheralRoute const*, PeripheralRoute const*, PeripheralRoute const*, bool)
 .text._ZN9ClearCore21DigitalInOutAnalogOut13DacInitializeEv
                0x0000e674      0x100 C:\Users\emill\Documents\GitHub\thruster-line\software\libClearCore\Debug\libClearCore.a(DigitalInOutAnalogOut.o)
                0x0000e674                ClearCore::DigitalInOutAnalogOut::DacInitialize()
 .text._ZN9ClearCore21DigitalInOutAnalogOut9DacEnableEv
                0x0000e774       0xc8 C:\Users\emill\Documents\GitHub\thruster-line\software\libClearCore\Debug\libClearCore.a(DigitalInOutAnalogOut.o)
                0x0000e774                ClearCore::DigitalInOutAnalogOut::DacEnable()
 .text._ZN9ClearCore21DigitalInOutAnalogOut7RefreshEv
                0x0000e83c       0x18 C:\Users\emill\Documents\GitHub\thruster-line\software\libClearCore\Debug\libClearCore.a(DigitalInOutAnalogOut.o)
                0x0000e83c                ClearCore::DigitalInOutAnalogOut::Refresh()
 .text._ZN9ClearCore21DigitalInOutAnalogOut4ModeENS_9Connector14ConnectorModesE
                0x0000e854       0xf8 C:\Users\emill\Documents\GitHub\thruster-line\software\libClearCore\Debug\libClearCore.a(DigitalInOutAnalogOut.o)
                0x0000e854                ClearCore::DigitalInOutAnalogOut::Mode(ClearCore::Connector::ConnectorModes)
 .text._ZN9ClearCore21DigitalInOutAnalogOut5StateEv
                0x0000e94c       0x1c C:\Users\emill\Documents\GitHub\thruster-line\software\libClearCore\Debug\libClearCore.a(DigitalInOutAnalogOut.o)
                0x0000e94c                ClearCore::DigitalInOutAnalogOut::State()
 .text._ZN9ClearCore21DigitalInOutAnalogOut5StateEs
                0x0000e968       0x9c C:\Users\emill\Documents\GitHub\thruster-line\software\libClearCore\Debug\libClearCore.a(DigitalInOutAnalogOut.o)
                0x0000e968                ClearCore::DigitalInOutAnalogOut::State(short)
 .text._ZN9ClearCore21DigitalInOutAnalogOut10InitializeE13ClearCorePins
                0x0000ea04       0xa0 C:\Users\emill\Documents\GitHub\thruster-line\software\libClearCore\Debug\libClearCore.a(DigitalInOutAnalogOut.o)
                0x0000ea04                ClearCore::DigitalInOutAnalogOut::Initialize(ClearCorePins)
 .text._ZN9ClearCore9DigitalIn11IsInHwFaultEv
                0x0000eaa4        0x4 C:\Users\emill\Documents\GitHub\thruster-line\software\libClearCore\Debug\libClearCore.a(DigitalInAnalogIn.o)
                0x0000eaa4                ClearCore::DigitalIn::IsInHwFault()
 .text._ZN9ClearCore17DigitalInAnalogIn4ModeEv
                0x0000eaa8        0x4 C:\Users\emill\Documents\GitHub\thruster-line\software\libClearCore\Debug\libClearCore.a(DigitalInAnalogIn.o)
                0x0000eaa8                ClearCore::DigitalInAnalogIn::Mode()
 .text._ZN9ClearCore17DigitalInAnalogIn4TypeEv
                0x0000eaac        0x4 C:\Users\emill\Documents\GitHub\thruster-line\software\libClearCore\Debug\libClearCore.a(DigitalInAnalogIn.o)
                0x0000eaac                ClearCore::DigitalInAnalogIn::Type()
 .text._ZN9ClearCore17DigitalInAnalogIn10IsWritableEv
                0x0000eab0        0x4 C:\Users\emill\Documents\GitHub\thruster-line\software\libClearCore\Debug\libClearCore.a(DigitalInAnalogIn.o)
                0x0000eab0                ClearCore::DigitalInAnalogIn::IsWritable()
 .text._ZN9ClearCore17DigitalInAnalogIn5StateEs
                0x0000eab4        0x4 C:\Users\emill\Documents\GitHub\thruster-line\software\libClearCore\Debug\libClearCore.a(DigitalInAnalogIn.o)
                0x0000eab4                ClearCore::DigitalInAnalogIn::State(short)
 .text._ZN9ClearCore17DigitalInAnalogIn4ModeENS_9Connector14ConnectorModesE
                0x0000eab8       0xfc C:\Users\emill\Documents\GitHub\thruster-line\software\libClearCore\Debug\libClearCore.a(DigitalInAnalogIn.o)
                0x0000eab8                ClearCore::DigitalInAnalogIn::Mode(ClearCore::Connector::ConnectorModes)
 .text._ZN9ClearCore17DigitalInAnalogInC2ENS_13ShiftRegister5MasksES2_PK15PeripheralRouteNS_10AdcManager11AdcChannelsE
                0x0000ebb4       0x2c C:\Users\emill\Documents\GitHub\thruster-line\software\libClearCore\Debug\libClearCore.a(DigitalInAnalogIn.o)
                0x0000ebb4                ClearCore::DigitalInAnalogIn::DigitalInAnalogIn(ClearCore::ShiftRegister::Masks, ClearCore::ShiftRegister::Masks, PeripheralRoute const*, ClearCore::AdcManager::AdcChannels)
                0x0000ebb4                ClearCore::DigitalInAnalogIn::DigitalInAnalogIn(ClearCore::ShiftRegister::Masks, ClearCore::ShiftRegister::Masks, PeripheralRoute const*, ClearCore::AdcManager::AdcChannels)
 .text._ZN9ClearCore17DigitalInAnalogIn7RefreshEv
                0x0000ebe0       0x78 C:\Users\emill\Documents\GitHub\thruster-line\software\libClearCore\Debug\libClearCore.a(DigitalInAnalogIn.o)
                0x0000ebe0                ClearCore::DigitalInAnalogIn::Refresh()
 .text._ZN9ClearCore17DigitalInAnalogIn10InitializeE13ClearCorePins
                0x0000ec58       0xb4 C:\Users\emill\Documents\GitHub\thruster-line\software\libClearCore\Debug\libClearCore.a(DigitalInAnalogIn.o)
                0x0000ec58                ClearCore::DigitalInAnalogIn::Initialize(ClearCorePins)
 .text._ZN9ClearCore17DigitalInAnalogIn5StateEv
                0x0000ed0c       0x48 C:\Users\emill\Documents\GitHub\thruster-line\software\libClearCore\Debug\libClearCore.a(DigitalInAnalogIn.o)
                0x0000ed0c                ClearCore::DigitalInAnalogIn::State()
 .text._ZN9ClearCore12DigitalInOut4ModeEv
                0x0000ed54        0x4 C:\Users\emill\Documents\GitHub\thruster-line\software\libClearCore\Debug\libClearCore.a(DigitalInOut.o)
                0x0000ed54                ClearCore::DigitalInOut::Mode()
 .text._ZN9ClearCore12DigitalInOut4TypeEv
                0x0000ed58        0x4 C:\Users\emill\Documents\GitHub\thruster-line\software\libClearCore\Debug\libClearCore.a(DigitalInOut.o)
                0x0000ed58                ClearCore::DigitalInOut::Type()
 .text._ZN9ClearCore12DigitalInOut10IsWritableEv
                0x0000ed5c       0x14 C:\Users\emill\Documents\GitHub\thruster-line\software\libClearCore\Debug\libClearCore.a(DigitalInOut.o)
                0x0000ed5c                ClearCore::DigitalInOut::IsWritable()
 .text._ZN9ClearCore12DigitalInOut5StateEs
                0x0000ed70       0xb8 C:\Users\emill\Documents\GitHub\thruster-line\software\libClearCore\Debug\libClearCore.a(DigitalInOut.o)
                0x0000ed70                ClearCore::DigitalInOut::State(short)
 .text._ZN9ClearCore12DigitalInOut4ModeENS_9Connector14ConnectorModesE
                0x0000ee28      0x224 C:\Users\emill\Documents\GitHub\thruster-line\software\libClearCore\Debug\libClearCore.a(DigitalInOut.o)
                0x0000ee28                ClearCore::DigitalInOut::Mode(ClearCore::Connector::ConnectorModes)
 .text._ZN9ClearCore12DigitalInOutC2ENS_13ShiftRegister5MasksEPK15PeripheralRouteS5_b
                0x0000f04c       0x6c C:\Users\emill\Documents\GitHub\thruster-line\software\libClearCore\Debug\libClearCore.a(DigitalInOut.o)
                0x0000f04c                ClearCore::DigitalInOut::DigitalInOut(ClearCore::ShiftRegister::Masks, PeripheralRoute const*, PeripheralRoute const*, bool)
                0x0000f04c                ClearCore::DigitalInOut::DigitalInOut(ClearCore::ShiftRegister::Masks, PeripheralRoute const*, PeripheralRoute const*, bool)
 .text._ZN9ClearCore12DigitalInOut7RefreshEv
                0x0000f0b8      0x20c C:\Users\emill\Documents\GitHub\thruster-line\software\libClearCore\Debug\libClearCore.a(DigitalInOut.o)
                0x0000f0b8                ClearCore::DigitalInOut::Refresh()
 .text._ZN9ClearCore12DigitalInOut5StateEv
                0x0000f2c4       0x40 C:\Users\emill\Documents\GitHub\thruster-line\software\libClearCore\Debug\libClearCore.a(DigitalInOut.o)
                0x0000f2c4                ClearCore::DigitalInOut::State()
 .text._ZN9ClearCore12DigitalInOut10InitializeE13ClearCorePins
                0x0000f304       0x74 C:\Users\emill\Documents\GitHub\thruster-line\software\libClearCore\Debug\libClearCore.a(DigitalInOut.o)
                0x0000f304                ClearCore::DigitalInOut::Initialize(ClearCorePins)
 .text._ZN9ClearCore9Connector4ModeEv
                0x0000f378        0x4 C:\Users\emill\Documents\GitHub\thruster-line\software\libClearCore\Debug\libClearCore.a(DigitalIn.o)
                0x0000f378                ClearCore::Connector::Mode()
 .text._ZN9ClearCore9DigitalIn4ModeEv
                0x0000f37c        0x4 C:\Users\emill\Documents\GitHub\thruster-line\software\libClearCore\Debug\libClearCore.a(DigitalIn.o)
                0x0000f37c                ClearCore::DigitalIn::Mode()
 .text._ZN9ClearCore9DigitalIn4ModeENS_9Connector14ConnectorModesE
                0x0000f380        0xc C:\Users\emill\Documents\GitHub\thruster-line\software\libClearCore\Debug\libClearCore.a(DigitalIn.o)
                0x0000f380                ClearCore::DigitalIn::Mode(ClearCore::Connector::ConnectorModes)
 .text._ZN9ClearCore9DigitalIn4TypeEv
                0x0000f38c        0x4 C:\Users\emill\Documents\GitHub\thruster-line\software\libClearCore\Debug\libClearCore.a(DigitalIn.o)
                0x0000f38c                ClearCore::DigitalIn::Type()
 .text._ZN9ClearCore9DigitalIn10IsWritableEv
                0x0000f390        0x4 C:\Users\emill\Documents\GitHub\thruster-line\software\libClearCore\Debug\libClearCore.a(DigitalIn.o)
                0x0000f390                ClearCore::DigitalIn::IsWritable()
 .text._ZN9ClearCore9DigitalIn5StateEv
                0x0000f394       0x28 C:\Users\emill\Documents\GitHub\thruster-line\software\libClearCore\Debug\libClearCore.a(DigitalIn.o)
                0x0000f394                ClearCore::DigitalIn::State()
 .text._ZN9ClearCore9DigitalIn10InitializeE13ClearCorePins
                0x0000f3bc       0xcc C:\Users\emill\Documents\GitHub\thruster-line\software\libClearCore\Debug\libClearCore.a(DigitalIn.o)
                0x0000f3bc                ClearCore::DigitalIn::Initialize(ClearCorePins)
 .text._ZN9ClearCore9DigitalIn7RefreshEv
                0x0000f488      0x14c C:\Users\emill\Documents\GitHub\thruster-line\software\libClearCore\Debug\libClearCore.a(DigitalIn.o)
                0x0000f488                ClearCore::DigitalIn::Refresh()
 .text._ZN9ClearCore9ConnectorC2Ev
                0x0000f5d4       0x14 C:\Users\emill\Documents\GitHub\thruster-line\software\libClearCore\Debug\libClearCore.a(DigitalIn.o)
                0x0000f5d4                ClearCore::Connector::Connector()
                0x0000f5d4                ClearCore::Connector::Connector()
 .text._ZN9ClearCore9DigitalInC2ENS_13ShiftRegister5MasksEPK15PeripheralRoute
                0x0000f5e8       0x48 C:\Users\emill\Documents\GitHub\thruster-line\software\libClearCore\Debug\libClearCore.a(DigitalIn.o)
                0x0000f5e8                ClearCore::DigitalIn::DigitalIn(ClearCore::ShiftRegister::Masks, PeripheralRoute const*)
                0x0000f5e8                ClearCore::DigitalIn::DigitalIn(ClearCore::ShiftRegister::Masks, PeripheralRoute const*)
 .text._ZN9ClearCore9DigitalIn7StateRTEv
                0x0000f630       0x1c C:\Users\emill\Documents\GitHub\thruster-line\software\libClearCore\Debug\libClearCore.a(DigitalIn.o)
                0x0000f630                ClearCore::DigitalIn::StateRT()
 .text._ZN9ClearCore9DigitalIn17UpdateFilterStateEv
                0x0000f64c       0x9c C:\Users\emill\Documents\GitHub\thruster-line\software\libClearCore\Debug\libClearCore.a(DigitalIn.o)
                0x0000f64c                ClearCore::DigitalIn::UpdateFilterState()
 .text._ZN9ClearCore19DigitalInOutHBridge4ModeEv
                0x0000f6e8        0x4 C:\Users\emill\Documents\GitHub\thruster-line\software\libClearCore\Debug\libClearCore.a(DigitalInOutHBridge.o)
                0x0000f6e8                ClearCore::DigitalInOutHBridge::Mode()
 .text._ZN9ClearCore19DigitalInOutHBridge4TypeEv
                0x0000f6ec        0x4 C:\Users\emill\Documents\GitHub\thruster-line\software\libClearCore\Debug\libClearCore.a(DigitalInOutHBridge.o)
                0x0000f6ec                ClearCore::DigitalInOutHBridge::Type()
 .text._ZN9ClearCore19DigitalInOutHBridge10IsWritableEv
                0x0000f6f0       0x10 C:\Users\emill\Documents\GitHub\thruster-line\software\libClearCore\Debug\libClearCore.a(DigitalInOutHBridge.o)
                0x0000f6f0                ClearCore::DigitalInOutHBridge::IsWritable()
 .text._ZN9ClearCore19DigitalInOutHBridgeC2ENS_13ShiftRegister5MasksEPK15PeripheralRouteS5_S5_S5_4IRQnb
                0x0000f700       0x60 C:\Users\emill\Documents\GitHub\thruster-line\software\libClearCore\Debug\libClearCore.a(DigitalInOutHBridge.o)
                0x0000f700                ClearCore::DigitalInOutHBridge::DigitalInOutHBridge(ClearCore::ShiftRegister::Masks, PeripheralRoute const*, PeripheralRoute const*, PeripheralRoute const*, PeripheralRoute const*, IRQn, bool)
                0x0000f700                ClearCore::DigitalInOutHBridge::DigitalInOutHBridge(ClearCore::ShiftRegister::Masks, PeripheralRoute const*, PeripheralRoute const*, PeripheralRoute const*, PeripheralRoute const*, IRQn, bool)
 .text._ZN9ClearCore19DigitalInOutHBridge10FaultStateEb
                0x0000f760       0x54 C:\Users\emill\Documents\GitHub\thruster-line\software\libClearCore\Debug\libClearCore.a(DigitalInOutHBridge.o)
                0x0000f760                ClearCore::DigitalInOutHBridge::FaultState(bool)
 .text._ZN9ClearCore19DigitalInOutHBridge5StateEv
                0x0000f7b4       0x3c C:\Users\emill\Documents\GitHub\thruster-line\software\libClearCore\Debug\libClearCore.a(DigitalInOutHBridge.o)
                0x0000f7b4                ClearCore::DigitalInOutHBridge::State()
 .text._ZN9ClearCore19DigitalInOutHBridge5StateEs
                0x0000f7f0       0x70 C:\Users\emill\Documents\GitHub\thruster-line\software\libClearCore\Debug\libClearCore.a(DigitalInOutHBridge.o)
                0x0000f7f0                ClearCore::DigitalInOutHBridge::State(short)
 .text._ZN9ClearCore19DigitalInOutHBridge10ToneUpdateEv
                0x0000f860      0x144 C:\Users\emill\Documents\GitHub\thruster-line\software\libClearCore\Debug\libClearCore.a(DigitalInOutHBridge.o)
                0x0000f860                ClearCore::DigitalInOutHBridge::ToneUpdate()
 .text._ZN9ClearCore19DigitalInOutHBridge7RefreshEv
                0x0000f9a4      0x114 C:\Users\emill\Documents\GitHub\thruster-line\software\libClearCore\Debug\libClearCore.a(DigitalInOutHBridge.o)
                0x0000f9a4                ClearCore::DigitalInOutHBridge::Refresh()
 .text._ZN9ClearCore19DigitalInOutHBridge10InitializeE13ClearCorePins
                0x0000fab8       0xc8 C:\Users\emill\Documents\GitHub\thruster-line\software\libClearCore\Debug\libClearCore.a(DigitalInOutHBridge.o)
                0x0000fab8                ClearCore::DigitalInOutHBridge::Initialize(ClearCorePins)
 .text._ZN9ClearCore19DigitalInOutHBridge4ModeENS_9Connector14ConnectorModesE
                0x0000fb80      0x1a4 C:\Users\emill\Documents\GitHub\thruster-line\software\libClearCore\Debug\libClearCore.a(DigitalInOutHBridge.o)
                0x0000fb80                ClearCore::DigitalInOutHBridge::Mode(ClearCore::Connector::ConnectorModes)
 .text._ZN9ClearCore10DmaManager8InstanceEv
                0x0000fd24       0x28 C:\Users\emill\Documents\GitHub\thruster-line\software\libClearCore\Debug\libClearCore.a(DmaManager.o)
                0x0000fd24                ClearCore::DmaManager::Instance()
 .text._ZN9ClearCore10DmaManager10InitializeEv
                0x0000fd4c       0x64 C:\Users\emill\Documents\GitHub\thruster-line\software\libClearCore\Debug\libClearCore.a(DmaManager.o)
                0x0000fd4c                ClearCore::DmaManager::Initialize()
 .text._ZN9ClearCore10DmaManager7ChannelENS_11DmaChannelsE
                0x0000fdb0       0x14 C:\Users\emill\Documents\GitHub\thruster-line\software\libClearCore\Debug\libClearCore.a(DmaManager.o)
                0x0000fdb0                ClearCore::DmaManager::Channel(ClearCore::DmaChannels)
 .text._ZN9ClearCore10DmaManager14BaseDescriptorENS_11DmaChannelsE
                0x0000fdc4       0x14 C:\Users\emill\Documents\GitHub\thruster-line\software\libClearCore\Debug\libClearCore.a(DmaManager.o)
                0x0000fdc4                ClearCore::DmaManager::BaseDescriptor(ClearCore::DmaChannels)
 .text.startup._GLOBAL__sub_I__ZN9ClearCore10DmaManager19writeBackDescriptorE
                0x0000fdd8       0x10 C:\Users\emill\Documents\GitHub\thruster-line\software\libClearCore\Debug\libClearCore.a(DmaManager.o)
 .text._ZN9ClearCore16CcioBoardManager12CcioDiscoverEPNS_12SerialDriverE.part.1
                0x0000fde8      0x488 C:\Users\emill\Documents\GitHub\thruster-line\software\libClearCore\Debug\libClearCore.a(CcioBoardManager.o)
 .text._ZN9ClearCore16CcioBoardManager8InstanceEv
                0x00010270      0x118 C:\Users\emill\Documents\GitHub\thruster-line\software\libClearCore\Debug\libClearCore.a(CcioBoardManager.o)
                0x00010270                ClearCore::CcioBoardManager::Instance()
 .text._ZN9ClearCore16CcioBoardManager10InitializeEv
                0x00010388       0xb8 C:\Users\emill\Documents\GitHub\thruster-line\software\libClearCore\Debug\libClearCore.a(CcioBoardManager.o)
                0x00010388                ClearCore::CcioBoardManager::Initialize()
 .text._ZN9ClearCore16CcioBoardManager8PinStateE13ClearCorePins
                0x00010440       0x30 C:\Users\emill\Documents\GitHub\thruster-line\software\libClearCore\Debug\libClearCore.a(CcioBoardManager.o)
                0x00010440                ClearCore::CcioBoardManager::PinState(ClearCorePins)
 .text._ZN9ClearCore16CcioBoardManager7RefreshEv
                0x00010470      0x5c4 C:\Users\emill\Documents\GitHub\thruster-line\software\libClearCore\Debug\libClearCore.a(CcioBoardManager.o)
                0x00010470                ClearCore::CcioBoardManager::Refresh()
 .text._ZN9ClearCore16CcioBoardManager11RefreshSlowEv
                0x00010a34       0x3c C:\Users\emill\Documents\GitHub\thruster-line\software\libClearCore\Debug\libClearCore.a(CcioBoardManager.o)
                0x00010a34                ClearCore::CcioBoardManager::RefreshSlow()
 .text._ZN9ClearCore16CcioBoardManager9LinkCloseEv
                0x00010a70       0x40 C:\Users\emill\Documents\GitHub\thruster-line\software\libClearCore\Debug\libClearCore.a(CcioBoardManager.o)
                0x00010a70                ClearCore::CcioBoardManager::LinkClose()
 .text._ZN9ClearCore16CcioBoardManager12CcioDiscoverEPNS_12SerialDriverE
                0x00010ab0       0x38 C:\Users\emill\Documents\GitHub\thruster-line\software\libClearCore\Debug\libClearCore.a(CcioBoardManager.o)
                0x00010ab0                ClearCore::CcioBoardManager::CcioDiscover(ClearCore::SerialDriver*)
 .text._ZN9ClearCore16CcioBoardManager10PinByIndexE13ClearCorePins
                0x00010ae8       0x18 C:\Users\emill\Documents\GitHub\thruster-line\software\libClearCore\Debug\libClearCore.a(CcioBoardManager.o)
                0x00010ae8                ClearCore::CcioBoardManager::PinByIndex(ClearCorePins)
 .text.startup._GLOBAL__sub_I__ZN9ClearCore7CcioMgrE
                0x00010b00       0x10 C:\Users\emill\Documents\GitHub\thruster-line\software\libClearCore\Debug\libClearCore.a(CcioBoardManager.o)
 .text._ZN9ClearCore7CcioPin4ModeEv
                0x00010b10        0x4 C:\Users\emill\Documents\GitHub\thruster-line\software\libClearCore\Debug\libClearCore.a(CcioPin.o)
                0x00010b10                ClearCore::CcioPin::Mode()
 .text._ZN9ClearCore7CcioPin4TypeEv
                0x00010b14        0x4 C:\Users\emill\Documents\GitHub\thruster-line\software\libClearCore\Debug\libClearCore.a(CcioPin.o)
                0x00010b14                ClearCore::CcioPin::Type()
 .text._ZN9ClearCore7CcioPin10IsWritableEv
                0x00010b18       0x10 C:\Users\emill\Documents\GitHub\thruster-line\software\libClearCore\Debug\libClearCore.a(CcioPin.o)
                0x00010b18                ClearCore::CcioPin::IsWritable()
 .text._ZN9ClearCore7CcioPin7RefreshEv
                0x00010b28        0x4 C:\Users\emill\Documents\GitHub\thruster-line\software\libClearCore\Debug\libClearCore.a(CcioPin.o)
                0x00010b28                ClearCore::CcioPin::Refresh()
 .text._ZN9ClearCore7CcioPin10InitializeE13ClearCorePins
                0x00010b2c       0x40 C:\Users\emill\Documents\GitHub\thruster-line\software\libClearCore\Debug\libClearCore.a(CcioPin.o)
                0x00010b2c                ClearCore::CcioPin::Initialize(ClearCorePins)
 .text._ZN9ClearCore7CcioPin4ModeENS_9Connector14ConnectorModesE
                0x00010b6c       0x70 C:\Users\emill\Documents\GitHub\thruster-line\software\libClearCore\Debug\libClearCore.a(CcioPin.o)
                0x00010b6c                ClearCore::CcioPin::Mode(ClearCore::Connector::ConnectorModes)
 .text._ZN9ClearCore7CcioPin5StateEv
                0x00010bdc       0x3c C:\Users\emill\Documents\GitHub\thruster-line\software\libClearCore\Debug\libClearCore.a(CcioPin.o)
                0x00010bdc                ClearCore::CcioPin::State()
 .text._ZN9ClearCore7CcioPin11IsInHwFaultEv
                0x00010c18       0x20 C:\Users\emill\Documents\GitHub\thruster-line\software\libClearCore\Debug\libClearCore.a(CcioPin.o)
                0x00010c18                ClearCore::CcioPin::IsInHwFault()
 .text._ZN9ClearCore7CcioPin5StateEs
                0x00010c38       0x48 C:\Users\emill\Documents\GitHub\thruster-line\software\libClearCore\Debug\libClearCore.a(CcioPin.o)
                0x00010c38                ClearCore::CcioPin::State(short)
 .text._ZN9ClearCore7CcioPinC2Ev
                0x00010c80       0x34 C:\Users\emill\Documents\GitHub\thruster-line\software\libClearCore\Debug\libClearCore.a(CcioPin.o)
                0x00010c80                ClearCore::CcioPin::CcioPin()
                0x00010c80                ClearCore::CcioPin::CcioPin()
 .text._ZN9ClearCore12InputManager8InstanceEv
                0x00010cb4       0x5c C:\Users\emill\Documents\GitHub\thruster-line\software\libClearCore\Debug\libClearCore.a(InputManager.o)
                0x00010cb4                ClearCore::InputManager::Instance()
 .text._ZN9ClearCore12InputManager10InitializeEv
                0x00010d10       0x18 C:\Users\emill\Documents\GitHub\thruster-line\software\libClearCore\Debug\libClearCore.a(InputManager.o)
                0x00010d10                ClearCore::InputManager::Initialize()
 .text._ZN9ClearCore12InputManager15InterruptEnableEabb
                0x00010d28       0x78 C:\Users\emill\Documents\GitHub\thruster-line\software\libClearCore\Debug\libClearCore.a(InputManager.o)
                0x00010d28                ClearCore::InputManager::InterruptEnable(signed char, bool, bool)
 .text._ZN9ClearCore12InputManager11EIC_HandlerEh
                0x00010da0       0x5c C:\Users\emill\Documents\GitHub\thruster-line\software\libClearCore\Debug\libClearCore.a(InputManager.o)
                0x00010da0                ClearCore::InputManager::EIC_Handler(unsigned char)
 .text._ZN9ClearCore12InputManager11UpdateBeginEv
                0x00010dfc       0x28 C:\Users\emill\Documents\GitHub\thruster-line\software\libClearCore\Debug\libClearCore.a(InputManager.o)
                0x00010dfc                ClearCore::InputManager::UpdateBegin()
 .text._ZN9ClearCore12InputManager9UpdateEndEv
                0x00010e24       0x54 C:\Users\emill\Documents\GitHub\thruster-line\software\libClearCore\Debug\libClearCore.a(InputManager.o)
                0x00010e24                ClearCore::InputManager::UpdateEnd()
 .text.startup._GLOBAL__sub_I__ZN9ClearCore8InputMgrE
                0x00010e78       0x10 C:\Users\emill\Documents\GitHub\thruster-line\software\libClearCore\Debug\libClearCore.a(InputManager.o)
 .text._ZN9ClearCore12SdCardDriverC2EPK15PeripheralRouteS3_S3_S3_h
                0x00010e88       0x40 C:\Users\emill\Documents\GitHub\thruster-line\software\libClearCore\Debug\libClearCore.a(SdCardDriver.o)
                0x00010e88                ClearCore::SdCardDriver::SdCardDriver(PeripheralRoute const*, PeripheralRoute const*, PeripheralRoute const*, PeripheralRoute const*, unsigned char)
                0x00010e88                ClearCore::SdCardDriver::SdCardDriver(PeripheralRoute const*, PeripheralRoute const*, PeripheralRoute const*, PeripheralRoute const*, unsigned char)
 .text._ZN9ClearCore10SerialBase10PortIsOpenEv
                0x00010ec8        0x8 C:\Users\emill\Documents\GitHub\thruster-line\software\libClearCore\Debug\libClearCore.a(SerialBase.o)
                0x00010ec8                ClearCore::SerialBase::PortIsOpen()
 .text._ZN9ClearCore10SerialBase5FlushEv
                0x00010ed0       0x10 C:\Users\emill\Documents\GitHub\thruster-line\software\libClearCore\Debug\libClearCore.a(SerialBase.o)
                0x00010ed0                ClearCore::SerialBase::Flush()
 .text._ZN9ClearCore10SerialBase10FlushInputEv
                0x00010ee0       0x14 C:\Users\emill\Documents\GitHub\thruster-line\software\libClearCore\Debug\libClearCore.a(SerialBase.o)
                0x00010ee0                ClearCore::SerialBase::FlushInput()
 .text._ZN9ClearCore10SerialBase7CharGetEv
                0x00010ef4       0x38 C:\Users\emill\Documents\GitHub\thruster-line\software\libClearCore\Debug\libClearCore.a(SerialBase.o)
                0x00010ef4                ClearCore::SerialBase::CharGet()
 .text._ZN9ClearCore10SerialBase8CharPeekEv
                0x00010f2c       0x1c C:\Users\emill\Documents\GitHub\thruster-line\software\libClearCore\Debug\libClearCore.a(SerialBase.o)
                0x00010f2c                ClearCore::SerialBase::CharPeek()
 .text._ZN9ClearCore10SerialBase16AvailableForReadEv
                0x00010f48       0x10 C:\Users\emill\Documents\GitHub\thruster-line\software\libClearCore\Debug\libClearCore.a(SerialBase.o)
                0x00010f48                ClearCore::SerialBase::AvailableForRead()
 .text._ZN9ClearCore10SerialBase17AvailableForWriteEv
                0x00010f58       0x14 C:\Users\emill\Documents\GitHub\thruster-line\software\libClearCore\Debug\libClearCore.a(SerialBase.o)
                0x00010f58                ClearCore::SerialBase::AvailableForWrite()