Archive member included to satisfy reference by file (symbol)

C:\Users\emill\Documents\GitHub\thruster-equipment\libClearCore\Debug\libClearCore.a(EthernetUdp.o)
                              fillhead.o (ClearCore::EthernetUdp::EthernetUdp())
C:\Users\emill\Documents\GitHub\thruster-equipment\libClearCore\Debug\libClearCore.a(MotorDriver.o)
                              fillhead_motors.o (ClearCore::MotorDriver::EnableRequest(bool))
C:\Users\emill\Documents\GitHub\thruster-equipment\libClearCore\Debug\libClearCore.a(SerialUsb.o)
                              fillhead_comms.o (ClearCore::SerialUsb::operator bool())
C:\Users\emill\Documents\GitHub\thruster-equipment\libClearCore\Debug\libClearCore.a(UsbManager.o)
                              C:\Users\emill\Documents\GitHub\thruster-equipment\libClearCore\Debug\libClearCore.a(SerialUsb.o) (ClearCore::UsbManager::Speed(unsigned long))
C:\Users\emill\Documents\GitHub\thruster-equipment\libClearCore\Debug\libClearCore.a(SysManager.o)
                              C:\Users\emill\Documents\GitHub\thruster-equipment\libClearCore\Debug\libClearCore.a(MotorDriver.o) (ClearCore::SysManager::ConnectorByIndex(ClearCorePins))
C:\Users\emill\Documents\GitHub\thruster-equipment\libClearCore\Debug\libClearCore.a(SysTiming.o)
                              C:\Users\emill\Documents\GitHub\thruster-equipment\libClearCore\Debug\libClearCore.a(SysManager.o) (ClearCore::SysTiming::IsrStart())
C:\Users\emill\Documents\GitHub\thruster-equipment\libClearCore\Debug\libClearCore.a(EthernetManager.o)
                              C:\Users\emill\Documents\GitHub\thruster-equipment\libClearCore\Debug\libClearCore.a(SysManager.o) (ClearCore::EthernetManager::Initialize())
C:\Users\emill\Documents\GitHub\thruster-equipment\libClearCore\Debug\libClearCore.a(ShiftRegister.o)
                              C:\Users\emill\Documents\GitHub\thruster-equipment\libClearCore\Debug\libClearCore.a(SysManager.o) (ClearCore::ShiftRegister::ShiftRegister())
C:\Users\emill\Documents\GitHub\thruster-equipment\libClearCore\Debug\libClearCore.a(MotorManager.o)
                              fillhead_motors.o (ClearCore::MotorManager::MotorModeSet(ClearCore::MotorManager::MotorPair, ClearCore::Connector::ConnectorModes))
C:\Users\emill\Documents\GitHub\thruster-equipment\libClearCore\Debug\libClearCore.a(StepGenerator.o)
                              C:\Users\emill\Documents\GitHub\thruster-equipment\libClearCore\Debug\libClearCore.a(MotorDriver.o) (ClearCore::StepGenerator::Move(long, ClearCore::StepGenerator::MoveTarget))
C:\Users\emill\Documents\GitHub\thruster-equipment\libClearCore\Debug\libClearCore.a(system_same53.o)
                              C:\Users\emill\Documents\GitHub\thruster-equipment\libClearCore\Debug\libClearCore.a(SysManager.o) (SystemInit)
C:\Users\emill\Documents\GitHub\thruster-equipment\libClearCore\Debug\libClearCore.a(EncoderInput.o)
                              C:\Users\emill\Documents\GitHub\thruster-equipment\libClearCore\Debug\libClearCore.a(SysManager.o) (ClearCore::EncoderInput::EncoderInput())
C:\Users\emill\Documents\GitHub\thruster-equipment\libClearCore\Debug\libClearCore.a(cdcdf_acm.o)
                              C:\Users\emill\Documents\GitHub\thruster-equipment\libClearCore\Debug\libClearCore.a(UsbManager.o) (cdcdf_acm_init)
C:\Users\emill\Documents\GitHub\thruster-equipment\libClearCore\Debug\libClearCore.a(usbdc.o)
                              C:\Users\emill\Documents\GitHub\thruster-equipment\libClearCore\Debug\libClearCore.a(cdcdf_acm.o) (usbdc_xfer)
C:\Users\emill\Documents\GitHub\thruster-equipment\libClearCore\Debug\libClearCore.a(usb_protocol.o)
                              C:\Users\emill\Documents\GitHub\thruster-equipment\libClearCore\Debug\libClearCore.a(cdcdf_acm.o) (usb_find_desc)
C:\Users\emill\Documents\GitHub\thruster-equipment\libClearCore\Debug\libClearCore.a(hal_usb_device.o)
                              C:\Users\emill\Documents\GitHub\thruster-equipment\libClearCore\Debug\libClearCore.a(usbdc.o) (usb_d_init)
C:\Users\emill\Documents\GitHub\thruster-equipment\libClearCore\Debug\libClearCore.a(utils_assert.o)
                              C:\Users\emill\Documents\GitHub\thruster-equipment\libClearCore\Debug\libClearCore.a(usbdc.o) (assert)
C:\Users\emill\Documents\GitHub\thruster-equipment\libClearCore\Debug\libClearCore.a(utils_list.o)
                              C:\Users\emill\Documents\GitHub\thruster-equipment\libClearCore\Debug\libClearCore.a(usbdc.o) (list_insert_at_end)
C:\Users\emill\Documents\GitHub\thruster-equipment\libClearCore\Debug\libClearCore.a(AdcManager.o)
                              C:\Users\emill\Documents\GitHub\thruster-equipment\libClearCore\Debug\libClearCore.a(SysManager.o) (ClearCore::AdcManager::Initialize())
C:\Users\emill\Documents\GitHub\thruster-equipment\libClearCore\Debug\libClearCore.a(DigitalInOutAnalogOut.o)
[...]
Memory Configuration

Name             Origin             Length             Attributes
FLASH            0x00004000         0x0007c000         xr
RAM              0x20000000         0x00030000         xrw
*default*        0x00000000         0xffffffff

Linker script and memory map

LOAD c:/program files (x86)/atmel/studio/7.0/toolchain/arm/arm-gnu-toolchain/bin/../lib/gcc/arm-none-eabi/6.3.1/thumb/v7e-m/fpv4-sp/hard/crti.o
LOAD c:/program files (x86)/atmel/studio/7.0/toolchain/arm/arm-gnu-toolchain/bin/../lib/gcc/arm-none-eabi/6.3.1/thumb/v7e-m/fpv4-sp/hard/crtbegin.o
LOAD c:/program files (x86)/atmel/studio/7.0/toolchain/arm/arm-gnu-toolchain/bin/../lib/gcc/arm-none-eabi/6.3.1/../../../../arm-none-eabi/lib/thumb/v7e-m/fpv4-sp/hard/rdimon-crt0.o
LOAD fillhead_handlers.o
LOAD fillhead_motors.o
LOAD fillhead_comms.o
LOAD fillhead.o
LOAD Device_Startup/startup_same53.o
LOAD main.o
START GROUP
LOAD C:\Program Files (x86)\Atmel\Studio\7.0\Packs\arm\CMSIS\4.5.0\CMSIS\Lib\GCC\libarm_cortexM4lf_math.a
LOAD C:\Users\emill\Documents\GitHub\thruster-equipment\libClearCore\Debug\libClearCore.a
LOAD C:\Users\emill\Documents\GitHub\thruster-equipment\LwIP\Debug\libLwIP.a
END GROUP
LOAD c:/program files (x86)/atmel/studio/7.0/toolchain/arm/arm-gnu-toolchain/bin/../lib/gcc/arm-none-eabi/6.3.1/../../../../arm-none-eabi/lib/thumb/v7e-m/fpv4-sp/hard\libstdc++.a
LOAD c:/program files (x86)/atmel/studio/7.0/toolchain/arm/arm-gnu-toolchain/bin/../lib/gcc/arm-none-eabi/6.3.1/../../../../arm-none-eabi/lib/thumb/v7e-m/fpv4-sp/hard\libm.a
START GROUP
LOAD c:/program files (x86)/atmel/studio/7.0/toolchain/arm/arm-gnu-toolchain/bin/../lib/gcc/arm-none-eabi/6.3.1/thumb/v7e-m/fpv4-sp/hard\libgcc.a
LOAD c:/program files (x86)/atmel/studio/7.0/toolchain/arm/arm-gnu-toolchain/bin/../lib/gcc/arm-none-eabi/6.3.1/../../../../arm-none-eabi/lib/thumb/v7e-m/fpv4-sp/hard\libc.a
END GROUP
START GROUP
LOAD c:/program files (x86)/atmel/studio/7.0/toolchain/arm/arm-gnu-toolchain/bin/../lib/gcc/arm-none-eabi/6.3.1/thumb/v7e-m/fpv4-sp/hard\libgcc.a
LOAD c:/program files (x86)/atmel/studio/7.0/toolchain/arm/arm-gnu-toolchain/bin/../lib/gcc/arm-none-eabi/6.3.1/../../../../arm-none-eabi/lib/thumb/v7e-m/fpv4-sp/hard\libc.a
LOAD c:/program files (x86)/atmel/studio/7.0/toolchain/arm/arm-gnu-toolchain/bin/../lib/gcc/arm-none-eabi/6.3.1/../../../../arm-none-eabi/lib/thumb/v7e-m/fpv4-sp/hard\librdimon.a
END GROUP
LOAD c:/program files (x86)/atmel/studio/7.0/toolchain/arm/arm-gnu-toolchain/bin/../lib/gcc/arm-none-eabi/6.3.1/thumb/v7e-m/fpv4-sp/hard/crtend.o
LOAD c:/program files (x86)/atmel/studio/7.0/toolchain/arm/arm-gnu-toolchain/bin/../lib/gcc/arm-none-eabi/6.3.1/thumb/v7e-m/fpv4-sp/hard/crtn.o

.text           0x00004000    0x2f4d4
                0x00004000                __text_start__ = .
 *(.sketch_boot)
                0x00004000                . = ALIGN (0x4000)
 *(.vectors)
 .vectors       0x00004000      0x264 Device_Startup/startup_same53.o
                0x00004000                exception_table
 *(.text*)
 .text          0x00004264       0x6c c:/program files (x86)/atmel/studio/7.0/toolchain/arm/arm-gnu-toolchain/bin/../lib/gcc/arm-none-eabi/6.3.1/thumb/v7e-m/fpv4-sp/hard/crtbegin.o
 .text._ZN8Fillhead11handleAbortEv
                0x000042d0       0x28 fillhead_handlers.o
                0x000042d0                Fillhead::handleAbort()
 .text._ZN8Fillhead15handleSetPeerIpEPKc
                0x000042f8       0x6c fillhead_handlers.o
                0x000042f8                Fillhead::handleSetPeerIp(char const*)
 .text._ZN8Fillhead17handleClearPeerIpEv
                0x00004364       0x18 fillhead_handlers.o
                0x00004364                Fillhead::handleClearPeerIp()
 .text._ZN8Fillhead10handleMoveEPKc
                0x0000437c      0x11c fillhead_handlers.o
                0x0000437c                Fillhead::handleMove(char const*)
 .text._ZN8Fillhead10handleHomeEPKc
                0x00004498       0xf0 fillhead_handlers.o
                0x00004498                Fillhead::handleHome(char const*)
 .text._ZN8Fillhead11setupMotorsEv
                0x00004588      0x178 fillhead_motors.o
                0x00004588                Fillhead::setupMotors()
 .text._ZN8Fillhead8isMovingEv
                0x00004700       0x40 fillhead_motors.o
                0x00004700                Fillhead::isMoving()
 .text._ZN8Fillhead13abortAllMovesEv
                0x00004740       0x30 fillhead_motors.o
                0x00004740                Fillhead::abortAllMoves()
 .text._ZN8Fillhead8moveAxisEPN9ClearCore11MotorDriverEliii
                0x00004770       0x44 fillhead_motors.o
                0x00004770                Fillhead::moveAxis(ClearCore::MotorDriver*, long, int, int, int)
 .text._ZN8Fillhead17getSmoothedTorqueEPN9ClearCore11MotorDriverEPfPb
                0x000047b4       0x64 fillhead_motors.o
                0x000047b4                Fillhead::getSmoothedTorque(ClearCore::MotorDriver*, float*, bool*)
 .text._ZN8Fillhead16checkTorqueLimitEPN9ClearCore11MotorDriverE
                0x00004818       0xdc fillhead_motors.o
                0x00004818                Fillhead::checkTorqueLimit(ClearCore::MotorDriver*)
 .text._ZN8Fillhead10sendStatusEPKcS1_
                0x000048f4       0x3c fillhead_comms.o
                0x000048f4                Fillhead::sendStatus(char const*, char const*)
 .text._ZN8Fillhead16sendGuiTelemetryEv
                0x00004930      0x160 fillhead_comms.o
                0x00004930                Fillhead::sendGuiTelemetry()
 .text._ZN8Fillhead13handleMessageEPKc
                0x00004a90      0x160 fillhead_comms.o
                0x00004a90                Fillhead::handleMessage(char const*)
 .text._ZN8Fillhead10processUdpEv
                0x00004bf0       0x34 fillhead_comms.o
                0x00004bf0                Fillhead::processUdp()
 .text._ZN8Fillhead12parseCommandEPKc
                0x00004c24       0xcc fillhead_comms.o
                0x00004c24                Fillhead::parseCommand(char const*)
 .text._ZN8Fillhead14setupUsbSerialEv
                0x00004cf0       0x38 fillhead_comms.o
                0x00004cf0                Fillhead::setupUsbSerial()
 .text._ZN8Fillhead13setupEthernetEv
                0x00004d28      0x190 fillhead_comms.o
                0x00004d28                Fillhead::setupEthernet()
 .text._ZN8FillheadC2Ev
                0x00004eb8       0x4c fillhead.o
                0x00004eb8                Fillhead::Fillhead()
                0x00004eb8                Fillhead::Fillhead()
 .text._ZN8Fillhead5setupEv
                0x00004f04       0x18 fillhead.o
                0x00004f04                Fillhead::setup()
 .text._ZN8Fillhead13stateToStringEv
                0x00004f1c       0x1c fillhead.o
                0x00004f1c                Fillhead::stateToString()
 .text._ZN8Fillhead21checkSlowCodeIntervalEv
                0x00004f38       0x1c fillhead.o
                0x00004f38                Fillhead::checkSlowCodeInterval()
 .text.Dummy_Handler
                0x00004f54        0x4 Device_Startup/startup_same53.o
                0x00004f54                SVCall_Handler
                0x00004f54                EVSYS_0_Handler
                0x00004f54                TCC1_3_Handler
                0x00004f54                DAC_3_Handler
                0x00004f54                TRNG_Handler
                0x00004f54                HardFault_Handler
                0x00004f54                TC2_Handler
                0x00004f54                PDEC_2_Handler
                0x00004f54                AC_Handler
                0x00004f54                SERCOM3_1_Handler
                0x00004f54                TCC2_3_Handler
                0x00004f54                SERCOM3_2_Handler
                0x00004f54                PendSV_Handler
                0x00004f54                TC7_Handler
                0x00004f54                ADC1_1_Handler
                0x00004f54                EVSYS_3_Handler
                0x00004f54                PDEC_0_Handler
                0x00004f54                QSPI_Handler
                0x00004f54                NonMaskableInt_Handler
                0x00004f54                MemManagement_Handler
                0x00004f54                DAC_2_Handler
                0x00004f54                RTC_Handler
                0x00004f54                UsageFault_Handler
                0x00004f54                SERCOM4_0_Handler
                0x00004f54                OSC32KCTRL_Handler
                0x00004f54                TCC2_1_Handler
                0x00004f54                SUPC_1_Handler
                0x00004f54                TCC0_5_Handler
                0x00004f54                TCC0_6_Handler
                0x00004f54                SERCOM6_2_Handler
                0x00004f54                EVSYS_1_Handler
                0x00004f54                TCC1_4_Handler
                0x00004f54                TC6_Handler
                0x00004f54                DMAC_0_Handler
                0x00004f54                WDT_Handler
                0x00004f54                SERCOM6_0_Handler
                0x00004f54                SERCOM5_0_Handler
                0x00004f54                TC4_Handler
                0x00004f54                TC1_Handler
                0x00004f54                OSCCTRL_4_Handler
                0x00004f54                SERCOM4_3_Handler
                0x00004f54                DMAC_4_Handler
                0x00004f54                TCC4_2_Handler
                0x00004f54                PAC_Handler
                0x00004f54                TCC1_0_Handler
                0x00004f54                OSCCTRL_0_Handler
                0x00004f54                OSCCTRL_3_Handler
                0x00004f54                SERCOM4_1_Handler
                0x00004f54                TC3_Handler
                0x00004f54                Dummy_Handler
                0x00004f54                TCC2_2_Handler
                0x00004f54                SERCOM5_1_Handler
                0x00004f54                TCC1_1_Handler
                0x00004f54                DMAC_2_Handler
                0x00004f54                ADC0_0_Handler
                0x00004f54                SERCOM0_1_Handler
                0x00004f54                OSCCTRL_2_Handler
                0x00004f54                ADC1_0_Handler
                0x00004f54                TCC1_2_Handler
                0x00004f54                SERCOM7_1_Handler
                0x00004f54                PM_Handler
                0x00004f54                SERCOM6_3_Handler
                0x00004f54                DAC_4_Handler
                0x00004f54                TCC3_2_Handler
                0x00004f54                TCC0_2_Handler
                0x00004f54                DMAC_1_Handler
                0x00004f54                SDHC1_Handler
                0x00004f54                TCC2_0_Handler
                0x00004f54                PDEC_1_Handler
                0x00004f54                TCC4_1_Handler
                0x00004f54                SERCOM5_3_Handler
                0x00004f54                SERCOM6_1_Handler
                0x00004f54                SDHC0_Handler
                0x00004f54                SERCOM1_1_Handler
                0x00004f54                I2S_Handler
                0x00004f54                PCC_Handler
                0x00004f54                DAC_0_Handler
                0x00004f54                TCC0_1_Handler
                0x00004f54                SERCOM1_3_Handler
                0x00004f54                OSCCTRL_1_Handler
                0x00004f54                SERCOM1_0_Handler
                0x00004f54                PUKCC_Handler
                0x00004f54                SERCOM2_1_Handler
                0x00004f54                SERCOM1_2_Handler
                0x00004f54                SERCOM3_0_Handler
                0x00004f54                SERCOM4_2_Handler
                0x00004f54                EVSYS_4_Handler
                0x00004f54                NVMCTRL_1_Handler
                0x00004f54                SERCOM5_2_Handler
                0x00004f54                SERCOM3_3_Handler
                0x00004f54                ADC0_1_Handler
                0x00004f54                TCC3_1_Handler
                0x00004f54                DAC_1_Handler
                0x00004f54                NVMCTRL_0_Handler
                0x00004f54                MCLK_Handler
                0x00004f54                EVSYS_2_Handler
                0x00004f54                SUPC_0_Handler
                0x00004f54                BusFault_Handler
                0x00004f54                FREQM_Handler
                0x00004f54                TC0_Handler
                0x00004f54                TCC0_3_Handler
                0x00004f54                DMAC_3_Handler
                0x00004f54                DebugMonitor_Handler
                0x00004f54                TCC0_4_Handler
                0x00004f54                RAMECC_Handler
                0x00004f54                TC5_Handler
                0x00004f54                AES_Handler
                0x00004f54                ICM_Handler
 .text.startup.main
                0x00004f58      0x2c0 main.o
                0x00004f58                main
 .text.startup._GLOBAL__sub_I_fillhead
                0x00005218        0xc main.o
 .text._ZN9ClearCore10UdpReceiveEPvP7udp_pcbP4pbufPK8ip4_addrt
                0x00005224       0x34 C:\Users\emill\Documents\GitHub\thruster-equipment\libClearCore\Debug\libClearCore.a(EthernetUdp.o)
                0x00005224                ClearCore::UdpReceive(void*, udp_pcb*, pbuf*, ip4_addr const*, unsigned short)
 .text._ZN9ClearCore11EthernetUdpC2Ev
                0x00005258       0x24 C:\Users\emill\Documents\GitHub\thruster-equipment\libClearCore\Debug\libClearCore.a(EthernetUdp.o)
                0x00005258                ClearCore::EthernetUdp::EthernetUdp()
                0x00005258                ClearCore::EthernetUdp::EthernetUdp()
 .text._ZN9ClearCore11EthernetUdp5BeginEt
                0x0000527c       0x54 C:\Users\emill\Documents\GitHub\thruster-equipment\libClearCore\Debug\libClearCore.a(EthernetUdp.o)
                0x0000527c                ClearCore::EthernetUdp::Begin(unsigned short)
 .text._ZN9ClearCore11EthernetUdp7ConnectENS_9IpAddressEt
                0x000052d0       0x30 C:\Users\emill\Documents\GitHub\thruster-equipment\libClearCore\Debug\libClearCore.a(EthernetUdp.o)
                0x000052d0                ClearCore::EthernetUdp::Connect(ClearCore::IpAddress, unsigned short)
 .text._ZN9ClearCore11EthernetUdp10PacketSendEv
                0x00005300       0x5c C:\Users\emill\Documents\GitHub\thruster-equipment\libClearCore\Debug\libClearCore.a(EthernetUdp.o)
                0x00005300                ClearCore::EthernetUdp::PacketSend()
 .text._ZN9ClearCore11EthernetUdp11PacketWriteEPKc
                0x0000535c       0xec C:\Users\emill\Documents\GitHub\thruster-equipment\libClearCore\Debug\libClearCore.a(EthernetUdp.o)
                0x0000535c                ClearCore::EthernetUdp::PacketWrite(char const*)
 .text._ZN9ClearCore11EthernetUdp11PacketParseEv
                0x00005448       0x64 C:\Users\emill\Documents\GitHub\thruster-equipment\libClearCore\Debug\libClearCore.a(EthernetUdp.o)
                0x00005448                ClearCore::EthernetUdp::PacketParse()
 .text._ZN9ClearCore11EthernetUdp10PacketReadEPht
                0x000054ac       0xe8 C:\Users\emill\Documents\GitHub\thruster-equipment\libClearCore\Debug\libClearCore.a(EthernetUdp.o)
                0x000054ac                ClearCore::EthernetUdp::PacketRead(unsigned char*, unsigned short)
 .text._ZN9ClearCore11EthernetUdp8RemoteIpEv
                0x00005594        0x4 C:\Users\emill\Documents\GitHub\thruster-equipment\libClearCore\Debug\libClearCore.a(EthernetUdp.o)
                0x00005594                ClearCore::EthernetUdp::RemoteIp()
 .text._ZN9ClearCore9DigitalIn5StateEs
                0x00005598        0x4 C:\Users\emill\Documents\GitHub\thruster-equipment\libClearCore\Debug\libClearCore.a(MotorDriver.o)
                0x00005598                ClearCore::DigitalIn::State(short)
 .text._ZN9ClearCore9DigitalIn17ExternalInterruptEv
                0x0000559c        0x8 C:\Users\emill\Documents\GitHub\thruster-equipment\libClearCore\Debug\libClearCore.a(MotorDriver.o)
                0x0000559c                ClearCore::DigitalIn::ExternalInterrupt()
 .text._ZN9ClearCore11MotorDriver4TypeEv
                0x000055a4        0x4 C:\Users\emill\Documents\GitHub\thruster-equipment\libClearCore\Debug\libClearCore.a(MotorDriver.o)
                0x000055a4                ClearCore::MotorDriver::Type()
 .text._ZN9ClearCore11MotorDriver10IsWritableEv
                0x000055a8        0x4 C:\Users\emill\Documents\GitHub\thruster-equipment\libClearCore\Debug\libClearCore.a(MotorDriver.o)
                0x000055a8                ClearCore::MotorDriver::IsWritable()
 .text._ZN9ClearCore11MotorDriver11IsInHwFaultEv
                0x000055ac        0x8 C:\Users\emill\Documents\GitHub\thruster-equipment\libClearCore\Debug\libClearCore.a(MotorDriver.o)
                0x000055ac                ClearCore::MotorDriver::IsInHwFault()
 .text._ZN9ClearCore11MotorDriver4ModeEv
                0x000055b4        0x4 C:\Users\emill\Documents\GitHub\thruster-equipment\libClearCore\Debug\libClearCore.a(MotorDriver.o)
                0x000055b4                ClearCore::MotorDriver::Mode()
 .text._ZN9ClearCore11MotorDriver4ModeENS_9Connector14ConnectorModesE
                0x000055b8      0x164 C:\Users\emill\Documents\GitHub\thruster-equipment\libClearCore\Debug\libClearCore.a(MotorDriver.o)
                0x000055b8                ClearCore::MotorDriver::Mode(ClearCore::Connector::ConnectorModes)
 .text._ZN9ClearCore11MotorDriver15OutputDirectionEv
                0x0000571c       0x58 C:\Users\emill\Documents\GitHub\thruster-equipment\libClearCore\Debug\libClearCore.a(MotorDriver.o)
                0x0000571c                ClearCore::MotorDriver::OutputDirection()
                0x0000576c                non-virtual thunk to ClearCore::MotorDriver::OutputDirection()
 .text._ZN9ClearCore11MotorDriverC2ENS_13ShiftRegister5MasksEPK15PeripheralRouteS5_S5_tt
                0x00005774      0x1a8 C:\Users\emill\Documents\GitHub\thruster-equipment\libClearCore\Debug\libClearCore.a(MotorDriver.o)
                0x00005774                ClearCore::MotorDriver::MotorDriver(ClearCore::ShiftRegister::Masks, PeripheralRoute const*, PeripheralRoute const*, PeripheralRoute const*, unsigned short, unsigned short)
                0x00005774                ClearCore::MotorDriver::MotorDriver(ClearCore::ShiftRegister::Masks, PeripheralRoute const*, PeripheralRoute const*, PeripheralRoute const*, unsigned short, unsigned short)
 .text._ZN9ClearCore11MotorDriver13EnableRequestEb
                0x0000591c      0x124 C:\Users\emill\Documents\GitHub\thruster-equipment\libClearCore\Debug\libClearCore.a(MotorDriver.o)
                0x0000591c                ClearCore::MotorDriver::EnableRequest(bool)
 .text._ZN9ClearCore11MotorDriver11RefreshSlowEv
                0x00005a40       0xe8 C:\Users\emill\Documents\GitHub\thruster-equipment\libClearCore\Debug\libClearCore.a(MotorDriver.o)
                0x00005a40                ClearCore::MotorDriver::RefreshSlow()
 .text._ZN9ClearCore11MotorDriver10FaultStateEb
                0x00005b28       0xf8 C:\Users\emill\Documents\GitHub\thruster-equipment\libClearCore\Debug\libClearCore.a(MotorDriver.o)
                0x00005b28                ClearCore::MotorDriver::FaultState(bool)
 .text._ZN9ClearCore11MotorDriver7RefreshEv
                0x00005c20      0x65c C:\Users\emill\Documents\GitHub\thruster-equipment\libClearCore\Debug\libClearCore.a(MotorDriver.o)
                0x00005c20                ClearCore::MotorDriver::Refresh()
 .text._ZN9ClearCore11MotorDriver4MoveElNS_13StepGenerator10MoveTargetE
                0x0000627c       0xf0 C:\Users\emill\Documents\GitHub\thruster-equipment\libClearCore\Debug\libClearCore.a(MotorDriver.o)
                0x0000627c                ClearCore::MotorDriver::Move(long, ClearCore::StepGenerator::MoveTarget)
 .text._ZThn48_N9ClearCore11MotorDriver4MoveElNS_13StepGenerator10MoveTargetE
                0x0000636c        0x8 C:\Users\emill\Documents\GitHub\thruster-equipment\libClearCore\Debug\libClearCore.a(MotorDriver.o)
                0x0000636c                non-virtual thunk to ClearCore::MotorDriver::Move(long, ClearCore::StepGenerator::MoveTarget)
 .text._ZN9ClearCore11MotorDriver12MoveVelocityEl
                0x00006374       0xd8 C:\Users\emill\Documents\GitHub\thruster-equipment\libClearCore\Debug\libClearCore.a(MotorDriver.o)
                0x00006374                ClearCore::MotorDriver::MoveVelocity(long)
 .text._ZThn48_N9ClearCore11MotorDriver12MoveVelocityEl
                0x0000644c        0x8 C:\Users\emill\Documents\GitHub\thruster-equipment\libClearCore\Debug\libClearCore.a(MotorDriver.o)
                0x0000644c                non-virtual thunk to ClearCore::MotorDriver::MoveVelocity(long)
 .text._ZN9ClearCore11MotorDriver10InitializeE13ClearCorePins
                0x00006454      0x314 C:\Users\emill\Documents\GitHub\thruster-equipment\libClearCore\Debug\libClearCore.a(MotorDriver.o)
                0x00006454                ClearCore::MotorDriver::Initialize(ClearCorePins)
 .text._ZN9ClearCore9Connector17ExternalInterruptEv
                0x00006768        0x8 C:\Users\emill\Documents\GitHub\thruster-equipment\libClearCore\Debug\libClearCore.a(SerialUsb.o)
                0x00006768                ClearCore::Connector::ExternalInterrupt()
 .text._ZN9ClearCore9SerialUsb6ParityENS_7ISerial9_ParitiesE
                0x00006770        0xc C:\Users\emill\Documents\GitHub\thruster-equipment\libClearCore\Debug\libClearCore.a(SerialUsb.o)
                0x00006770                ClearCore::SerialUsb::Parity(ClearCore::ISerial::_Parities)
 .text._ZN9ClearCore9SerialUsb6ParityEv
                0x0000677c        0x4 C:\Users\emill\Documents\GitHub\thruster-equipment\libClearCore\Debug\libClearCore.a(SerialUsb.o)
                0x0000677c                ClearCore::SerialUsb::Parity()
 .text._ZN9ClearCore9SerialUsb8StopBitsEh
                0x00006780        0xc C:\Users\emill\Documents\GitHub\thruster-equipment\libClearCore\Debug\libClearCore.a(SerialUsb.o)
                0x00006780                ClearCore::SerialUsb::StopBits(unsigned char)
 .text._ZN9ClearCore9SerialUsb8CharSizeEh
                0x0000678c        0xc C:\Users\emill\Documents\GitHub\thruster-equipment\libClearCore\Debug\libClearCore.a(SerialUsb.o)
                0x0000678c                ClearCore::SerialUsb::CharSize(unsigned char)
 .text._ZN9ClearCore9SerialUsb4ModeEv
                0x00006798        0xc C:\Users\emill\Documents\GitHub\thruster-equipment\libClearCore\Debug\libClearCore.a(SerialUsb.o)
                0x00006798                ClearCore::SerialUsb::Mode()
                0x0000679c                non-virtual thunk to ClearCore::SerialUsb::Mode()
 .text._ZN9ClearCore9SerialUsb4ModeENS_9Connector14ConnectorModesE
                0x000067a4       0x14 C:\Users\emill\Documents\GitHub\thruster-equipment\libClearCore\Debug\libClearCore.a(SerialUsb.o)
                0x000067a4                ClearCore::SerialUsb::Mode(ClearCore::Connector::ConnectorModes)
                0x000067b0                non-virtual thunk to ClearCore::SerialUsb::Mode(ClearCore::Connector::ConnectorModes)
 .text._ZN9ClearCore9SerialUsb4TypeEv
                0x000067b8        0xc C:\Users\emill\Documents\GitHub\thruster-equipment\libClearCore\Debug\libClearCore.a(SerialUsb.o)
                0x000067b8                ClearCore::SerialUsb::Type()
                0x000067bc                non-virtual thunk to ClearCore::SerialUsb::Type()
 .text._ZN9ClearCore9SerialUsb11IsInHwFaultEv
                0x000067c4        0xc C:\Users\emill\Documents\GitHub\thruster-equipment\libClearCore\Debug\libClearCore.a(SerialUsb.o)
                0x000067c4                ClearCore::SerialUsb::IsInHwFault()
                0x000067c8                non-virtual thunk to ClearCore::SerialUsb::IsInHwFault()
 .text._ZN9ClearCore9SerialUsb10InitializeE13ClearCorePins
                0x000067d0       0x10 C:\Users\emill\Documents\GitHub\thruster-equipment\libClearCore\Debug\libClearCore.a(SerialUsb.o)
                0x000067d0                ClearCore::SerialUsb::Initialize(ClearCorePins)
                0x000067d8                non-virtual thunk to ClearCore::SerialUsb::Initialize(ClearCorePins)
 .text._ZN9ClearCore9SerialUsb7RefreshEv
                0x000067e0        0xc C:\Users\emill\Documents\GitHub\thruster-equipment\libClearCore\Debug\libClearCore.a(SerialUsb.o)
                0x000067e0                ClearCore::SerialUsb::Refresh()
                0x000067e4                non-virtual thunk to ClearCore::SerialUsb::Refresh()
 .text._ZN9ClearCore9SerialUsb10FlushInputEv
                0x000067ec        0xc C:\Users\emill\Documents\GitHub\thruster-equipment\libClearCore\Debug\libClearCore.a(SerialUsb.o)
                0x000067ec                ClearCore::SerialUsb::FlushInput()
 .text._ZN9ClearCore9SerialUsb19WaitForTransmitIdleEv
                0x000067f8        0xc C:\Users\emill\Documents\GitHub\thruster-equipment\libClearCore\Debug\libClearCore.a(SerialUsb.o)
                0x000067f8                ClearCore::SerialUsb::WaitForTransmitIdle()
                0x000067f8                ClearCore::SerialUsb::Flush()
 .text._ZN9ClearCore9SerialUsbcvbEv
                0x00006804        0xc C:\Users\emill\Documents\GitHub\thruster-equipment\libClearCore\Debug\libClearCore.a(SerialUsb.o)
                0x00006804                ClearCore::SerialUsb::PortIsOpen()
                0x00006804                ClearCore::SerialUsb::operator bool()
 .text._ZN9ClearCore9SerialUsb8PortOpenEv
                0x00006810        0xc C:\Users\emill\Documents\GitHub\thruster-equipment\libClearCore\Debug\libClearCore.a(SerialUsb.o)
                0x00006810                ClearCore::SerialUsb::PortOpen()
 .text._ZN9ClearCore9SerialUsb9PortCloseEv
                0x0000681c        0xc C:\Users\emill\Documents\GitHub\thruster-equipment\libClearCore\Debug\libClearCore.a(SerialUsb.o)
                0x0000681c                ClearCore::SerialUsb::PortClose()
 .text._ZN9ClearCore9SerialUsb5SpeedEm
                0x00006828        0xc C:\Users\emill\Documents\GitHub\thruster-equipment\libClearCore\Debug\libClearCore.a(SerialUsb.o)
                0x00006828                ClearCore::SerialUsb::Speed(unsigned long)
 .text._ZN9ClearCore9SerialUsb5SpeedEv
                0x00006834        0xc C:\Users\emill\Documents\GitHub\thruster-equipment\libClearCore\Debug\libClearCore.a(SerialUsb.o)
                0x00006834                ClearCore::SerialUsb::Speed()
 .text._ZN9ClearCore9SerialUsb7CharGetEv
                0x00006840        0xc C:\Users\emill\Documents\GitHub\thruster-equipment\libClearCore\Debug\libClearCore.a(SerialUsb.o)
                0x00006840                ClearCore::SerialUsb::CharGet()
 .text._ZN9ClearCore9SerialUsb8CharPeekEv
                0x0000684c        0xc C:\Users\emill\Documents\GitHub\thruster-equipment\libClearCore\Debug\libClearCore.a(SerialUsb.o)
                0x0000684c                ClearCore::SerialUsb::CharPeek()
 .text._ZN9ClearCore9SerialUsb8SendCharEh
                0x00006858        0xc C:\Users\emill\Documents\GitHub\thruster-equipment\libClearCore\Debug\libClearCore.a(SerialUsb.o)
                0x00006858                ClearCore::SerialUsb::SendChar(unsigned char)
 .text._ZN9ClearCore9SerialUsb16AvailableForReadEv
                0x00006864        0xc C:\Users\emill\Documents\GitHub\thruster-equipment\libClearCore\Debug\libClearCore.a(SerialUsb.o)
                0x00006864                ClearCore::SerialUsb::AvailableForRead()
 .text._ZN9ClearCore9SerialUsb17AvailableForWriteEv
                0x00006870        0xc C:\Users\emill\Documents\GitHub\thruster-equipment\libClearCore\Debug\libClearCore.a(SerialUsb.o)
                0x00006870                ClearCore::SerialUsb::AvailableForWrite()
 .text._ZN9ClearCore9SerialUsb10IsWritableEv
                0x0000687c       0x24 C:\Users\emill\Documents\GitHub\thruster-equipment\libClearCore\Debug\libClearCore.a(SerialUsb.o)
                0x0000687c                ClearCore::SerialUsb::IsWritable()
                0x00006898                non-virtual thunk to ClearCore::SerialUsb::IsWritable()
 .text._ZN9ClearCore9SerialUsb5StateEv
                0x000068a0       0x30 C:\Users\emill\Documents\GitHub\thruster-equipment\libClearCore\Debug\libClearCore.a(SerialUsb.o)
                0x000068a0                ClearCore::SerialUsb::State()
                0x000068c8                non-virtual thunk to ClearCore::SerialUsb::State()
 .text._ZN9ClearCore9SerialUsb5StateEs
                0x000068d0       0x48 C:\Users\emill\Documents\GitHub\thruster-equipment\libClearCore\Debug\libClearCore.a(SerialUsb.o)
                0x000068d0                ClearCore::SerialUsb::State(short)
                0x00006910                non-virtual thunk to ClearCore::SerialUsb::State(short)
 .text._ZN9ClearCore10UsbManager18CBLineStateChangedE22usb_cdc_control_signal
                0x00006918       0x80 C:\Users\emill\Documents\GitHub\thruster-equipment\libClearCore\Debug\libClearCore.a(UsbManager.o)
                0x00006918                ClearCore::UsbManager::CBLineStateChanged(usb_cdc_control_signal)
 .text._ZN9ClearCore10UsbManager10RxCompleteEh13usb_xfer_codem
                0x00006998      0x238 C:\Users\emill\Documents\GitHub\thruster-equipment\libClearCore\Debug\libClearCore.a(UsbManager.o)
                0x00006998                ClearCore::UsbManager::RxComplete(unsigned char, usb_xfer_code, unsigned long)
 .text._ZN9ClearCore10UsbManager10TxCompleteEh13usb_xfer_codem
                0x00006bd0      0x3d0 C:\Users\emill\Documents\GitHub\thruster-equipment\libClearCore\Debug\libClearCore.a(UsbManager.o)
                0x00006bd0                ClearCore::UsbManager::TxComplete(unsigned char, usb_xfer_code, unsigned long)
 .text._ZN9ClearCore10UsbManager8InstanceEv
                0x00006fa0       0x68 C:\Users\emill\Documents\GitHub\thruster-equipment\libClearCore\Debug\libClearCore.a(UsbManager.o)
                0x00006fa0                ClearCore::UsbManager::Instance()
 .text._ZN9ClearCore10UsbManager10InitializeEv
                0x00007008      0x460 C:\Users\emill\Documents\GitHub\thruster-equipment\libClearCore\Debug\libClearCore.a(UsbManager.o)
                0x00007008                ClearCore::UsbManager::Initialize()
 .text._ZN9ClearCore10UsbManager5SpeedEm
                0x00007468        0x4 C:\Users\emill\Documents\GitHub\thruster-equipment\libClearCore\Debug\libClearCore.a(UsbManager.o)
                0x00007468                ClearCore::UsbManager::Speed(unsigned long)
 .text._ZN9ClearCore10UsbManager5SpeedEv
                0x0000746c        0xc C:\Users\emill\Documents\GitHub\thruster-equipment\libClearCore\Debug\libClearCore.a(UsbManager.o)
                0x0000746c                ClearCore::UsbManager::Speed()
 .text._ZN9ClearCore10UsbManager8PortOpenEv
                0x00007478       0x38 C:\Users\emill\Documents\GitHub\thruster-equipment\libClearCore\Debug\libClearCore.a(UsbManager.o)
                0x00007478                ClearCore::UsbManager::PortOpen()
 .text._ZN9ClearCore10UsbManager10FlushInputEv
                0x000074b0       0x1c C:\Users\emill\Documents\GitHub\thruster-equipment\libClearCore\Debug\libClearCore.a(UsbManager.o)
                0x000074b0                ClearCore::UsbManager::FlushInput()
 .text._ZN9ClearCore10UsbManager18WaitForWriteFinishEv
                0x000074cc       0x34 C:\Users\emill\Documents\GitHub\thruster-equipment\libClearCore\Debug\libClearCore.a(UsbManager.o)
                0x000074cc                ClearCore::UsbManager::WaitForWriteFinish()
 .text._ZN9ClearCore10UsbManagercvbEv
                0x00007500       0x3c C:\Users\emill\Documents\GitHub\thruster-equipment\libClearCore\Debug\libClearCore.a(UsbManager.o)
                0x00007500                ClearCore::UsbManager::operator bool()
 .text._ZN9ClearCore10UsbManager7CharGetEv
                0x0000753c      0x258 C:\Users\emill\Documents\GitHub\thruster-equipment\libClearCore\Debug\libClearCore.a(UsbManager.o)
                0x0000753c                ClearCore::UsbManager::CharGet()
 .text._ZN9ClearCore10UsbManager8CharPeekEv
                0x00007794       0x18 C:\Users\emill\Documents\GitHub\thruster-equipment\libClearCore\Debug\libClearCore.a(UsbManager.o)
                0x00007794                ClearCore::UsbManager::CharPeek()
 .text._ZN9ClearCore10UsbManager8SendCharEh
                0x000077ac       0x68 C:\Users\emill\Documents\GitHub\thruster-equipment\libClearCore\Debug\libClearCore.a(UsbManager.o)
                0x000077ac                ClearCore::UsbManager::SendChar(unsigned char)
 .text._ZN9ClearCore10UsbManager16AvailableForReadEv
                0x00007814       0x10 C:\Users\emill\Documents\GitHub\thruster-equipment\libClearCore\Debug\libClearCore.a(UsbManager.o)
                0x00007814                ClearCore::UsbManager::AvailableForRead()
 .text._ZN9ClearCore10UsbManager17AvailableForWriteEv
                0x00007824       0x14 C:\Users\emill\Documents\GitHub\thruster-equipment\libClearCore\Debug\libClearCore.a(UsbManager.o)
                0x00007824                ClearCore::UsbManager::AvailableForWrite()
 .text._ZN9ClearCore10UsbManager6TxPumpEv
                0x00007838      0x3f4 C:\Users\emill\Documents\GitHub\thruster-equipment\libClearCore\Debug\libClearCore.a(UsbManager.o)
                0x00007838                ClearCore::UsbManager::TxPump()
 .text._ZN9ClearCore10UsbManager9PortCloseEv
                0x00007c2c       0x70 C:\Users\emill\Documents\GitHub\thruster-equipment\libClearCore\Debug\libClearCore.a(UsbManager.o)
                0x00007c2c                ClearCore::UsbManager::PortClose()
 .text._ZN9ClearCore10UsbManager7RefreshEv
                0x00007c9c      0x3f4 C:\Users\emill\Documents\GitHub\thruster-equipment\libClearCore\Debug\libClearCore.a(UsbManager.o)
                0x00007c9c                ClearCore::UsbManager::Refresh()
 .text.startup._GLOBAL__sub_I__ZN9ClearCore6UsbMgrE
                0x00008090       0x10 C:\Users\emill\Documents\GitHub\thruster-equipment\libClearCore\Debug\libClearCore.a(UsbManager.o)
 .text._ZN9ClearCore10SerialBase5SpeedEv
                0x000080a0        0x4 C:\Users\emill\Documents\GitHub\thruster-equipment\libClearCore\Debug\libClearCore.a(SysManager.o)
                0x000080a0                ClearCore::SerialBase::Speed()
 .text._ZN9ClearCore10SerialBase6ParityEv
                0x000080a4        0x4 C:\Users\emill\Documents\GitHub\thruster-equipment\libClearCore\Debug\libClearCore.a(SysManager.o)
                0x000080a4                ClearCore::SerialBase::Parity()
 .text._ZN9ClearCore10SerialBasecvbEv
                0x000080a8        0x4 C:\Users\emill\Documents\GitHub\thruster-equipment\libClearCore\Debug\libClearCore.a(SysManager.o)
                0x000080a8                ClearCore::SerialBase::operator bool()
 .text._ZN9ClearCore11MotorDriverC2Ev
                0x000080ac       0x44 C:\Users\emill\Documents\GitHub\thruster-equipment\libClearCore\Debug\libClearCore.a(SysManager.o)
                0x000080ac                ClearCore::MotorDriver::MotorDriver()
                0x000080ac                ClearCore::MotorDriver::MotorDriver()
 .text._ZN9ClearCore10SysManagerC2Ev
                0x000080f0     0x1784 C:\Users\emill\Documents\GitHub\thruster-equipment\libClearCore\Debug\libClearCore.a(SysManager.o)
                0x000080f0                ClearCore::SysManager::SysManager()
                0x000080f0                ClearCore::SysManager::SysManager()
 .text._ZN9ClearCore10SysManager16ConnectorByIndexE13ClearCorePins
                0x00009874       0x1c C:\Users\emill\Documents\GitHub\thruster-equipment\libClearCore\Debug\libClearCore.a(SysManager.o)
                0x00009874                ClearCore::SysManager::ConnectorByIndex(ClearCorePins)
 .text._ZN9ClearCore10SysManager10InitClocksEv
                0x00009890      0x2dc C:\Users\emill\Documents\GitHub\thruster-equipment\libClearCore\Debug\libClearCore.a(SysManager.o)
                0x00009890                ClearCore::SysManager::InitClocks()
 .text._ZN9ClearCore10SysManager10InitializeEv
                0x00009b6c      0x280 C:\Users\emill\Documents\GitHub\thruster-equipment\libClearCore\Debug\libClearCore.a(SysManager.o)
                0x00009b6c                ClearCore::SysManager::Initialize()
 .text._ZN9ClearCore10SysManager10ResetBoardENS0_10ResetModesE
                0x00009dec       0x38 C:\Users\emill\Documents\GitHub\thruster-equipment\libClearCore\Debug\libClearCore.a(SysManager.o)
                0x00009dec                ClearCore::SysManager::ResetBoard(ClearCore::SysManager::ResetModes)
 .text.GMAC_Handler
                0x00009e24        0xc C:\Users\emill\Documents\GitHub\thruster-equipment\libClearCore\Debug\libClearCore.a(SysManager.o)
                0x00009e24                GMAC_Handler
 .text.SERCOM0_0_Handler
                0x00009e30        0xc C:\Users\emill\Documents\GitHub\thruster-equipment\libClearCore\Debug\libClearCore.a(SysManager.o)
                0x00009e30                SERCOM0_0_Handler
 .text.SERCOM0_2_Handler
                0x00009e3c        0xc C:\Users\emill\Documents\GitHub\thruster-equipment\libClearCore\Debug\libClearCore.a(SysManager.o)
                0x00009e3c                SERCOM0_2_Handler
 .text.SERCOM0_3_Handler
                0x00009e48        0xc C:\Users\emill\Documents\GitHub\thruster-equipment\libClearCore\Debug\libClearCore.a(SysManager.o)
                0x00009e48                SERCOM0_3_Handler
 .text.SERCOM2_0_Handler
                0x00009e54        0xc C:\Users\emill\Documents\GitHub\thruster-equipment\libClearCore\Debug\libClearCore.a(SysManager.o)
                0x00009e54                SERCOM2_0_Handler
 .text.SERCOM2_2_Handler
                0x00009e60        0xc C:\Users\emill\Documents\GitHub\thruster-equipment\libClearCore\Debug\libClearCore.a(SysManager.o)
                0x00009e60                SERCOM2_2_Handler
 .text.SERCOM2_3_Handler
                0x00009e6c        0xc C:\Users\emill\Documents\GitHub\thruster-equipment\libClearCore\Debug\libClearCore.a(SysManager.o)
                0x00009e6c                SERCOM2_3_Handler
 .text.SERCOM7_0_Handler
                0x00009e78        0xc C:\Users\emill\Documents\GitHub\thruster-equipment\libClearCore\Debug\libClearCore.a(SysManager.o)
                0x00009e78                SERCOM7_0_Handler
 .text.SERCOM7_2_Handler
                0x00009e84        0xc C:\Users\emill\Documents\GitHub\thruster-equipment\libClearCore\Debug\libClearCore.a(SysManager.o)
                0x00009e84                SERCOM7_2_Handler
 .text.SERCOM7_3_Handler
                0x00009e90        0xc C:\Users\emill\Documents\GitHub\thruster-equipment\libClearCore\Debug\libClearCore.a(SysManager.o)
                0x00009e90                SERCOM7_3_Handler
 .text.EIC_0_Handler
                0x00009e9c       0x10 C:\Users\emill\Documents\GitHub\thruster-equipment\libClearCore\Debug\libClearCore.a(SysManager.o)
                0x00009e9c                EIC_0_Handler
 .text.EIC_1_Handler
                0x00009eac       0x10 C:\Users\emill\Documents\GitHub\thruster-equipment\libClearCore\Debug\libClearCore.a(SysManager.o)
                0x00009eac                EIC_1_Handler
 .text.EIC_2_Handler
                0x00009ebc       0x10 C:\Users\emill\Documents\GitHub\thruster-equipment\libClearCore\Debug\libClearCore.a(SysManager.o)
                0x00009ebc                EIC_2_Handler
 .text.EIC_3_Handler
                0x00009ecc       0x10 C:\Users\emill\Documents\GitHub\thruster-equipment\libClearCore\Debug\libClearCore.a(SysManager.o)
                0x00009ecc                EIC_3_Handler
 .text.EIC_4_Handler
                0x00009edc       0x10 C:\Users\emill\Documents\GitHub\thruster-equipment\libClearCore\Debug\libClearCore.a(SysManager.o)
                0x00009edc                EIC_4_Handler
 .text.EIC_5_Handler
                0x00009eec       0x10 C:\Users\emill\Documents\GitHub\thruster-equipment\libClearCore\Debug\libClearCore.a(SysManager.o)
                0x00009eec                EIC_5_Handler
 .text.EIC_6_Handler
                0x00009efc       0x10 C:\Users\emill\Documents\GitHub\thruster-equipment\libClearCore\Debug\libClearCore.a(SysManager.o)
                0x00009efc                EIC_6_Handler
 .text.EIC_7_Handler
                0x00009f0c       0x10 C:\Users\emill\Documents\GitHub\thruster-equipment\libClearCore\Debug\libClearCore.a(SysManager.o)
                0x00009f0c                EIC_7_Handler
 .text.EIC_8_Handler
                0x00009f1c       0x10 C:\Users\emill\Documents\GitHub\thruster-equipment\libClearCore\Debug\libClearCore.a(SysManager.o)
                0x00009f1c                EIC_8_Handler
 .text.EIC_9_Handler
                0x00009f2c       0x10 C:\Users\emill\Documents\GitHub\thruster-equipment\libClearCore\Debug\libClearCore.a(SysManager.o)
                0x00009f2c                EIC_9_Handler
 .text.EIC_10_Handler
                0x00009f3c       0x10 C:\Users\emill\Documents\GitHub\thruster-equipment\libClearCore\Debug\libClearCore.a(SysManager.o)
                0x00009f3c                EIC_10_Handler
 .text.EIC_11_Handler
                0x00009f4c       0x10 C:\Users\emill\Documents\GitHub\thruster-equipment\libClearCore\Debug\libClearCore.a(SysManager.o)
                0x00009f4c                EIC_11_Handler
 .text.EIC_12_Handler
                0x00009f5c        0xc C:\Users\emill\Documents\GitHub\thruster-equipment\libClearCore\Debug\libClearCore.a(SysManager.o)
                0x00009f5c                EIC_12_Handler
 .text.EIC_13_Handler
                0x00009f68       0x10 C:\Users\emill\Documents\GitHub\thruster-equipment\libClearCore\Debug\libClearCore.a(SysManager.o)
                0x00009f68                EIC_13_Handler
 .text.EIC_14_Handler
                0x00009f78       0x10 C:\Users\emill\Documents\GitHub\thruster-equipment\libClearCore\Debug\libClearCore.a(SysManager.o)
                0x00009f78                EIC_14_Handler
 .text.EIC_15_Handler
                0x00009f88       0x10 C:\Users\emill\Documents\GitHub\thruster-equipment\libClearCore\Debug\libClearCore.a(SysManager.o)
                0x00009f88                EIC_15_Handler
 .text.TCC3_0_Handler
                0x00009f98       0x18 C:\Users\emill\Documents\GitHub\thruster-equipment\libClearCore\Debug\libClearCore.a(SysManager.o)
                0x00009f98                TCC3_0_Handler
 .text.TCC4_0_Handler
                0x00009fb0       0x18 C:\Users\emill\Documents\GitHub\thruster-equipment\libClearCore\Debug\libClearCore.a(SysManager.o)
                0x00009fb0                TCC4_0_Handler
 .text.SysTick_Handler
                0x00009fc8       0x54 C:\Users\emill\Documents\GitHub\thruster-equipment\libClearCore\Debug\libClearCore.a(SysManager.o)
                0x00009fc8                SysTick_Handler
 .text.TCC0_0_Handler
                0x0000a01c      0x110 C:\Users\emill\Documents\GitHub\thruster-equipment\libClearCore\Debug\libClearCore.a(SysManager.o)
                0x0000a01c                TCC0_0_Handler
 .text.Reset_Handler
                0x0000a12c       0x68 C:\Users\emill\Documents\GitHub\thruster-equipment\libClearCore\Debug\libClearCore.a(SysManager.o)
                0x0000a12c                Reset_Handler
 .text.startup._GLOBAL__sub_I__ZN9ClearCore11FastSysTickE
                0x0000a194      0x1e8 C:\Users\emill\Documents\GitHub\thruster-equipment\libClearCore\Debug\libClearCore.a(SysManager.o)
 .text._ZN9ClearCore9SysTiming8InstanceEv
                0x0000a37c       0x48 C:\Users\emill\Documents\GitHub\thruster-equipment\libClearCore\Debug\libClearCore.a(SysTiming.o)
                0x0000a37c                ClearCore::SysTiming::Instance()
 .text._ZN9ClearCore9SysTiming8IsrStartEv
                0x0000a3c4        0xc C:\Users\emill\Documents\GitHub\thruster-equipment\libClearCore\Debug\libClearCore.a(SysTiming.o)
                0x0000a3c4                ClearCore::SysTiming::IsrStart()
 .text._ZN9ClearCore9SysTiming6IsrEndEv
                0x0000a3d0       0x20 C:\Users\emill\Documents\GitHub\thruster-equipment\libClearCore\Debug\libClearCore.a(SysTiming.o)
                0x0000a3d0                ClearCore::SysTiming::IsrEnd()
 .text._ZN9ClearCore9SysTiming6UpdateEv
                0x0000a3f0       0x78 C:\Users\emill\Documents\GitHub\thruster-equipment\libClearCore\Debug\libClearCore.a(SysTiming.o)
                0x0000a3f0                ClearCore::SysTiming::Update()
 .text._ZN9ClearCore9SysTiming21SysTickPeriodMicroSecEm
                0x0000a468       0x4c C:\Users\emill\Documents\GitHub\thruster-equipment\libClearCore\Debug\libClearCore.a(SysTiming.o)
                0x0000a468                ClearCore::SysTiming::SysTickPeriodMicroSec(unsigned long)
 .text.Milliseconds
                0x0000a4b4        0xc C:\Users\emill\Documents\GitHub\thruster-equipment\libClearCore\Debug\libClearCore.a(SysTiming.o)
                0x0000a4b4                Milliseconds
 .text.Microseconds
                0x0000a4c0       0x48 C:\Users\emill\Documents\GitHub\thruster-equipment\libClearCore\Debug\libClearCore.a(SysTiming.o)
                0x0000a4c0                Microseconds
 .text.Delay_cycles
                0x0000a508       0x3c C:\Users\emill\Documents\GitHub\thruster-equipment\libClearCore\Debug\libClearCore.a(SysTiming.o)
                0x0000a508                Delay_cycles
 .text.startup._GLOBAL__sub_I__ZN9ClearCore7tickCntE
                0x0000a544       0x10 C:\Users\emill\Documents\GitHub\thruster-equipment\libClearCore\Debug\libClearCore.a(SysTiming.o)
 .text._Z15ethernetif_initP5netif
                0x0000a554       0x5c C:\Users\emill\Documents\GitHub\thruster-equipment\libClearCore\Debug\libClearCore.a(EthernetManager.o)
                0x0000a554                ethernetif_init(netif*)
 .text._ZL11PacketWriteP6ethIntPhm.isra.0
                0x0000a5b0      0x118 C:\Users\emill\Documents\GitHub\thruster-equipment\libClearCore\Debug\libClearCore.a(EthernetManager.o)
 .text._ZL16low_level_outputP5netifP4pbuf
                0x0000a6c8       0x6c C:\Users\emill\Documents\GitHub\thruster-equipment\libClearCore\Debug\libClearCore.a(EthernetManager.o)
 .text._Z10PacketReadP6ethIntPhm
                0x0000a734       0xfc C:\Users\emill\Documents\GitHub\thruster-equipment\libClearCore\Debug\libClearCore.a(EthernetManager.o)
                0x0000a734                PacketRead(ethInt*, unsigned char*, unsigned long)
 .text._ZN9ClearCore15EthernetManager8InstanceEv
                0x0000a830       0xe8 C:\Users\emill\Documents\GitHub\thruster-equipment\libClearCore\Debug\libClearCore.a(EthernetManager.o)
                0x0000a830                ClearCore::EthernetManager::Instance()
 .text._ZN9ClearCore15EthernetManager13PhyInitializeEv
                0x0000a918      0x110 C:\Users\emill\Documents\GitHub\thruster-equipment\libClearCore\Debug\libClearCore.a(EthernetManager.o)
                0x0000a918                ClearCore::EthernetManager::PhyInitialize()
 .text._ZN9ClearCore15EthernetManager10InitializeEv
                0x0000aa28      0x578 C:\Users\emill\Documents\GitHub\thruster-equipment\libClearCore\Debug\libClearCore.a(EthernetManager.o)
                0x0000aa28                ClearCore::EthernetManager::Initialize()
 .text._ZN9ClearCore15EthernetManager13IrqHandlerPhyEv
                0x0000afa0      0x378 C:\Users\emill\Documents\GitHub\thruster-equipment\libClearCore\Debug\libClearCore.a(EthernetManager.o)
                0x0000afa0                ClearCore::EthernetManager::IrqHandlerPhy()
 .text._ZN9ClearCore15EthernetManager14IrqHandlerGmacEv
                0x0000b318       0x34 C:\Users\emill\Documents\GitHub\thruster-equipment\libClearCore\Debug\libClearCore.a(EthernetManager.o)
                0x0000b318                ClearCore::EthernetManager::IrqHandlerGmac()
 .text._ZN9ClearCore15EthernetManager7LocalIpEv
                0x0000b34c        0x8 C:\Users\emill\Documents\GitHub\thruster-equipment\libClearCore\Debug\libClearCore.a(EthernetManager.o)
                0x0000b34c                ClearCore::EthernetManager::LocalIp()
 .text._ZN9ClearCore15EthernetManager5SetupEv
                0x0000b354       0x88 C:\Users\emill\Documents\GitHub\thruster-equipment\libClearCore\Debug\libClearCore.a(EthernetManager.o)
                0x0000b354                ClearCore::EthernetManager::Setup()
 .text._ZN9ClearCore15EthernetManager7RefreshEv
                0x0000b3dc       0xbc C:\Users\emill\Documents\GitHub\thruster-equipment\libClearCore\Debug\libClearCore.a(EthernetManager.o)
                0x0000b3dc                ClearCore::EthernetManager::Refresh()
 .text._ZN9ClearCore15EthernetManager9DhcpBeginEv
                0x0000b498       0x8c C:\Users\emill\Documents\GitHub\thruster-equipment\libClearCore\Debug\libClearCore.a(EthernetManager.o)
                0x0000b498                ClearCore::EthernetManager::DhcpBegin()
 .text.startup._GLOBAL__sub_I__Z12PacketLengthP6ethInt
                0x0000b524       0x10 C:\Users\emill\Documents\GitHub\thruster-equipment\libClearCore\Debug\libClearCore.a(EthernetManager.o)
 .text._ZN9ClearCore13ShiftRegisterC2Ev
                0x0000b534      0x124 C:\Users\emill\Documents\GitHub\thruster-equipment\libClearCore\Debug\libClearCore.a(ShiftRegister.o)
                0x0000b534                ClearCore::ShiftRegister::ShiftRegister()
                0x0000b534                ClearCore::ShiftRegister::ShiftRegister()
 .text._ZN9ClearCore13ShiftRegister10InitializeEv
                0x0000b658      0x1a4 C:\Users\emill\Documents\GitHub\thruster-equipment\libClearCore\Debug\libClearCore.a(ShiftRegister.o)
                0x0000b658                ClearCore::ShiftRegister::Initialize()
 .text._ZN9ClearCore13ShiftRegister6UpdateEv
                0x0000b7fc      0x414 C:\Users\emill\Documents\GitHub\thruster-equipment\libClearCore\Debug\libClearCore.a(ShiftRegister.o)
                0x0000b7fc                ClearCore::ShiftRegister::Update()
 .text._ZN9ClearCore13ShiftRegister18DiagnosticLedSweepEv
                0x0000bc10      0x148 C:\Users\emill\Documents\GitHub\thruster-equipment\libClearCore\Debug\libClearCore.a(ShiftRegister.o)
                0x0000bc10                ClearCore::ShiftRegister::DiagnosticLedSweep()
 .text._ZN9ClearCore12MotorManager8InstanceEv
                0x0000bd58       0x44 C:\Users\emill\Documents\GitHub\thruster-equipment\libClearCore\Debug\libClearCore.a(MotorManager.o)
                0x0000bd58                ClearCore::MotorManager::Instance()
 .text._ZN9ClearCore12MotorManager18MotorInputClockingENS0_15MotorClockRatesE
                0x0000bd9c      0x120 C:\Users\emill\Documents\GitHub\thruster-equipment\libClearCore\Debug\libClearCore.a(MotorManager.o)
                0x0000bd9c                ClearCore::MotorManager::MotorInputClocking(ClearCore::MotorManager::MotorClockRates)
 .text._ZN9ClearCore12MotorManager12MotorModeSetENS0_9MotorPairENS_9Connector14ConnectorModesE
                0x0000bebc       0xec C:\Users\emill\Documents\GitHub\thruster-equipment\libClearCore\Debug\libClearCore.a(MotorManager.o)
                0x0000bebc                ClearCore::MotorManager::MotorModeSet(ClearCore::MotorManager::MotorPair, ClearCore::Connector::ConnectorModes)
 .text._ZN9ClearCore12MotorManager10InitializeEv
                0x0000bfa8      0x10c C:\Users\emill\Documents\GitHub\thruster-equipment\libClearCore\Debug\libClearCore.a(MotorManager.o)
                0x0000bfa8                ClearCore::MotorManager::Initialize()
 .text.startup._GLOBAL__sub_I__ZN9ClearCore8MotorMgrE
                0x0000c0b4       0x10 C:\Users\emill\Documents\GitHub\thruster-equipment\libClearCore\Debug\libClearCore.a(MotorManager.o)
 .text._ZN9ClearCore13StepGenerator4MoveElNS0_10MoveTargetE
                0x0000c0c4       0x74 C:\Users\emill\Documents\GitHub\thruster-equipment\libClearCore\Debug\libClearCore.a(StepGenerator.o)
                0x0000c0c4                ClearCore::StepGenerator::Move(long, ClearCore::StepGenerator::MoveTarget)
 .text._ZN9ClearCore13StepGenerator12MoveVelocityEl
                0x0000c138       0x94 C:\Users\emill\Documents\GitHub\thruster-equipment\libClearCore\Debug\libClearCore.a(StepGenerator.o)
                0x0000c138                ClearCore::StepGenerator::MoveVelocity(long)
 .text._ZN9ClearCore13StepGenerator15StepsCalculatedEv
                0x0000c1cc      0x4ec C:\Users\emill\Documents\GitHub\thruster-equipment\libClearCore\Debug\libClearCore.a(StepGenerator.o)
                0x0000c1cc                ClearCore::StepGenerator::StepsCalculated()
 .text._ZN9ClearCore13StepGeneratorC2Ev
                0x0000c6b8       0x64 C:\Users\emill\Documents\GitHub\thruster-equipment\libClearCore\Debug\libClearCore.a(StepGenerator.o)
                0x0000c6b8                ClearCore::StepGenerator::StepGenerator()
                0x0000c6b8                ClearCore::StepGenerator::StepGenerator()
 .text._ZN9ClearCore13StepGenerator14MoveStopAbruptEv
                0x0000c71c       0x34 C:\Users\emill\Documents\GitHub\thruster-equipment\libClearCore\Debug\libClearCore.a(StepGenerator.o)
                0x0000c71c                ClearCore::StepGenerator::MoveStopAbrupt()
 .text._ZN9ClearCore13StepGenerator13MoveStopDecelEm
                0x0000c750       0x58 C:\Users\emill\Documents\GitHub\thruster-equipment\libClearCore\Debug\libClearCore.a(StepGenerator.o)
                0x0000c750                ClearCore::StepGenerator::MoveStopDecel(unsigned long)
 .text._ZN9ClearCore13StepGenerator6VelMaxEm
                0x0000c7a8       0x4c C:\Users\emill\Documents\GitHub\thruster-equipment\libClearCore\Debug\libClearCore.a(StepGenerator.o)
                0x0000c7a8                ClearCore::StepGenerator::VelMax(unsigned long)
 *fill*         0x0000c7f4        0x4 
 .text._ZN9ClearCore13StepGenerator8AccelMaxEm
                0x0000c7f8       0x30 C:\Users\emill\Documents\GitHub\thruster-equipment\libClearCore\Debug\libClearCore.a(StepGenerator.o)
                0x0000c7f8                ClearCore::StepGenerator::AccelMax(unsigned long)
 .text._ZN9ClearCore13StepGenerator20StepsPerSampleMaxSetEm
                0x0000c828       0x68 C:\Users\emill\Documents\GitHub\thruster-equipment\libClearCore\Debug\libClearCore.a(StepGenerator.o)
                0x0000c828                ClearCore::StepGenerator::StepsPerSampleMaxSet(unsigned long)
 .text._ZN9ClearCore13StepGenerator17CheckTravelLimitsEv
                0x0000c890       0x80 C:\Users\emill\Documents\GitHub\thruster-equipment\libClearCore\Debug\libClearCore.a(StepGenerator.o)
                0x0000c890                ClearCore::StepGenerator::CheckTravelLimits()
 .text.SystemInit
                0x0000c910      0x2b0 C:\Users\emill\Documents\GitHub\thruster-equipment\libClearCore\Debug\libClearCore.a(system_same53.o)
                0x0000c910                SystemInit
 .text.GClkFreqUpdate
                0x0000cbc0       0x44 C:\Users\emill\Documents\GitHub\thruster-equipment\libClearCore\Debug\libClearCore.a(system_same53.o)
                0x0000cbc0                GClkFreqUpdate
 .text._ZN9ClearCore12EncoderInputC2Ev
                0x0000cc04       0x54 C:\Users\emill\Documents\GitHub\thruster-equipment\libClearCore\Debug\libClearCore.a(EncoderInput.o)
                0x0000cc04                ClearCore::EncoderInput::EncoderInput()
                0x0000cc04                ClearCore::EncoderInput::EncoderInput()
 .text._ZN9ClearCore12EncoderInput10InitializeEv
                0x0000cc58       0x5c C:\Users\emill\Documents\GitHub\thruster-equipment\libClearCore\Debug\libClearCore.a(EncoderInput.o)
                0x0000cc58                ClearCore::EncoderInput::Initialize()
 .text._ZN9ClearCore12EncoderInput6UpdateEv
                0x0000ccb4       0xbc C:\Users\emill\Documents\GitHub\thruster-equipment\libClearCore\Debug\libClearCore.a(EncoderInput.o)
                0x0000ccb4                ClearCore::EncoderInput::Update()
 .text.cdcdf_acm_req
                0x0000cd70       0xe0 C:\Users\emill\Documents\GitHub\thruster-equipment\libClearCore\Debug\libClearCore.a(cdcdf_acm.o)
 .text.cdcdf_acm_ctrl
                0x0000ce50      0x130 C:\Users\emill\Documents\GitHub\thruster-equipment\libClearCore\Debug\libClearCore.a(cdcdf_acm.o)
 .text.cdcdf_acm_init
                0x0000cf80       0x3c C:\Users\emill\Documents\GitHub\thruster-equipment\libClearCore\Debug\libClearCore.a(cdcdf_acm.o)
                0x0000cf80                cdcdf_acm_init
 .text.cdcdf_acm_read
                0x0000cfbc       0x28 C:\Users\emill\Documents\GitHub\thruster-equipment\libClearCore\Debug\libClearCore.a(cdcdf_acm.o)
                0x0000cfbc                cdcdf_acm_read
 .text.cdcdf_acm_write
                0x0000cfe4       0x28 C:\Users\emill\Documents\GitHub\thruster-equipment\libClearCore\Debug\libClearCore.a(cdcdf_acm.o)
                0x0000cfe4                cdcdf_acm_write
 .text.cdcdf_acm_stop_xfer
                0x0000d00c       0x18 C:\Users\emill\Documents\GitHub\thruster-equipment\libClearCore\Debug\libClearCore.a(cdcdf_acm.o)
                0x0000d00c                cdcdf_acm_stop_xfer
 .text.cdcdf_acm_register_callback
                0x0000d024       0x50 C:\Users\emill\Documents\GitHub\thruster-equipment\libClearCore\Debug\libClearCore.a(cdcdf_acm.o)
                0x0000d024                cdcdf_acm_register_callback
 .text.cdcdf_acm_is_enabled
                0x0000d074        0xc C:\Users\emill\Documents\GitHub\thruster-equipment\libClearCore\Debug\libClearCore.a(cdcdf_acm.o)
                0x0000d074                cdcdf_acm_is_enabled
 .text.cdcdf_acm_get_line_coding
                0x0000d080        0x8 C:\Users\emill\Documents\GitHub\thruster-equipment\libClearCore\Debug\libClearCore.a(cdcdf_acm.o)
                0x0000d080                cdcdf_acm_get_line_coding
 .text.usbd_sof_cb
                0x0000d088       0x1c C:\Users\emill\Documents\GitHub\thruster-equipment\libClearCore\Debug\libClearCore.a(usbdc.o)
 .text.usbdc_cb_ctl_done
                0x0000d0a4       0x9c C:\Users\emill\Documents\GitHub\thruster-equipment\libClearCore\Debug\libClearCore.a(usbdc.o)
 .text.usbdc_cb_ctl_req
                0x0000d140      0x408 C:\Users\emill\Documents\GitHub\thruster-equipment\libClearCore\Debug\libClearCore.a(usbdc.o)
 .text.usbd_event_cb
                0x0000d548       0x7c C:\Users\emill\Documents\GitHub\thruster-equipment\libClearCore\Debug\libClearCore.a(usbdc.o)
 .text.usbdc_xfer
                0x0000d5c4       0x1c C:\Users\emill\Documents\GitHub\thruster-equipment\libClearCore\Debug\libClearCore.a(usbdc.o)
                0x0000d5c4                usbdc_xfer
 .text.usbdc_register_handler
                0x0000d5e0       0x2c C:\Users\emill\Documents\GitHub\thruster-equipment\libClearCore\Debug\libClearCore.a(usbdc.o)
                0x0000d5e0                usbdc_register_handler
 .text.usbdc_init
                0x0000d60c       0x50 C:\Users\emill\Documents\GitHub\thruster-equipment\libClearCore\Debug\libClearCore.a(usbdc.o)
                0x0000d60c                usbdc_init
 .text.usbdc_register_function
                0x0000d65c        0xc C:\Users\emill\Documents\GitHub\thruster-equipment\libClearCore\Debug\libClearCore.a(usbdc.o)
                0x0000d65c                usbdc_register_function
 .text.usbdc_start
                0x0000d668       0x30 C:\Users\emill\Documents\GitHub\thruster-equipment\libClearCore\Debug\libClearCore.a(usbdc.o)
                0x0000d668                usbdc_start
 .text.usbdc_attach
                0x0000d698        0x4 C:\Users\emill\Documents\GitHub\thruster-equipment\libClearCore\Debug\libClearCore.a(usbdc.o)
                0x0000d698                usbdc_attach
 .text.usbdc_get_ctrl_buffer
                0x0000d69c        0xc C:\Users\emill\Documents\GitHub\thruster-equipment\libClearCore\Debug\libClearCore.a(usbdc.o)
                0x0000d69c                usbdc_get_ctrl_buffer
 .text.usbdc_get_state
                0x0000d6a8       0x14 C:\Users\emill\Documents\GitHub\thruster-equipment\libClearCore\Debug\libClearCore.a(usbdc.o)
                0x0000d6a8                usbdc_get_state
 .text.usb_find_desc
                0x0000d6bc       0x34 C:\Users\emill\Documents\GitHub\thruster-equipment\libClearCore\Debug\libClearCore.a(usb_protocol.o)
                0x0000d6bc                usb_find_desc
 .text.usb_find_ep_desc
                0x0000d6f0       0x34 C:\Users\emill\Documents\GitHub\thruster-equipment\libClearCore\Debug\libClearCore.a(usb_protocol.o)
                0x0000d6f0                usb_find_ep_desc
 .text.usb_find_cfg_desc
                0x0000d724       0x58 C:\Users\emill\Documents\GitHub\thruster-equipment\libClearCore\Debug\libClearCore.a(usb_protocol.o)
                0x0000d724                usb_find_cfg_desc
 .text.usb_find_str_desc
                0x0000d77c       0x38 C:\Users\emill\Documents\GitHub\thruster-equipment\libClearCore\Debug\libClearCore.a(usb_protocol.o)
                0x0000d77c                usb_find_str_desc
 .text.usb_d_dummy_cb_false
                0x0000d7b4        0x4 C:\Users\emill\Documents\GitHub\thruster-equipment\libClearCore\Debug\libClearCore.a(hal_usb_device.o)
 .text.usb_d_cb_trans_more
                0x0000d7b8       0x44 C:\Users\emill\Documents\GitHub\thruster-equipment\libClearCore\Debug\libClearCore.a(hal_usb_device.o)
 .text._usb_d_cb_trans_done
                0x0000d7fc      0x13c C:\Users\emill\Documents\GitHub\thruster-equipment\libClearCore\Debug\libClearCore.a(hal_usb_device.o)
 .text.usb_d_cb_trans_setup
                0x0000d938       0xa4 C:\Users\emill\Documents\GitHub\thruster-equipment\libClearCore\Debug\libClearCore.a(hal_usb_device.o)
 .text.usb_d_init
                0x0000d9dc      0x104 C:\Users\emill\Documents\GitHub\thruster-equipment\libClearCore\Debug\libClearCore.a(hal_usb_device.o)
                0x0000d9dc                usb_d_init
 .text.usb_d_register_callback
                0x0000dae0        0x4 C:\Users\emill\Documents\GitHub\thruster-equipment\libClearCore\Debug\libClearCore.a(hal_usb_device.o)
                0x0000dae0                usb_d_register_callback
 .text.usb_d_enable
                0x0000dae4        0x4 C:\Users\emill\Documents\GitHub\thruster-equipment\libClearCore\Debug\libClearCore.a(hal_usb_device.o)
                0x0000dae4                usb_d_enable
 .text.usb_d_attach
                0x0000dae8        0x4 C:\Users\emill\Documents\GitHub\thruster-equipment\libClearCore\Debug\libClearCore.a(hal_usb_device.o)
                0x0000dae8                usb_d_attach
 .text.usb_d_set_address
                0x0000daec        0x4 C:\Users\emill\Documents\GitHub\thruster-equipment\libClearCore\Debug\libClearCore.a(hal_usb_device.o)
                0x0000daec                usb_d_set_address
 .text.usb_d_ep0_init
                0x0000daf0       0x9c C:\Users\emill\Documents\GitHub\thruster-equipment\libClearCore\Debug\libClearCore.a(hal_usb_device.o)
                0x0000daf0                usb_d_ep0_init
 .text.usb_d_ep_init
                0x0000db8c       0x6c C:\Users\emill\Documents\GitHub\thruster-equipment\libClearCore\Debug\libClearCore.a(hal_usb_device.o)
                0x0000db8c                usb_d_ep_init
 .text.usb_d_ep_deinit
                0x0000dbf8       0x38 C:\Users\emill\Documents\GitHub\thruster-equipment\libClearCore\Debug\libClearCore.a(hal_usb_device.o)
                0x0000dbf8                usb_d_ep_deinit
 .text.usb_d_ep_enable
                0x0000dc30       0x54 C:\Users\emill\Documents\GitHub\thruster-equipment\libClearCore\Debug\libClearCore.a(hal_usb_device.o)
                0x0000dc30                usb_d_ep_enable
 .text.usb_d_ep_transfer
                0x0000dc84      0x128 C:\Users\emill\Documents\GitHub\thruster-equipment\libClearCore\Debug\libClearCore.a(hal_usb_device.o)
                0x0000dc84                usb_d_ep_transfer
 .text.usb_d_ep_abort
                0x0000ddac       0x3c C:\Users\emill\Documents\GitHub\thruster-equipment\libClearCore\Debug\libClearCore.a(hal_usb_device.o)
                0x0000ddac                usb_d_ep_abort
 .text.usb_d_ep_halt
                0x0000dde8       0x70 C:\Users\emill\Documents\GitHub\thruster-equipment\libClearCore\Debug\libClearCore.a(hal_usb_device.o)
                0x0000dde8                usb_d_ep_halt
 .text.usb_d_ep_register_callback
                0x0000de58       0x5c C:\Users\emill\Documents\GitHub\thruster-equipment\libClearCore\Debug\libClearCore.a(hal_usb_device.o)
                0x0000de58                usb_d_ep_register_callback
 .text.assert   0x0000deb4        0x8 C:\Users\emill\Documents\GitHub\thruster-equipment\libClearCore\Debug\libClearCore.a(utils_assert.o)
                0x0000deb4                assert
 .text.list_insert_at_end
                0x0000debc       0x48 C:\Users\emill\Documents\GitHub\thruster-equipment\libClearCore\Debug\libClearCore.a(utils_list.o)
                0x0000debc                list_insert_at_end
 .text._ZN9ClearCore10AdcManager8InstanceEv
                0x0000df04       0x88 C:\Users\emill\Documents\GitHub\thruster-equipment\libClearCore\Debug\libClearCore.a(AdcManager.o)
                0x0000df04                ClearCore::AdcManager::Instance()
 .text._ZN9ClearCore10AdcManager10InitializeEv
                0x0000df8c      0x374 C:\Users\emill\Documents\GitHub\thruster-equipment\libClearCore\Debug\libClearCore.a(AdcManager.o)
                0x0000df8c                ClearCore::AdcManager::Initialize()
 .text._ZN9ClearCore10AdcManager6UpdateEv
                0x0000e300      0x244 C:\Users\emill\Documents\GitHub\thruster-equipment\libClearCore\Debug\libClearCore.a(AdcManager.o)
                0x0000e300                ClearCore::AdcManager::Update()
 .text._ZN9ClearCore10AdcManager8FilterTcENS0_11AdcChannelsEtNS0_11FilterUnitsE
                0x0000e544       0x9c C:\Users\emill\Documents\GitHub\thruster-equipment\libClearCore\Debug\libClearCore.a(AdcManager.o)
                0x0000e544                ClearCore::AdcManager::FilterTc(ClearCore::AdcManager::AdcChannels, unsigned short, ClearCore::AdcManager::FilterUnits)
 .text.startup._GLOBAL__sub_I__ZN9ClearCore6AdcMgrE
                0x0000e5e0       0x4c C:\Users\emill\Documents\GitHub\thruster-equipment\libClearCore\Debug\libClearCore.a(AdcManager.o)
 .text._ZN9ClearCore12DigitalInOut11IsInHwFaultEv
                0x0000e62c        0x8 C:\Users\emill\Documents\GitHub\thruster-equipment\libClearCore\Debug\libClearCore.a(DigitalInOutAnalogOut.o)
                0x0000e62c                ClearCore::DigitalInOut::IsInHwFault()
 .text._ZN9ClearCore21DigitalInOutAnalogOut4ModeEv
                0x0000e634        0x4 C:\Users\emill\Documents\GitHub\thruster-equipment\libClearCore\Debug\libClearCore.a(DigitalInOutAnalogOut.o)
                0x0000e634                ClearCore::DigitalInOutAnalogOut::Mode()
 .text._ZN9ClearCore21DigitalInOutAnalogOut4TypeEv
                0x0000e638        0x4 C:\Users\emill\Documents\GitHub\thruster-equipment\libClearCore\Debug\libClearCore.a(DigitalInOutAnalogOut.o)
                0x0000e638                ClearCore::DigitalInOutAnalogOut::Type()
 .text._ZN9ClearCore21DigitalInOutAnalogOut10IsWritableEv
                0x0000e63c       0x14 C:\Users\emill\Documents\GitHub\thruster-equipment\libClearCore\Debug\libClearCore.a(DigitalInOutAnalogOut.o)
                0x0000e63c                ClearCore::DigitalInOutAnalogOut::IsWritable()
 .text._ZN9ClearCore21DigitalInOutAnalogOutC2ENS_13ShiftRegister5MasksEPK15PeripheralRouteS5_S5_b
                0x0000e650       0x34 C:\Users\emill\Documents\GitHub\thruster-equipment\libClearCore\Debug\libClearCore.a(DigitalInOutAnalogOut.o)
                0x0000e650                ClearCore::DigitalInOutAnalogOut::DigitalInOutAnalogOut(ClearCore::ShiftRegister::Masks, PeripheralRoute const*, PeripheralRoute const*, PeripheralRoute const*, bool)
                0x0000e650                ClearCore::DigitalInOutAnalogOut::DigitalInOutAnalogOut(ClearCore::ShiftRegister::Masks, PeripheralRoute const*, PeripheralRoute const*, PeripheralRoute const*, bool)
 .text._ZN9ClearCore21DigitalInOutAnalogOut13DacInitializeEv
                0x0000e684      0x100 C:\Users\emill\Documents\GitHub\thruster-equipment\libClearCore\Debug\libClearCore.a(DigitalInOutAnalogOut.o)
                0x0000e684                ClearCore::DigitalInOutAnalogOut::DacInitialize()
 .text._ZN9ClearCore21DigitalInOutAnalogOut9DacEnableEv
                0x0000e784       0xc8 C:\Users\emill\Documents\GitHub\thruster-equipment\libClearCore\Debug\libClearCore.a(DigitalInOutAnalogOut.o)
                0x0000e784                ClearCore::DigitalInOutAnalogOut::DacEnable()
 .text._ZN9ClearCore21DigitalInOutAnalogOut7RefreshEv
                0x0000e84c       0x18 C:\Users\emill\Documents\GitHub\thruster-equipment\libClearCore\Debug\libClearCore.a(DigitalInOutAnalogOut.o)
                0x0000e84c                ClearCore::DigitalInOutAnalogOut::Refresh()
 .text._ZN9ClearCore21DigitalInOutAnalogOut4ModeENS_9Connector14ConnectorModesE
                0x0000e864       0xf8 C:\Users\emill\Documents\GitHub\thruster-equipment\libClearCore\Debug\libClearCore.a(DigitalInOutAnalogOut.o)
                0x0000e864                ClearCore::DigitalInOutAnalogOut::Mode(ClearCore::Connector::ConnectorModes)
 .text._ZN9ClearCore21DigitalInOutAnalogOut5StateEv
                0x0000e95c       0x1c C:\Users\emill\Documents\GitHub\thruster-equipment\libClearCore\Debug\libClearCore.a(DigitalInOutAnalogOut.o)
                0x0000e95c                ClearCore::DigitalInOutAnalogOut::State()
 .text._ZN9ClearCore21DigitalInOutAnalogOut5StateEs
                0x0000e978       0x9c C:\Users\emill\Documents\GitHub\thruster-equipment\libClearCore\Debug\libClearCore.a(DigitalInOutAnalogOut.o)
                0x0000e978                ClearCore::DigitalInOutAnalogOut::State(short)
 .text._ZN9ClearCore21DigitalInOutAnalogOut10InitializeE13ClearCorePins
                0x0000ea14       0xa0 C:\Users\emill\Documents\GitHub\thruster-equipment\libClearCore\Debug\libClearCore.a(DigitalInOutAnalogOut.o)
                0x0000ea14                ClearCore::DigitalInOutAnalogOut::Initialize(ClearCorePins)
 .text._ZN9ClearCore9DigitalIn11IsInHwFaultEv
                0x0000eab4        0x4 C:\Users\emill\Documents\GitHub\thruster-equipment\libClearCore\Debug\libClearCore.a(DigitalInAnalogIn.o)
                0x0000eab4                ClearCore::DigitalIn::IsInHwFault()
 .text._ZN9ClearCore17DigitalInAnalogIn4ModeEv
                0x0000eab8        0x4 C:\Users\emill\Documents\GitHub\thruster-equipment\libClearCore\Debug\libClearCore.a(DigitalInAnalogIn.o)
                0x0000eab8                ClearCore::DigitalInAnalogIn::Mode()
 .text._ZN9ClearCore17DigitalInAnalogIn4TypeEv
                0x0000eabc        0x4 C:\Users\emill\Documents\GitHub\thruster-equipment\libClearCore\Debug\libClearCore.a(DigitalInAnalogIn.o)
                0x0000eabc                ClearCore::DigitalInAnalogIn::Type()
 .text._ZN9ClearCore17DigitalInAnalogIn10IsWritableEv
                0x0000eac0        0x4 C:\Users\emill\Documents\GitHub\thruster-equipment\libClearCore\Debug\libClearCore.a(DigitalInAnalogIn.o)
                0x0000eac0                ClearCore::DigitalInAnalogIn::IsWritable()
 .text._ZN9ClearCore17DigitalInAnalogIn5StateEs
                0x0000eac4        0x4 C:\Users\emill\Documents\GitHub\thruster-equipment\libClearCore\Debug\libClearCore.a(DigitalInAnalogIn.o)
                0x0000eac4                ClearCore::DigitalInAnalogIn::State(short)
 .text._ZN9ClearCore17DigitalInAnalogIn4ModeENS_9Connector14ConnectorModesE
                0x0000eac8       0xfc C:\Users\emill\Documents\GitHub\thruster-equipment\libClearCore\Debug\libClearCore.a(DigitalInAnalogIn.o)
                0x0000eac8                ClearCore::DigitalInAnalogIn::Mode(ClearCore::Connector::ConnectorModes)
 .text._ZN9ClearCore17DigitalInAnalogInC2ENS_13ShiftRegister5MasksES2_PK15PeripheralRouteNS_10AdcManager11AdcChannelsE
                0x0000ebc4       0x2c C:\Users\emill\Documents\GitHub\thruster-equipment\libClearCore\Debug\libClearCore.a(DigitalInAnalogIn.o)
                0x0000ebc4                ClearCore::DigitalInAnalogIn::DigitalInAnalogIn(ClearCore::ShiftRegister::Masks, ClearCore::ShiftRegister::Masks, PeripheralRoute const*, ClearCore::AdcManager::AdcChannels)
                0x0000ebc4                ClearCore::DigitalInAnalogIn::DigitalInAnalogIn(ClearCore::ShiftRegister::Masks, ClearCore::ShiftRegister::Masks, PeripheralRoute const*, ClearCore::AdcManager::AdcChannels)
 .text._ZN9ClearCore17DigitalInAnalogIn7RefreshEv
                0x0000ebf0       0x78 C:\Users\emill\Documents\GitHub\thruster-equipment\libClearCore\Debug\libClearCore.a(DigitalInAnalogIn.o)
                0x0000ebf0                ClearCore::DigitalInAnalogIn::Refresh()
 .text._ZN9ClearCore17DigitalInAnalogIn10InitializeE13ClearCorePins
                0x0000ec68       0xb4 C:\Users\emill\Documents\GitHub\thruster-equipment\libClearCore\Debug\libClearCore.a(DigitalInAnalogIn.o)
                0x0000ec68                ClearCore::DigitalInAnalogIn::Initialize(ClearCorePins)
 .text._ZN9ClearCore17DigitalInAnalogIn5StateEv
                0x0000ed1c       0x48 C:\Users\emill\Documents\GitHub\thruster-equipment\libClearCore\Debug\libClearCore.a(DigitalInAnalogIn.o)
                0x0000ed1c                ClearCore::DigitalInAnalogIn::State()
 .text._ZN9ClearCore12DigitalInOut4ModeEv
                0x0000ed64        0x4 C:\Users\emill\Documents\GitHub\thruster-equipment\libClearCore\Debug\libClearCore.a(DigitalInOut.o)
                0x0000ed64                ClearCore::DigitalInOut::Mode()
 .text._ZN9ClearCore12DigitalInOut4TypeEv
                0x0000ed68        0x4 C:\Users\emill\Documents\GitHub\thruster-equipment\libClearCore\Debug\libClearCore.a(DigitalInOut.o)
                0x0000ed68                ClearCore::DigitalInOut::Type()
 .text._ZN9ClearCore12DigitalInOut10IsWritableEv
                0x0000ed6c       0x14 C:\Users\emill\Documents\GitHub\thruster-equipment\libClearCore\Debug\libClearCore.a(DigitalInOut.o)
                0x0000ed6c                ClearCore::DigitalInOut::IsWritable()
 .text._ZN9ClearCore12DigitalInOut5StateEs
                0x0000ed80       0xb8 C:\Users\emill\Documents\GitHub\thruster-equipment\libClearCore\Debug\libClearCore.a(DigitalInOut.o)
                0x0000ed80                ClearCore::DigitalInOut::State(short)
 .text._ZN9ClearCore12DigitalInOut4ModeENS_9Connector14ConnectorModesE
                0x0000ee38      0x224 C:\Users\emill\Documents\GitHub\thruster-equipment\libClearCore\Debug\libClearCore.a(DigitalInOut.o)
                0x0000ee38                ClearCore::DigitalInOut::Mode(ClearCore::Connector::ConnectorModes)
 .text._ZN9ClearCore12DigitalInOutC2ENS_13ShiftRegister5MasksEPK15PeripheralRouteS5_b
                0x0000f05c       0x6c C:\Users\emill\Documents\GitHub\thruster-equipment\libClearCore\Debug\libClearCore.a(DigitalInOut.o)
                0x0000f05c                ClearCore::DigitalInOut::DigitalInOut(ClearCore::ShiftRegister::Masks, PeripheralRoute const*, PeripheralRoute const*, bool)
                0x0000f05c                ClearCore::DigitalInOut::DigitalInOut(ClearCore::ShiftRegister::Masks, PeripheralRoute const*, PeripheralRoute const*, bool)
 .text._ZN9ClearCore12DigitalInOut7RefreshEv
                0x0000f0c8      0x20c C:\Users\emill\Documents\GitHub\thruster-equipment\libClearCore\Debug\libClearCore.a(DigitalInOut.o)
                0x0000f0c8                ClearCore::DigitalInOut::Refresh()
 .text._ZN9ClearCore12DigitalInOut5StateEv
                0x0000f2d4       0x40 C:\Users\emill\Documents\GitHub\thruster-equipment\libClearCore\Debug\libClearCore.a(DigitalInOut.o)
                0x0000f2d4                ClearCore::DigitalInOut::State()
 .text._ZN9ClearCore12DigitalInOut10InitializeE13ClearCorePins
                0x0000f314       0x74 C:\Users\emill\Documents\GitHub\thruster-equipment\libClearCore\Debug\libClearCore.a(DigitalInOut.o)
                0x0000f314                ClearCore::DigitalInOut::Initialize(ClearCorePins)
 .text._ZN9ClearCore9Connector4ModeEv
                0x0000f388        0x4 C:\Users\emill\Documents\GitHub\thruster-equipment\libClearCore\Debug\libClearCore.a(DigitalIn.o)
                0x0000f388                ClearCore::Connector::Mode()
 .text._ZN9ClearCore9DigitalIn4ModeEv
                0x0000f38c        0x4 C:\Users\emill\Documents\GitHub\thruster-equipment\libClearCore\Debug\libClearCore.a(DigitalIn.o)
                0x0000f38c                ClearCore::DigitalIn::Mode()
 .text._ZN9ClearCore9DigitalIn4ModeENS_9Connector14ConnectorModesE
                0x0000f390        0xc C:\Users\emill\Documents\GitHub\thruster-equipment\libClearCore\Debug\libClearCore.a(DigitalIn.o)
                0x0000f390                ClearCore::DigitalIn::Mode(ClearCore::Connector::ConnectorModes)
 .text._ZN9ClearCore9DigitalIn4TypeEv
                0x0000f39c        0x4 C:\Users\emill\Documents\GitHub\thruster-equipment\libClearCore\Debug\libClearCore.a(DigitalIn.o)
                0x0000f39c                ClearCore::DigitalIn::Type()
 .text._ZN9ClearCore9DigitalIn10IsWritableEv
                0x0000f3a0        0x4 C:\Users\emill\Documents\GitHub\thruster-equipment\libClearCore\Debug\libClearCore.a(DigitalIn.o)
                0x0000f3a0                ClearCore::DigitalIn::IsWritable()
 .text._ZN9ClearCore9DigitalIn5StateEv
                0x0000f3a4       0x28 C:\Users\emill\Documents\GitHub\thruster-equipment\libClearCore\Debug\libClearCore.a(DigitalIn.o)
                0x0000f3a4                ClearCore::DigitalIn::State()
 .text._ZN9ClearCore9DigitalIn10InitializeE13ClearCorePins
                0x0000f3cc       0xcc C:\Users\emill\Documents\GitHub\thruster-equipment\libClearCore\Debug\libClearCore.a(DigitalIn.o)
                0x0000f3cc                ClearCore::DigitalIn::Initialize(ClearCorePins)
 .text._ZN9ClearCore9DigitalIn7RefreshEv
                0x0000f498      0x14c C:\Users\emill\Documents\GitHub\thruster-equipment\libClearCore\Debug\libClearCore.a(DigitalIn.o)
                0x0000f498                ClearCore::DigitalIn::Refresh()
 .text._ZN9ClearCore9ConnectorC2Ev
                0x0000f5e4       0x14 C:\Users\emill\Documents\GitHub\thruster-equipment\libClearCore\Debug\libClearCore.a(DigitalIn.o)
                0x0000f5e4                ClearCore::Connector::Connector()
                0x0000f5e4                ClearCore::Connector::Connector()
 .text._ZN9ClearCore9DigitalInC2ENS_13ShiftRegister5MasksEPK15PeripheralRoute
                0x0000f5f8       0x48 C:\Users\emill\Documents\GitHub\thruster-equipment\libClearCore\Debug\libClearCore.a(DigitalIn.o)
                0x0000f5f8                ClearCore::DigitalIn::DigitalIn(ClearCore::ShiftRegister::Masks, PeripheralRoute const*)
                0x0000f5f8                ClearCore::DigitalIn::DigitalIn(ClearCore::ShiftRegister::Masks, PeripheralRoute const*)
 .text._ZN9ClearCore9DigitalIn7StateRTEv
                0x0000f640       0x1c C:\Users\emill\Documents\GitHub\thruster-equipment\libClearCore\Debug\libClearCore.a(DigitalIn.o)
                0x0000f640                ClearCore::DigitalIn::StateRT()
 .text._ZN9ClearCore9DigitalIn17UpdateFilterStateEv
                0x0000f65c       0x9c C:\Users\emill\Documents\GitHub\thruster-equipment\libClearCore\Debug\libClearCore.a(DigitalIn.o)
                0x0000f65c                ClearCore::DigitalIn::UpdateFilterState()
 .text._ZN9ClearCore19DigitalInOutHBridge4ModeEv
                0x0000f6f8        0x4 C:\Users\emill\Documents\GitHub\thruster-equipment\libClearCore\Debug\libClearCore.a(DigitalInOutHBridge.o)
                0x0000f6f8                ClearCore::DigitalInOutHBridge::Mode()
 .text._ZN9ClearCore19DigitalInOutHBridge4TypeEv
                0x0000f6fc        0x4 C:\Users\emill\Documents\GitHub\thruster-equipment\libClearCore\Debug\libClearCore.a(DigitalInOutHBridge.o)
                0x0000f6fc                ClearCore::DigitalInOutHBridge::Type()
 .text._ZN9ClearCore19DigitalInOutHBridge10IsWritableEv
                0x0000f700       0x10 C:\Users\emill\Documents\GitHub\thruster-equipment\libClearCore\Debug\libClearCore.a(DigitalInOutHBridge.o)
                0x0000f700                ClearCore::DigitalInOutHBridge::IsWritable()
 .text._ZN9ClearCore19DigitalInOutHBridgeC2ENS_13ShiftRegister5MasksEPK15PeripheralRouteS5_S5_S5_4IRQnb
                0x0000f710       0x60 C:\Users\emill\Documents\GitHub\thruster-equipment\libClearCore\Debug\libClearCore.a(DigitalInOutHBridge.o)
                0x0000f710                ClearCore::DigitalInOutHBridge::DigitalInOutHBridge(ClearCore::ShiftRegister::Masks, PeripheralRoute const*, PeripheralRoute const*, PeripheralRoute const*, PeripheralRoute const*, IRQn, bool)
                0x0000f710                ClearCore::DigitalInOutHBridge::DigitalInOutHBridge(ClearCore::ShiftRegister::Masks, PeripheralRoute const*, PeripheralRoute const*, PeripheralRoute const*, PeripheralRoute const*, IRQn, bool)
 .text._ZN9ClearCore19DigitalInOutHBridge10FaultStateEb
                0x0000f770       0x54 C:\Users\emill\Documents\GitHub\thruster-equipment\libClearCore\Debug\libClearCore.a(DigitalInOutHBridge.o)
                0x0000f770                ClearCore::DigitalInOutHBridge::FaultState(bool)
 .text._ZN9ClearCore19DigitalInOutHBridge5StateEv
                0x0000f7c4       0x3c C:\Users\emill\Documents\GitHub\thruster-equipment\libClearCore\Debug\libClearCore.a(DigitalInOutHBridge.o)
                0x0000f7c4                ClearCore::DigitalInOutHBridge::State()
 .text._ZN9ClearCore19DigitalInOutHBridge5StateEs
                0x0000f800       0x70 C:\Users\emill\Documents\GitHub\thruster-equipment\libClearCore\Debug\libClearCore.a(DigitalInOutHBridge.o)
                0x0000f800                ClearCore::DigitalInOutHBridge::State(short)
 .text._ZN9ClearCore19DigitalInOutHBridge10ToneUpdateEv
                0x0000f870      0x144 C:\Users\emill\Documents\GitHub\thruster-equipment\libClearCore\Debug\libClearCore.a(DigitalInOutHBridge.o)
                0x0000f870                ClearCore::DigitalInOutHBridge::ToneUpdate()
 .text._ZN9ClearCore19DigitalInOutHBridge7RefreshEv
                0x0000f9b4      0x114 C:\Users\emill\Documents\GitHub\thruster-equipment\libClearCore\Debug\libClearCore.a(DigitalInOutHBridge.o)
                0x0000f9b4                ClearCore::DigitalInOutHBridge::Refresh()
 .text._ZN9ClearCore19DigitalInOutHBridge10InitializeE13ClearCorePins
                0x0000fac8       0xc8 C:\Users\emill\Documents\GitHub\thruster-equipment\libClearCore\Debug\libClearCore.a(DigitalInOutHBridge.o)
                0x0000fac8                ClearCore::DigitalInOutHBridge::Initialize(ClearCorePins)
 .text._ZN9ClearCore19DigitalInOutHBridge4ModeENS_9Connector14ConnectorModesE
                0x0000fb90      0x1a4 C:\Users\emill\Documents\GitHub\thruster-equipment\libClearCore\Debug\libClearCore.a(DigitalInOutHBridge.o)
                0x0000fb90                ClearCore::DigitalInOutHBridge::Mode(ClearCore::Connector::ConnectorModes)
 .text._ZN9ClearCore10DmaManager8InstanceEv
                0x0000fd34       0x28 C:\Users\emill\Documents\GitHub\thruster-equipment\libClearCore\Debug\libClearCore.a(DmaManager.o)
                0x0000fd34                ClearCore::DmaManager::Instance()
 .text._ZN9ClearCore10DmaManager10InitializeEv
                0x0000fd5c       0x64 C:\Users\emill\Documents\GitHub\thruster-equipment\libClearCore\Debug\libClearCore.a(DmaManager.o)
                0x0000fd5c                ClearCore::DmaManager::Initialize()
 .text._ZN9ClearCore10DmaManager7ChannelENS_11DmaChannelsE
                0x0000fdc0       0x14 C:\Users\emill\Documents\GitHub\thruster-equipment\libClearCore\Debug\libClearCore.a(DmaManager.o)
                0x0000fdc0                ClearCore::DmaManager::Channel(ClearCore::DmaChannels)
 .text._ZN9ClearCore10DmaManager14BaseDescriptorENS_11DmaChannelsE
                0x0000fdd4       0x14 C:\Users\emill\Documents\GitHub\thruster-equipment\libClearCore\Debug\libClearCore.a(DmaManager.o)
                0x0000fdd4                ClearCore::DmaManager::BaseDescriptor(ClearCore::DmaChannels)
 .text.startup._GLOBAL__sub_I__ZN9ClearCore10DmaManager19writeBackDescriptorE
                0x0000fde8       0x10 C:\Users\emill\Documents\GitHub\thruster-equipment\libClearCore\Debug\libClearCore.a(DmaManager.o)
 .text._ZN9ClearCore16CcioBoardManager12CcioDiscoverEPNS_12SerialDriverE.part.1
                0x0000fdf8      0x488 C:\Users\emill\Documents\GitHub\thruster-equipment\libClearCore\Debug\libClearCore.a(CcioBoardManager.o)
 .text._ZN9ClearCore16CcioBoardManager8InstanceEv
                0x00010280      0x118 C:\Users\emill\Documents\GitHub\thruster-equipment\libClearCore\Debug\libClearCore.a(CcioBoardManager.o)
                0x00010280                ClearCore::CcioBoardManager::Instance()
 .text._ZN9ClearCore16CcioBoardManager10InitializeEv
                0x00010398       0xb8 C:\Users\emill\Documents\GitHub\thruster-equipment\libClearCore\Debug\libClearCore.a(CcioBoardManager.o)
                0x00010398                ClearCore::CcioBoardManager::Initialize()
 .text._ZN9ClearCore16CcioBoardManager8PinStateE13ClearCorePins
                0x00010450       0x30 C:\Users\emill\Documents\GitHub\thruster-equipment\libClearCore\Debug\libClearCore.a(CcioBoardManager.o)
                0x00010450                ClearCore::CcioBoardManager::PinState(ClearCorePins)
 .text._ZN9ClearCore16CcioBoardManager7RefreshEv
                0x00010480      0x5c4 C:\Users\emill\Documents\GitHub\thruster-equipment\libClearCore\Debug\libClearCore.a(CcioBoardManager.o)
                0x00010480                ClearCore::CcioBoardManager::Refresh()
 .text._ZN9ClearCore16CcioBoardManager11RefreshSlowEv
                0x00010a44       0x3c C:\Users\emill\Documents\GitHub\thruster-equipment\libClearCore\Debug\libClearCore.a(CcioBoardManager.o)
                0x00010a44                ClearCore::CcioBoardManager::RefreshSlow()
 .text._ZN9ClearCore16CcioBoardManager9LinkCloseEv
                0x00010a80       0x40 C:\Users\emill\Documents\GitHub\thruster-equipment\libClearCore\Debug\libClearCore.a(CcioBoardManager.o)
                0x00010a80                ClearCore::CcioBoardManager::LinkClose()
 .text._ZN9ClearCore16CcioBoardManager12CcioDiscoverEPNS_12SerialDriverE
                0x00010ac0       0x38 C:\Users\emill\Documents\GitHub\thruster-equipment\libClearCore\Debug\libClearCore.a(CcioBoardManager.o)
                0x00010ac0                ClearCore::CcioBoardManager::CcioDiscover(ClearCore::SerialDriver*)
 .text._ZN9ClearCore16CcioBoardManager10PinByIndexE13ClearCorePins
                0x00010af8       0x18 C:\Users\emill\Documents\GitHub\thruster-equipment\libClearCore\Debug\libClearCore.a(CcioBoardManager.o)
                0x00010af8                ClearCore::CcioBoardManager::PinByIndex(ClearCorePins)
 .text.startup._GLOBAL__sub_I__ZN9ClearCore7CcioMgrE
                0x00010b10       0x10 C:\Users\emill\Documents\GitHub\thruster-equipment\libClearCore\Debug\libClearCore.a(CcioBoardManager.o)
 .text._ZN9ClearCore7CcioPin4ModeEv
                0x00010b20        0x4 C:\Users\emill\Documents\GitHub\thruster-equipment\libClearCore\Debug\libClearCore.a(CcioPin.o)
                0x00010b20                ClearCore::CcioPin::Mode()
 .text._ZN9ClearCore7CcioPin4TypeEv
                0x00010b24        0x4 C:\Users\emill\Documents\GitHub\thruster-equipment\libClearCore\Debug\libClearCore.a(CcioPin.o)
                0x00010b24                ClearCore::CcioPin::Type()
 .text._ZN9ClearCore7CcioPin10IsWritableEv
                0x00010b28       0x10 C:\Users\emill\Documents\GitHub\thruster-equipment\libClearCore\Debug\libClearCore.a(CcioPin.o)
                0x00010b28                ClearCore::CcioPin::IsWritable()
 .text._ZN9ClearCore7CcioPin7RefreshEv
                0x00010b38        0x4 C:\Users\emill\Documents\GitHub\thruster-equipment\libClearCore\Debug\libClearCore.a(CcioPin.o)
                0x00010b38                ClearCore::CcioPin::Refresh()
 .text._ZN9ClearCore7CcioPin10InitializeE13ClearCorePins
                0x00010b3c       0x40 C:\Users\emill\Documents\GitHub\thruster-equipment\libClearCore\Debug\libClearCore.a(CcioPin.o)
                0x00010b3c                ClearCore::CcioPin::Initialize(ClearCorePins)
 .text._ZN9ClearCore7CcioPin4ModeENS_9Connector14ConnectorModesE
                0x00010b7c       0x70 C:\Users\emill\Documents\GitHub\thruster-equipment\libClearCore\Debug\libClearCore.a(CcioPin.o)
                0x00010b7c                ClearCore::CcioPin::Mode(ClearCore::Connector::ConnectorModes)
 .text._ZN9ClearCore7CcioPin5StateEv
                0x00010bec       0x3c C:\Users\emill\Documents\GitHub\thruster-equipment\libClearCore\Debug\libClearCore.a(CcioPin.o)
                0x00010bec                ClearCore::CcioPin::State()
 .text._ZN9ClearCore7CcioPin11IsInHwFaultEv
                0x00010c28       0x20 C:\Users\emill\Documents\GitHub\thruster-equipment\libClearCore\Debug\libClearCore.a(CcioPin.o)
                0x00010c28                ClearCore::CcioPin::IsInHwFault()
 .text._ZN9ClearCore7CcioPin5StateEs
                0x00010c48       0x48 C:\Users\emill\Documents\GitHub\thruster-equipment\libClearCore\Debug\libClearCore.a(CcioPin.o)
                0x00010c48                ClearCore::CcioPin::State(short)
 .text._ZN9ClearCore7CcioPinC2Ev
                0x00010c90       0x34 C:\Users\emill\Documents\GitHub\thruster-equipment\libClearCore\Debug\libClearCore.a(CcioPin.o)
                0x00010c90                ClearCore::CcioPin::CcioPin()
                0x00010c90                ClearCore::CcioPin::CcioPin()
 .text._ZN9ClearCore12InputManager8InstanceEv
                0x00010cc4       0x5c C:\Users\emill\Documents\GitHub\thruster-equipment\libClearCore\Debug\libClearCore.a(InputManager.o)
                0x00010cc4                ClearCore::InputManager::Instance()
 .text._ZN9ClearCore12InputManager10InitializeEv
                0x00010d20       0x18 C:\Users\emill\Documents\GitHub\thruster-equipment\libClearCore\Debug\libClearCore.a(InputManager.o)
                0x00010d20                ClearCore::InputManager::Initialize()
 .text._ZN9ClearCore12InputManager15InterruptEnableEabb
                0x00010d38       0x78 C:\Users\emill\Documents\GitHub\thruster-equipment\libClearCore\Debug\libClearCore.a(InputManager.o)
                0x00010d38                ClearCore::InputManager::InterruptEnable(signed char, bool, bool)
 .text._ZN9ClearCore12InputManager11EIC_HandlerEh
                0x00010db0       0x5c C:\Users\emill\Documents\GitHub\thruster-equipment\libClearCore\Debug\libClearCore.a(InputManager.o)
                0x00010db0                ClearCore::InputManager::EIC_Handler(unsigned char)
 .text._ZN9ClearCore12InputManager11UpdateBeginEv
                0x00010e0c       0x28 C:\Users\emill\Documents\GitHub\thruster-equipment\libClearCore\Debug\libClearCore.a(InputManager.o)
                0x00010e0c                ClearCore::InputManager::UpdateBegin()
 .text._ZN9ClearCore12InputManager9UpdateEndEv
                0x00010e34       0x54 C:\Users\emill\Documents\GitHub\thruster-equipment\libClearCore\Debug\libClearCore.a(InputManager.o)
                0x00010e34                ClearCore::InputManager::UpdateEnd()
 .text.startup._GLOBAL__sub_I__ZN9ClearCore8InputMgrE
                0x00010e88       0x10 C:\Users\emill\Documents\GitHub\thruster-equipment\libClearCore\Debug\libClearCore.a(InputManager.o)
 .text._ZN9ClearCore12SdCardDriverC2EPK15PeripheralRouteS3_S3_S3_h
                0x00010e98       0x40 C:\Users\emill\Documents\GitHub\thruster-equipment\libClearCore\Debug\libClearCore.a(SdCardDriver.o)
                0x00010e98                ClearCore::SdCardDriver::SdCardDriver(PeripheralRoute const*, PeripheralRoute const*, PeripheralRoute const*, PeripheralRoute const*, unsigned char)
                0x00010e98                ClearCore::SdCardDriver::SdCardDriver(PeripheralRoute const*, PeripheralRoute const*, PeripheralRoute const*, PeripheralRoute const*, unsigned char)
 .text._ZN9ClearCore10SerialBase10PortIsOpenEv
                0x00010ed8        0x8 C:\Users\emill\Documents\GitHub\thruster-equipment\libClearCore\Debug\libClearCore.a(SerialBase.o)
                0x00010ed8                ClearCore::SerialBase::PortIsOpen()
 .text._ZN9ClearCore10SerialBase5FlushEv
                0x00010ee0       0x10 C:\Users\emill\Documents\GitHub\thruster-equipment\libClearCore\Debug\libClearCore.a(SerialBase.o)
                0x00010ee0                ClearCore::SerialBase::Flush()
 .text._ZN9ClearCore10SerialBase10FlushInputEv
                0x00010ef0       0x14 C:\Users\emill\Documents\GitHub\thruster-equipment\libClearCore\Debug\libClearCore.a(SerialBase.o)
                0x00010ef0                ClearCore::SerialBase::FlushInput()
 .text._ZN9ClearCore10SerialBase7CharGetEv
                0x00010f04       0x38 C:\Users\emill\Documents\GitHub\thruster-equipment\libClearCore\Debug\libClearCore.a(SerialBase.o)
                0x00010f04                ClearCore::SerialBase::CharGet()
 .text._ZN9ClearCore10SerialBase8CharPeekEv
                0x00010f3c       0x1c C:\Users\emill\Documents\GitHub\thruster-equipment\libClearCore\Debug\libClearCore.a(SerialBase.o)
                0x00010f3c                ClearCore::SerialBase::CharPeek()
 .text._ZN9ClearCore10SerialBase16AvailableForReadEv
                0x00010f58       0x10 C:\Users\emill\Documents\GitHub\thruster-equipment\libClearCore\Debug\libClearCore.a(SerialBase.o)