Archive member included to satisfy reference by file (symbol)

C:\Users\emill\Documents\GitHub\thruster-equipment\libClearCore\Debug\libClearCore.a(DigitalInOutAnalogOut.o)
                              injector.o (ClearCore::DigitalInOutAnalogOut::Mode(ClearCore::Connector::ConnectorModes))
C:\Users\emill\Documents\GitHub\thruster-equipment\libClearCore\Debug\libClearCore.a(DigitalInAnalogIn.o)
                              injector.o (ClearCore::DigitalInAnalogIn::Mode(ClearCore::Connector::ConnectorModes))
C:\Users\emill\Documents\GitHub\thruster-equipment\libClearCore\Debug\libClearCore.a(DigitalInOut.o)
                              injector_handlers.o (ClearCore::DigitalInOut::State(short))
C:\Users\emill\Documents\GitHub\thruster-equipment\libClearCore\Debug\libClearCore.a(DigitalIn.o)
                              C:\Users\emill\Documents\GitHub\thruster-equipment\libClearCore\Debug\libClearCore.a(DigitalInAnalogIn.o) (ClearCore::DigitalIn::State())
C:\Users\emill\Documents\GitHub\thruster-equipment\libClearCore\Debug\libClearCore.a(EthernetUdp.o)
                              injector.o (ClearCore::EthernetUdp::EthernetUdp())
C:\Users\emill\Documents\GitHub\thruster-equipment\libClearCore\Debug\libClearCore.a(InputManager.o)
                              C:\Users\emill\Documents\GitHub\thruster-equipment\libClearCore\Debug\libClearCore.a(DigitalIn.o) (ClearCore::InputManager::InterruptHandlerSet(signed char, void (*)(), ClearCore::InputManager::InterruptTrigger, bool, bool))
C:\Users\emill\Documents\GitHub\thruster-equipment\libClearCore\Debug\libClearCore.a(MotorDriver.o)
                              injector_handlers.o (ClearCore::MotorDriver::EnableRequest(bool))
C:\Users\emill\Documents\GitHub\thruster-equipment\libClearCore\Debug\libClearCore.a(SerialUsb.o)
                              injector_comms.o (ClearCore::SerialUsb::operator bool())
C:\Users\emill\Documents\GitHub\thruster-equipment\libClearCore\Debug\libClearCore.a(StatusManager.o)
                              C:\Users\emill\Documents\GitHub\thruster-equipment\libClearCore\Debug\libClearCore.a(DigitalInAnalogIn.o) (ClearCore::StatusManager::AdcIsInTimeout())
C:\Users\emill\Documents\GitHub\thruster-equipment\libClearCore\Debug\libClearCore.a(UsbManager.o)
                              C:\Users\emill\Documents\GitHub\thruster-equipment\libClearCore\Debug\libClearCore.a(SerialUsb.o) (ClearCore::UsbManager::Speed(unsigned long))
C:\Users\emill\Documents\GitHub\thruster-equipment\libClearCore\Debug\libClearCore.a(SysManager.o)
                              C:\Users\emill\Documents\GitHub\thruster-equipment\libClearCore\Debug\libClearCore.a(MotorDriver.o) (ClearCore::SysManager::ConnectorByIndex(ClearCorePins))
C:\Users\emill\Documents\GitHub\thruster-equipment\libClearCore\Debug\libClearCore.a(NvmManager.o)
                              C:\Users\emill\Documents\GitHub\thruster-equipment\libClearCore\Debug\libClearCore.a(DigitalInOutAnalogOut.o) (ClearCore::NvmManager::Int16(ClearCore::NvmManager::NvmLocations))
C:\Users\emill\Documents\GitHub\thruster-equipment\libClearCore\Debug\libClearCore.a(SysTiming.o)
                              C:\Users\emill\Documents\GitHub\thruster-equipment\libClearCore\Debug\libClearCore.a(SysManager.o) (ClearCore::SysTiming::IsrStart())
C:\Users\emill\Documents\GitHub\thruster-equipment\libClearCore\Debug\libClearCore.a(EthernetManager.o)
                              C:\Users\emill\Documents\GitHub\thruster-equipment\libClearCore\Debug\libClearCore.a(SysManager.o) (ClearCore::EthernetManager::Initialize())
C:\Users\emill\Documents\GitHub\thruster-equipment\libClearCore\Debug\libClearCore.a(ShiftRegister.o)
                              C:\Users\emill\Documents\GitHub\thruster-equipment\libClearCore\Debug\libClearCore.a(SysManager.o) (ClearCore::ShiftRegister::ShiftRegister())
C:\Users\emill\Documents\GitHub\thruster-equipment\libClearCore\Debug\libClearCore.a(MotorManager.o)
                              injector_motors.o (ClearCore::MotorManager::MotorModeSet(ClearCore::MotorManager::MotorPair, ClearCore::Connector::ConnectorModes))
C:\Users\emill\Documents\GitHub\thruster-equipment\libClearCore\Debug\libClearCore.a(StepGenerator.o)
                              C:\Users\emill\Documents\GitHub\thruster-equipment\libClearCore\Debug\libClearCore.a(MotorDriver.o) (ClearCore::StepGenerator::Move(long, ClearCore::StepGenerator::MoveTarget))
C:\Users\emill\Documents\GitHub\thruster-equipment\libClearCore\Debug\libClearCore.a(system_same53.o)
                              C:\Users\emill\Documents\GitHub\thruster-equipment\libClearCore\Debug\libClearCore.a(SysManager.o) (SystemInit)
C:\Users\emill\Documents\GitHub\thruster-equipment\libClearCore\Debug\libClearCore.a(EncoderInput.o)
                              C:\Users\emill\Documents\GitHub\thruster-equipment\libClearCore\Debug\libClearCore.a(SysManager.o) (ClearCore::EncoderInput::EncoderInput())
[...]
Memory Configuration

Name             Origin             Length             Attributes
FLASH            0x00004000         0x0007c000         xr
RAM              0x20000000         0x00030000         xrw
*default*        0x00000000         0xffffffff

Linker script and memory map

LOAD c:/program files (x86)/atmel/studio/7.0/toolchain/arm/arm-gnu-toolchain/bin/../lib/gcc/arm-none-eabi/6.3.1/thumb/v7e-m/fpv4-sp/hard/crti.o
LOAD c:/program files (x86)/atmel/studio/7.0/toolchain/arm/arm-gnu-toolchain/bin/../lib/gcc/arm-none-eabi/6.3.1/thumb/v7e-m/fpv4-sp/hard/crtbegin.o
LOAD c:/program files (x86)/atmel/studio/7.0/toolchain/arm/arm-gnu-toolchain/bin/../lib/gcc/arm-none-eabi/6.3.1/../../../../arm-none-eabi/lib/thumb/v7e-m/fpv4-sp/hard/rdimon-crt0.o
LOAD injector_handlers.o
LOAD injector_motors.o
LOAD injector_comms.o
LOAD injector.o
LOAD Device_Startup/startup_same53.o
START GROUP
LOAD C:\Program Files (x86)\Atmel\Studio\7.0\Packs\arm\CMSIS\4.5.0\CMSIS\Lib\GCC\libarm_cortexM4lf_math.a
LOAD C:\Users\emill\Documents\GitHub\thruster-equipment\libClearCore\Debug\libClearCore.a
LOAD C:\Users\emill\Documents\GitHub\thruster-equipment\LwIP\Debug\libLwIP.a
END GROUP
LOAD c:/program files (x86)/atmel/studio/7.0/toolchain/arm/arm-gnu-toolchain/bin/../lib/gcc/arm-none-eabi/6.3.1/../../../../arm-none-eabi/lib/thumb/v7e-m/fpv4-sp/hard\libstdc++.a
LOAD c:/program files (x86)/atmel/studio/7.0/toolchain/arm/arm-gnu-toolchain/bin/../lib/gcc/arm-none-eabi/6.3.1/../../../../arm-none-eabi/lib/thumb/v7e-m/fpv4-sp/hard\libm.a
START GROUP
LOAD c:/program files (x86)/atmel/studio/7.0/toolchain/arm/arm-gnu-toolchain/bin/../lib/gcc/arm-none-eabi/6.3.1/thumb/v7e-m/fpv4-sp/hard\libgcc.a
LOAD c:/program files (x86)/atmel/studio/7.0/toolchain/arm/arm-gnu-toolchain/bin/../lib/gcc/arm-none-eabi/6.3.1/../../../../arm-none-eabi/lib/thumb/v7e-m/fpv4-sp/hard\libc.a
END GROUP
START GROUP
LOAD c:/program files (x86)/atmel/studio/7.0/toolchain/arm/arm-gnu-toolchain/bin/../lib/gcc/arm-none-eabi/6.3.1/thumb/v7e-m/fpv4-sp/hard\libgcc.a
LOAD c:/program files (x86)/atmel/studio/7.0/toolchain/arm/arm-gnu-toolchain/bin/../lib/gcc/arm-none-eabi/6.3.1/../../../../arm-none-eabi/lib/thumb/v7e-m/fpv4-sp/hard\libc.a
LOAD c:/program files (x86)/atmel/studio/7.0/toolchain/arm/arm-gnu-toolchain/bin/../lib/gcc/arm-none-eabi/6.3.1/../../../../arm-none-eabi/lib/thumb/v7e-m/fpv4-sp/hard\librdimon.a
END GROUP
LOAD c:/program files (x86)/atmel/studio/7.0/toolchain/arm/arm-gnu-toolchain/bin/../lib/gcc/arm-none-eabi/6.3.1/thumb/v7e-m/fpv4-sp/hard/crtend.o
LOAD c:/program files (x86)/atmel/studio/7.0/toolchain/arm/arm-gnu-toolchain/bin/../lib/gcc/arm-none-eabi/6.3.1/thumb/v7e-m/fpv4-sp/hard/crtn.o

.text           0x00004000    0x33850
                0x00004000                __text_start__ = .
 *(.sketch_boot)
                0x00004000                . = ALIGN (0x4000)
 *(.vectors)
 .vectors       0x00004000      0x264 Device_Startup/startup_same53.o
                0x00004000                exception_table
 *(.text*)
 .text          0x00004264       0x6c c:/program files (x86)/atmel/studio/7.0/toolchain/arm/arm-gnu-toolchain/bin/../lib/gcc/arm-none-eabi/6.3.1/thumb/v7e-m/fpv4-sp/hard/crtbegin.o
 .text._ZN8Injector12handleEnableEv
                0x000042d0       0x58 injector_handlers.o
                0x000042d0                Injector::handleEnable()
 .text._ZN8Injector13handleDisableEv
                0x00004328       0x40 injector_handlers.o
                0x00004328                Injector::handleDisable()
 .text._ZN8Injector11handleAbortEv
                0x00004368       0x94 injector_handlers.o
                0x00004368                Injector::handleAbort()
 .text._ZN8Injector17handleClearErrorsEv
                0x000043fc       0x88 injector_handlers.o
                0x000043fc                Injector::handleClearErrors()
 .text._ZN8Injector17handleStandbyModeEv
                0x00004484       0x74 injector_handlers.o
                0x00004484                Injector::handleStandbyMode()
 .text._ZN8Injector13handleJogModeEv
                0x000044f8       0x48 injector_handlers.o
                0x000044f8                Injector::handleJogMode()
 .text._ZN8Injector16handleHomingModeEv
                0x00004540       0x48 injector_handlers.o
                0x00004540                Injector::handleHomingMode()
 .text._ZN8Injector14handleFeedModeEv
                0x00004588       0x4c injector_handlers.o
                0x00004588                Injector::handleFeedMode()
 .text._ZN8Injector35handleSetinjectorMotorsTorqueOffsetEPKc
                0x000045d4       0x44 injector_handlers.o
                0x000045d4                Injector::handleSetinjectorMotorsTorqueOffset(char const*)
 .text._ZN8Injector13handleJogMoveEPKc
                0x00004618      0x168 injector_handlers.o
                0x00004618                Injector::handleJogMove(char const*)
 .text._ZN8Injector21handleMachineHomeMoveEPKc
                0x00004780      0x240 injector_handlers.o
                0x00004780                Injector::handleMachineHomeMove(char const*)
 .text._ZN8Injector23handleCartridgeHomeMoveEPKc
                0x000049c0      0x240 injector_handlers.o
                0x000049c0                Injector::handleCartridgeHomeMove(char const*)
 .text._ZN8Injector19handlePinchHomeMoveEv
                0x00004c00       0x8c injector_handlers.o
                0x00004c00                Injector::handlePinchHomeMove()
 .text._ZN8Injector18handlePinchJogMoveEPKc
                0x00004c8c       0xe4 injector_handlers.o
                0x00004c8c                Injector::handlePinchJogMove(char const*)
 .text._ZN8Injector17handleEnablePinchEv
                0x00004d70       0x24 injector_handlers.o
                0x00004d70                Injector::handleEnablePinch()
 .text._ZN8Injector18handleDisablePinchEv
                0x00004d94       0x24 injector_handlers.o
                0x00004d94                Injector::handleDisablePinch()
 .text._ZN8Injector25handleMoveToCartridgeHomeEv
                0x00004db8       0xd4 injector_handlers.o
                0x00004db8                Injector::handleMoveToCartridgeHome()
 .text._ZN8Injector28handleMoveToCartridgeRetractEPKc
                0x00004e8c      0x134 injector_handlers.o
                0x00004e8c                Injector::handleMoveToCartridgeRetract(char const*)
 .text._ZN8Injector16handleInjectMoveEPKc
                0x00004fc0      0x264 injector_handlers.o
                0x00004fc0                Injector::handleInjectMove(char const*)
 .text._ZN8Injector15handlePurgeMoveEPKc
                0x00005224      0x264 injector_handlers.o
                0x00005224                Injector::handlePurgeMove(char const*)
 .text._ZN8Injector20handlePauseOperationEv
                0x00005488       0x70 injector_handlers.o
                0x00005488                Injector::handlePauseOperation()
 .text._ZN8Injector21handleResumeOperationEv
                0x000054f8       0xe4 injector_handlers.o
                0x000054f8                Injector::handleResumeOperation()
 .text._ZN8Injector21handleCancelOperationEv
                0x000055dc       0xb0 injector_handlers.o
                0x000055dc                Injector::handleCancelOperation()
 .text._ZN8Injector39finalizeAndResetActiveDispenseOperationEb
                0x0000568c       0x88 injector_handlers.o
                0x0000568c                Injector::finalizeAndResetActiveDispenseOperation(bool)
 .text._ZN8Injector33fullyResetActiveDispenseOperationEv
                0x00005714       0x30 injector_handlers.o
                0x00005714                Injector::fullyResetActiveDispenseOperation()
 .text._ZN8Injector20handleSetHeaterGainsEPKc
                0x00005744       0x84 injector_handlers.o
                0x00005744                Injector::handleSetHeaterGains(char const*)
 .text._ZN8Injector23handleSetHeaterSetpointEPKc
                0x000057c8       0x40 injector_handlers.o
                0x000057c8                Injector::handleSetHeaterSetpoint(char const*)
 .text._ZN8Injector17handleHeaterPidOnEv
                0x00005808       0x2c injector_handlers.o
                0x00005808                Injector::handleHeaterPidOn()
 .text._ZN8Injector14handleHeaterOnEv
                0x00005834       0x28 injector_handlers.o
                0x00005834                Injector::handleHeaterOn()
 .text._ZN8Injector15handleHeaterOffEv
                0x0000585c       0x28 injector_handlers.o
                0x0000585c                Injector::handleHeaterOff()
 .text._ZN8Injector18handleHeaterPidOffEv
                0x00005884       0x30 injector_handlers.o
                0x00005884                Injector::handleHeaterPidOff()
 .text._ZN8Injector14handleVacuumOnEv
                0x000058b4       0x2c injector_handlers.o
                0x000058b4                Injector::handleVacuumOn()
 .text._ZN8Injector15handleVacuumOffEv
                0x000058e0       0x2c injector_handlers.o
                0x000058e0                Injector::handleVacuumOff()
 .text._ZN8Injector11setupMotorsEv
                0x0000590c      0x130 injector_motors.o
                0x0000590c                Injector::setupMotors()
 .text._ZN8Injector20enableInjectorMotorsEPKc
                0x00005a3c       0xb0 injector_motors.o
                0x00005a3c                Injector::enableInjectorMotors(char const*)
 .text._ZN8Injector21disableInjectorMotorsEPKc
                0x00005aec       0x6c injector_motors.o
                0x00005aec                Injector::disableInjectorMotors(char const*)
 .text._ZN8Injector17abortInjectorMoveEv
                0x00005b58       0x24 injector_motors.o
                0x00005b58                Injector::abortInjectorMove()
 .text._ZN8Injector19checkInjectorMovingEv
                0x00005b7c       0x5c injector_motors.o
                0x00005b7c                Injector::checkInjectorMoving()
 .text._ZN8Injector21getSmoothedTorqueEWMAEPN9ClearCore11MotorDriverEPfPb
                0x00005bd8       0x58 injector_motors.o
                0x00005bd8                Injector::getSmoothedTorqueEWMA(ClearCore::MotorDriver*, float*, bool*)
 .text._ZN8Injector24checkInjectorTorqueLimitEv
                0x00005c30      0x2a4 injector_motors.o
                0x00005c30                Injector::checkInjectorTorqueLimit()
 .text._ZN8Injector18moveInjectorMotorsEiiiii
                0x00005ed4      0x13c injector_motors.o
                0x00005ed4                Injector::moveInjectorMotors(int, int, int, int, int)
 .text._ZN8Injector14movePinchMotorEiiii
                0x00006010       0xd8 injector_motors.o
                0x00006010                Injector::movePinchMotor(int, int, int, int)
 .text._ZN8Injector10sendStatusEPKcS1_
                0x000060e8       0x6c injector_comms.o
                0x000060e8                Injector::sendStatus(char const*, char const*)
 .text._ZN8Injector16sendGuiTelemetryEv
                0x00006154      0x42c injector_comms.o
                0x00006154                Injector::sendGuiTelemetry()
 .text._ZN8Injector15handleSetPeerIpEPKc
                0x00006580       0xc4 injector_comms.o
                0x00006580                Injector::handleSetPeerIp(char const*)
 .text._ZN8Injector13handleMessageEPKc
                0x00006644      0x3cc injector_comms.o
                0x00006644                Injector::handleMessage(char const*)
 .text._ZN8Injector10processUdpEv
                0x00006a10       0x3c injector_comms.o
                0x00006a10                Injector::processUdp()
 .text._ZN8Injector11setupSerialEv
                0x00006a4c       0x38 injector_comms.o
                0x00006a4c                Injector::setupSerial()
 *fill*         0x00006a84        0x4 
 .text._ZN8Injector13setupEthernetEv
                0x00006a88      0x238 injector_comms.o
                0x00006a88                Injector::setupEthernet()
 .text._ZN8InjectorC2Ev
                0x00006cc0      0x100 injector.o
                0x00006cc0                Injector::Injector()
                0x00006cc0                Injector::Injector()
 .text._ZN8Injector8resetPidEv
                0x00006dc0       0x1c injector.o
                0x00006dc0                Injector::resetPid()
 .text._ZNK8Injector12mainStateStrEv
                0x00006ddc       0x10 injector.o
                0x00006ddc                Injector::mainStateStr() const
 .text._ZNK8Injector14homingStateStrEv
                0x00006dec       0x10 injector.o
                0x00006dec                Injector::homingStateStr() const
 .text._ZNK8Injector14homingPhaseStrEv
                0x00006dfc       0x10 injector.o
                0x00006dfc                Injector::homingPhaseStr() const
 .text._ZNK8Injector12feedStateStrEv
                0x00006e0c       0x10 injector.o
                0x00006e0c                Injector::feedStateStr() const
 .text._ZNK8Injector13errorStateStrEv
                0x00006e1c       0x10 injector.o
                0x00006e1c                Injector::errorStateStr() const
 .text._ZNK8Injector14heaterStateStrEv
                0x00006e2c       0x14 injector.o
                0x00006e2c                Injector::heaterStateStr() const
 .text.startup._GLOBAL__sub_I__ZN8Injector14MainStateNamesE
                0x00006e40        0xc injector.o
 .text._ZN8Injector9updatePidEv.part.1
                0x00006e4c      0x11c injector.o
 .text._ZN8Injector5setupEv
                0x00006f68       0x5c injector.o
                0x00006f68                Injector::setup()
 .text.startup.main
                0x00006fc4      0x75c injector.o
                0x00006fc4                main
 .text.Dummy_Handler
                0x00007720        0x4 Device_Startup/startup_same53.o
                0x00007720                SVCall_Handler
                0x00007720                EVSYS_0_Handler
                0x00007720                TCC1_3_Handler
                0x00007720                DAC_3_Handler
                0x00007720                TRNG_Handler
                0x00007720                HardFault_Handler
                0x00007720                TC2_Handler
                0x00007720                PDEC_2_Handler
                0x00007720                AC_Handler
                0x00007720                SERCOM3_1_Handler
                0x00007720                TCC2_3_Handler
                0x00007720                SERCOM3_2_Handler
                0x00007720                PendSV_Handler
                0x00007720                TC7_Handler
                0x00007720                ADC1_1_Handler
                0x00007720                EVSYS_3_Handler
                0x00007720                PDEC_0_Handler
                0x00007720                QSPI_Handler
                0x00007720                NonMaskableInt_Handler
                0x00007720                MemManagement_Handler
                0x00007720                DAC_2_Handler
                0x00007720                RTC_Handler
                0x00007720                UsageFault_Handler
                0x00007720                SERCOM4_0_Handler
                0x00007720                OSC32KCTRL_Handler
                0x00007720                TCC2_1_Handler
                0x00007720                SUPC_1_Handler
                0x00007720                TCC0_5_Handler
                0x00007720                TCC0_6_Handler
                0x00007720                SERCOM6_2_Handler
                0x00007720                EVSYS_1_Handler
                0x00007720                TCC1_4_Handler
                0x00007720                TC6_Handler
                0x00007720                DMAC_0_Handler
                0x00007720                WDT_Handler
                0x00007720                SERCOM6_0_Handler
                0x00007720                SERCOM5_0_Handler
                0x00007720                TC4_Handler
                0x00007720                TC1_Handler
                0x00007720                OSCCTRL_4_Handler
                0x00007720                SERCOM4_3_Handler
                0x00007720                DMAC_4_Handler
                0x00007720                TCC4_2_Handler
                0x00007720                PAC_Handler
                0x00007720                TCC1_0_Handler
                0x00007720                OSCCTRL_0_Handler
                0x00007720                OSCCTRL_3_Handler
                0x00007720                SERCOM4_1_Handler
                0x00007720                TC3_Handler
                0x00007720                Dummy_Handler
                0x00007720                TCC2_2_Handler
                0x00007720                SERCOM5_1_Handler
                0x00007720                TCC1_1_Handler
                0x00007720                DMAC_2_Handler
                0x00007720                ADC0_0_Handler
                0x00007720                SERCOM0_1_Handler
                0x00007720                OSCCTRL_2_Handler
                0x00007720                ADC1_0_Handler
                0x00007720                TCC1_2_Handler
                0x00007720                SERCOM7_1_Handler
                0x00007720                PM_Handler
                0x00007720                SERCOM6_3_Handler
                0x00007720                DAC_4_Handler
                0x00007720                TCC3_2_Handler
                0x00007720                TCC0_2_Handler
                0x00007720                DMAC_1_Handler
                0x00007720                SDHC1_Handler
                0x00007720                TCC2_0_Handler
                0x00007720                PDEC_1_Handler
                0x00007720                TCC4_1_Handler
                0x00007720                SERCOM5_3_Handler
                0x00007720                SERCOM6_1_Handler
                0x00007720                SDHC0_Handler
                0x00007720                SERCOM1_1_Handler
                0x00007720                I2S_Handler
                0x00007720                PCC_Handler
                0x00007720                DAC_0_Handler
                0x00007720                TCC0_1_Handler
                0x00007720                SERCOM1_3_Handler
                0x00007720                OSCCTRL_1_Handler
                0x00007720                SERCOM1_0_Handler
                0x00007720                PUKCC_Handler
                0x00007720                SERCOM2_1_Handler
                0x00007720                SERCOM1_2_Handler
                0x00007720                SERCOM3_0_Handler
                0x00007720                SERCOM4_2_Handler
                0x00007720                EVSYS_4_Handler
                0x00007720                NVMCTRL_1_Handler
                0x00007720                SERCOM5_2_Handler
                0x00007720                SERCOM3_3_Handler
                0x00007720                ADC0_1_Handler
                0x00007720                TCC3_1_Handler
                0x00007720                DAC_1_Handler
                0x00007720                NVMCTRL_0_Handler
                0x00007720                MCLK_Handler
                0x00007720                EVSYS_2_Handler
                0x00007720                SUPC_0_Handler
                0x00007720                BusFault_Handler
                0x00007720                FREQM_Handler
                0x00007720                TC0_Handler
                0x00007720                TCC0_3_Handler
                0x00007720                DMAC_3_Handler
                0x00007720                DebugMonitor_Handler
                0x00007720                TCC0_4_Handler
                0x00007720                RAMECC_Handler
                0x00007720                TC5_Handler
                0x00007720                AES_Handler
                0x00007720                ICM_Handler
 .text._ZN9ClearCore9DigitalIn17ExternalInterruptEv
                0x00007724        0x8 C:\Users\emill\Documents\GitHub\thruster-equipment\libClearCore\Debug\libClearCore.a(DigitalInOutAnalogOut.o)
                0x00007724                ClearCore::DigitalIn::ExternalInterrupt()
 .text._ZN9ClearCore12DigitalInOut11IsInHwFaultEv
                0x0000772c        0x8 C:\Users\emill\Documents\GitHub\thruster-equipment\libClearCore\Debug\libClearCore.a(DigitalInOutAnalogOut.o)
                0x0000772c                ClearCore::DigitalInOut::IsInHwFault()
 .text._ZN9ClearCore21DigitalInOutAnalogOut4ModeEv
                0x00007734        0x4 C:\Users\emill\Documents\GitHub\thruster-equipment\libClearCore\Debug\libClearCore.a(DigitalInOutAnalogOut.o)
                0x00007734                ClearCore::DigitalInOutAnalogOut::Mode()
 .text._ZN9ClearCore21DigitalInOutAnalogOut4TypeEv
                0x00007738        0x4 C:\Users\emill\Documents\GitHub\thruster-equipment\libClearCore\Debug\libClearCore.a(DigitalInOutAnalogOut.o)
                0x00007738                ClearCore::DigitalInOutAnalogOut::Type()
 .text._ZN9ClearCore21DigitalInOutAnalogOut10IsWritableEv
                0x0000773c       0x14 C:\Users\emill\Documents\GitHub\thruster-equipment\libClearCore\Debug\libClearCore.a(DigitalInOutAnalogOut.o)
                0x0000773c                ClearCore::DigitalInOutAnalogOut::IsWritable()
 .text._ZN9ClearCore21DigitalInOutAnalogOutC2ENS_13ShiftRegister5MasksEPK15PeripheralRouteS5_S5_b
                0x00007750       0x34 C:\Users\emill\Documents\GitHub\thruster-equipment\libClearCore\Debug\libClearCore.a(DigitalInOutAnalogOut.o)
                0x00007750                ClearCore::DigitalInOutAnalogOut::DigitalInOutAnalogOut(ClearCore::ShiftRegister::Masks, PeripheralRoute const*, PeripheralRoute const*, PeripheralRoute const*, bool)
                0x00007750                ClearCore::DigitalInOutAnalogOut::DigitalInOutAnalogOut(ClearCore::ShiftRegister::Masks, PeripheralRoute const*, PeripheralRoute const*, PeripheralRoute const*, bool)
 .text._ZN9ClearCore21DigitalInOutAnalogOut13DacInitializeEv
                0x00007784      0x100 C:\Users\emill\Documents\GitHub\thruster-equipment\libClearCore\Debug\libClearCore.a(DigitalInOutAnalogOut.o)
                0x00007784                ClearCore::DigitalInOutAnalogOut::DacInitialize()
 .text._ZN9ClearCore21DigitalInOutAnalogOut9DacEnableEv
                0x00007884       0xc8 C:\Users\emill\Documents\GitHub\thruster-equipment\libClearCore\Debug\libClearCore.a(DigitalInOutAnalogOut.o)
                0x00007884                ClearCore::DigitalInOutAnalogOut::DacEnable()
 .text._ZN9ClearCore21DigitalInOutAnalogOut7RefreshEv
                0x0000794c       0x18 C:\Users\emill\Documents\GitHub\thruster-equipment\libClearCore\Debug\libClearCore.a(DigitalInOutAnalogOut.o)
                0x0000794c                ClearCore::DigitalInOutAnalogOut::Refresh()
 .text._ZN9ClearCore21DigitalInOutAnalogOut4ModeENS_9Connector14ConnectorModesE
                0x00007964       0xf8 C:\Users\emill\Documents\GitHub\thruster-equipment\libClearCore\Debug\libClearCore.a(DigitalInOutAnalogOut.o)
                0x00007964                ClearCore::DigitalInOutAnalogOut::Mode(ClearCore::Connector::ConnectorModes)
 .text._ZN9ClearCore21DigitalInOutAnalogOut5StateEv
                0x00007a5c       0x1c C:\Users\emill\Documents\GitHub\thruster-equipment\libClearCore\Debug\libClearCore.a(DigitalInOutAnalogOut.o)
                0x00007a5c                ClearCore::DigitalInOutAnalogOut::State()
 .text._ZN9ClearCore21DigitalInOutAnalogOut5StateEs
                0x00007a78       0x9c C:\Users\emill\Documents\GitHub\thruster-equipment\libClearCore\Debug\libClearCore.a(DigitalInOutAnalogOut.o)
                0x00007a78                ClearCore::DigitalInOutAnalogOut::State(short)
 .text._ZN9ClearCore21DigitalInOutAnalogOut10InitializeE13ClearCorePins
                0x00007b14       0xa0 C:\Users\emill\Documents\GitHub\thruster-equipment\libClearCore\Debug\libClearCore.a(DigitalInOutAnalogOut.o)
                0x00007b14                ClearCore::DigitalInOutAnalogOut::Initialize(ClearCorePins)
 .text._ZN9ClearCore9DigitalIn11IsInHwFaultEv
                0x00007bb4        0x4 C:\Users\emill\Documents\GitHub\thruster-equipment\libClearCore\Debug\libClearCore.a(DigitalInAnalogIn.o)
                0x00007bb4                ClearCore::DigitalIn::IsInHwFault()
 .text._ZN9ClearCore17DigitalInAnalogIn4ModeEv
                0x00007bb8        0x4 C:\Users\emill\Documents\GitHub\thruster-equipment\libClearCore\Debug\libClearCore.a(DigitalInAnalogIn.o)
                0x00007bb8                ClearCore::DigitalInAnalogIn::Mode()
 .text._ZN9ClearCore17DigitalInAnalogIn4TypeEv
                0x00007bbc        0x4 C:\Users\emill\Documents\GitHub\thruster-equipment\libClearCore\Debug\libClearCore.a(DigitalInAnalogIn.o)
                0x00007bbc                ClearCore::DigitalInAnalogIn::Type()
 .text._ZN9ClearCore17DigitalInAnalogIn10IsWritableEv
                0x00007bc0        0x4 C:\Users\emill\Documents\GitHub\thruster-equipment\libClearCore\Debug\libClearCore.a(DigitalInAnalogIn.o)
                0x00007bc0                ClearCore::DigitalInAnalogIn::IsWritable()
 .text._ZN9ClearCore17DigitalInAnalogIn5StateEs
                0x00007bc4        0x4 C:\Users\emill\Documents\GitHub\thruster-equipment\libClearCore\Debug\libClearCore.a(DigitalInAnalogIn.o)
                0x00007bc4                ClearCore::DigitalInAnalogIn::State(short)
 .text._ZN9ClearCore17DigitalInAnalogIn4ModeENS_9Connector14ConnectorModesE
                0x00007bc8       0xfc C:\Users\emill\Documents\GitHub\thruster-equipment\libClearCore\Debug\libClearCore.a(DigitalInAnalogIn.o)
                0x00007bc8                ClearCore::DigitalInAnalogIn::Mode(ClearCore::Connector::ConnectorModes)
 .text._ZN9ClearCore17DigitalInAnalogInC2ENS_13ShiftRegister5MasksES2_PK15PeripheralRouteNS_10AdcManager11AdcChannelsE
                0x00007cc4       0x2c C:\Users\emill\Documents\GitHub\thruster-equipment\libClearCore\Debug\libClearCore.a(DigitalInAnalogIn.o)
                0x00007cc4                ClearCore::DigitalInAnalogIn::DigitalInAnalogIn(ClearCore::ShiftRegister::Masks, ClearCore::ShiftRegister::Masks, PeripheralRoute const*, ClearCore::AdcManager::AdcChannels)
                0x00007cc4                ClearCore::DigitalInAnalogIn::DigitalInAnalogIn(ClearCore::ShiftRegister::Masks, ClearCore::ShiftRegister::Masks, PeripheralRoute const*, ClearCore::AdcManager::AdcChannels)
 .text._ZN9ClearCore17DigitalInAnalogIn7RefreshEv
                0x00007cf0       0x78 C:\Users\emill\Documents\GitHub\thruster-equipment\libClearCore\Debug\libClearCore.a(DigitalInAnalogIn.o)
                0x00007cf0                ClearCore::DigitalInAnalogIn::Refresh()
 .text._ZN9ClearCore17DigitalInAnalogIn10InitializeE13ClearCorePins
                0x00007d68       0xb4 C:\Users\emill\Documents\GitHub\thruster-equipment\libClearCore\Debug\libClearCore.a(DigitalInAnalogIn.o)
                0x00007d68                ClearCore::DigitalInAnalogIn::Initialize(ClearCorePins)
 .text._ZN9ClearCore17DigitalInAnalogIn5StateEv
                0x00007e1c       0x48 C:\Users\emill\Documents\GitHub\thruster-equipment\libClearCore\Debug\libClearCore.a(DigitalInAnalogIn.o)
                0x00007e1c                ClearCore::DigitalInAnalogIn::State()
 .text._ZN9ClearCore12DigitalInOut4ModeEv
                0x00007e64        0x4 C:\Users\emill\Documents\GitHub\thruster-equipment\libClearCore\Debug\libClearCore.a(DigitalInOut.o)
                0x00007e64                ClearCore::DigitalInOut::Mode()
 .text._ZN9ClearCore12DigitalInOut4TypeEv
                0x00007e68        0x4 C:\Users\emill\Documents\GitHub\thruster-equipment\libClearCore\Debug\libClearCore.a(DigitalInOut.o)
                0x00007e68                ClearCore::DigitalInOut::Type()
 .text._ZN9ClearCore12DigitalInOut10IsWritableEv
                0x00007e6c       0x14 C:\Users\emill\Documents\GitHub\thruster-equipment\libClearCore\Debug\libClearCore.a(DigitalInOut.o)
                0x00007e6c                ClearCore::DigitalInOut::IsWritable()
 .text._ZN9ClearCore12DigitalInOut5StateEs
                0x00007e80       0xb8 C:\Users\emill\Documents\GitHub\thruster-equipment\libClearCore\Debug\libClearCore.a(DigitalInOut.o)
                0x00007e80                ClearCore::DigitalInOut::State(short)
 .text._ZN9ClearCore12DigitalInOut4ModeENS_9Connector14ConnectorModesE
                0x00007f38      0x224 C:\Users\emill\Documents\GitHub\thruster-equipment\libClearCore\Debug\libClearCore.a(DigitalInOut.o)
                0x00007f38                ClearCore::DigitalInOut::Mode(ClearCore::Connector::ConnectorModes)
 .text._ZN9ClearCore12DigitalInOutC2ENS_13ShiftRegister5MasksEPK15PeripheralRouteS5_b
                0x0000815c       0x6c C:\Users\emill\Documents\GitHub\thruster-equipment\libClearCore\Debug\libClearCore.a(DigitalInOut.o)
                0x0000815c                ClearCore::DigitalInOut::DigitalInOut(ClearCore::ShiftRegister::Masks, PeripheralRoute const*, PeripheralRoute const*, bool)
                0x0000815c                ClearCore::DigitalInOut::DigitalInOut(ClearCore::ShiftRegister::Masks, PeripheralRoute const*, PeripheralRoute const*, bool)
 .text._ZN9ClearCore12DigitalInOut7RefreshEv
                0x000081c8      0x20c C:\Users\emill\Documents\GitHub\thruster-equipment\libClearCore\Debug\libClearCore.a(DigitalInOut.o)
                0x000081c8                ClearCore::DigitalInOut::Refresh()
 .text._ZN9ClearCore12DigitalInOut5StateEv
                0x000083d4       0x40 C:\Users\emill\Documents\GitHub\thruster-equipment\libClearCore\Debug\libClearCore.a(DigitalInOut.o)
                0x000083d4                ClearCore::DigitalInOut::State()
 .text._ZN9ClearCore12DigitalInOut10InitializeE13ClearCorePins
                0x00008414       0x74 C:\Users\emill\Documents\GitHub\thruster-equipment\libClearCore\Debug\libClearCore.a(DigitalInOut.o)
                0x00008414                ClearCore::DigitalInOut::Initialize(ClearCorePins)
 .text._ZN9ClearCore9Connector4ModeEv
                0x00008488        0x4 C:\Users\emill\Documents\GitHub\thruster-equipment\libClearCore\Debug\libClearCore.a(DigitalIn.o)
                0x00008488                ClearCore::Connector::Mode()
 .text._ZN9ClearCore9Connector17ExternalInterruptEv
                0x0000848c        0x8 C:\Users\emill\Documents\GitHub\thruster-equipment\libClearCore\Debug\libClearCore.a(DigitalIn.o)
                0x0000848c                ClearCore::Connector::ExternalInterrupt()
 .text._ZN9ClearCore9DigitalIn4ModeEv
                0x00008494        0x4 C:\Users\emill\Documents\GitHub\thruster-equipment\libClearCore\Debug\libClearCore.a(DigitalIn.o)
                0x00008494                ClearCore::DigitalIn::Mode()
 .text._ZN9ClearCore9DigitalIn4ModeENS_9Connector14ConnectorModesE
                0x00008498        0xc C:\Users\emill\Documents\GitHub\thruster-equipment\libClearCore\Debug\libClearCore.a(DigitalIn.o)
                0x00008498                ClearCore::DigitalIn::Mode(ClearCore::Connector::ConnectorModes)
 .text._ZN9ClearCore9DigitalIn4TypeEv
                0x000084a4        0x4 C:\Users\emill\Documents\GitHub\thruster-equipment\libClearCore\Debug\libClearCore.a(DigitalIn.o)
                0x000084a4                ClearCore::DigitalIn::Type()
 .text._ZN9ClearCore9DigitalIn10IsWritableEv
                0x000084a8        0x4 C:\Users\emill\Documents\GitHub\thruster-equipment\libClearCore\Debug\libClearCore.a(DigitalIn.o)
                0x000084a8                ClearCore::DigitalIn::IsWritable()
 .text._ZN9ClearCore9DigitalIn5StateEs
                0x000084ac        0x4 C:\Users\emill\Documents\GitHub\thruster-equipment\libClearCore\Debug\libClearCore.a(DigitalIn.o)
                0x000084ac                ClearCore::DigitalIn::State(short)
 .text._ZN9ClearCore9DigitalIn5StateEv
                0x000084b0       0x28 C:\Users\emill\Documents\GitHub\thruster-equipment\libClearCore\Debug\libClearCore.a(DigitalIn.o)
                0x000084b0                ClearCore::DigitalIn::State()
 .text._ZN9ClearCore9DigitalIn10InitializeE13ClearCorePins
                0x000084d8       0xcc C:\Users\emill\Documents\GitHub\thruster-equipment\libClearCore\Debug\libClearCore.a(DigitalIn.o)
                0x000084d8                ClearCore::DigitalIn::Initialize(ClearCorePins)
 .text._ZN9ClearCore9DigitalIn7RefreshEv
                0x000085a4      0x14c C:\Users\emill\Documents\GitHub\thruster-equipment\libClearCore\Debug\libClearCore.a(DigitalIn.o)
                0x000085a4                ClearCore::DigitalIn::Refresh()
 .text._ZN9ClearCore9ConnectorC2Ev
                0x000086f0       0x14 C:\Users\emill\Documents\GitHub\thruster-equipment\libClearCore\Debug\libClearCore.a(DigitalIn.o)
                0x000086f0                ClearCore::Connector::Connector()
                0x000086f0                ClearCore::Connector::Connector()
 .text._ZN9ClearCore9DigitalInC2ENS_13ShiftRegister5MasksEPK15PeripheralRoute
                0x00008704       0x48 C:\Users\emill\Documents\GitHub\thruster-equipment\libClearCore\Debug\libClearCore.a(DigitalIn.o)
                0x00008704                ClearCore::DigitalIn::DigitalIn(ClearCore::ShiftRegister::Masks, PeripheralRoute const*)
                0x00008704                ClearCore::DigitalIn::DigitalIn(ClearCore::ShiftRegister::Masks, PeripheralRoute const*)
 .text._ZN9ClearCore9DigitalIn7StateRTEv
                0x0000874c       0x1c C:\Users\emill\Documents\GitHub\thruster-equipment\libClearCore\Debug\libClearCore.a(DigitalIn.o)
                0x0000874c                ClearCore::DigitalIn::StateRT()
 .text._ZN9ClearCore9DigitalIn17UpdateFilterStateEv
                0x00008768       0x9c C:\Users\emill\Documents\GitHub\thruster-equipment\libClearCore\Debug\libClearCore.a(DigitalIn.o)
                0x00008768                ClearCore::DigitalIn::UpdateFilterState()
 .text._ZN9ClearCore10UdpReceiveEPvP7udp_pcbP4pbufPK8ip4_addrt
                0x00008804       0x34 C:\Users\emill\Documents\GitHub\thruster-equipment\libClearCore\Debug\libClearCore.a(EthernetUdp.o)
                0x00008804                ClearCore::UdpReceive(void*, udp_pcb*, pbuf*, ip4_addr const*, unsigned short)
 .text._ZN9ClearCore11EthernetUdpC2Ev
                0x00008838       0x24 C:\Users\emill\Documents\GitHub\thruster-equipment\libClearCore\Debug\libClearCore.a(EthernetUdp.o)
                0x00008838                ClearCore::EthernetUdp::EthernetUdp()
                0x00008838                ClearCore::EthernetUdp::EthernetUdp()
 .text._ZN9ClearCore11EthernetUdp5BeginEt
                0x0000885c       0x54 C:\Users\emill\Documents\GitHub\thruster-equipment\libClearCore\Debug\libClearCore.a(EthernetUdp.o)
                0x0000885c                ClearCore::EthernetUdp::Begin(unsigned short)
 .text._ZN9ClearCore11EthernetUdp7ConnectENS_9IpAddressEt
                0x000088b0       0x30 C:\Users\emill\Documents\GitHub\thruster-equipment\libClearCore\Debug\libClearCore.a(EthernetUdp.o)
                0x000088b0                ClearCore::EthernetUdp::Connect(ClearCore::IpAddress, unsigned short)
 .text._ZN9ClearCore11EthernetUdp10PacketSendEv
                0x000088e0       0x5c C:\Users\emill\Documents\GitHub\thruster-equipment\libClearCore\Debug\libClearCore.a(EthernetUdp.o)
                0x000088e0                ClearCore::EthernetUdp::PacketSend()
 .text._ZN9ClearCore11EthernetUdp11PacketWriteEPKc
                0x0000893c       0xec C:\Users\emill\Documents\GitHub\thruster-equipment\libClearCore\Debug\libClearCore.a(EthernetUdp.o)
                0x0000893c                ClearCore::EthernetUdp::PacketWrite(char const*)
 .text._ZN9ClearCore11EthernetUdp11PacketParseEv
                0x00008a28       0x64 C:\Users\emill\Documents\GitHub\thruster-equipment\libClearCore\Debug\libClearCore.a(EthernetUdp.o)
                0x00008a28                ClearCore::EthernetUdp::PacketParse()
 .text._ZN9ClearCore11EthernetUdp10PacketReadEPht
                0x00008a8c       0xe8 C:\Users\emill\Documents\GitHub\thruster-equipment\libClearCore\Debug\libClearCore.a(EthernetUdp.o)
                0x00008a8c                ClearCore::EthernetUdp::PacketRead(unsigned char*, unsigned short)
 .text._ZN9ClearCore11EthernetUdp8RemoteIpEv
                0x00008b74        0x4 C:\Users\emill\Documents\GitHub\thruster-equipment\libClearCore\Debug\libClearCore.a(EthernetUdp.o)
                0x00008b74                ClearCore::EthernetUdp::RemoteIp()
 .text._ZN9ClearCore12InputManager8InstanceEv
                0x00008b78       0x5c C:\Users\emill\Documents\GitHub\thruster-equipment\libClearCore\Debug\libClearCore.a(InputManager.o)
                0x00008b78                ClearCore::InputManager::Instance()
 .text._ZN9ClearCore12InputManager10InitializeEv
                0x00008bd4       0x18 C:\Users\emill\Documents\GitHub\thruster-equipment\libClearCore\Debug\libClearCore.a(InputManager.o)
                0x00008bd4                ClearCore::InputManager::Initialize()
 .text._ZN9ClearCore12InputManager15InterruptEnableEabb
                0x00008bec       0x78 C:\Users\emill\Documents\GitHub\thruster-equipment\libClearCore\Debug\libClearCore.a(InputManager.o)
                0x00008bec                ClearCore::InputManager::InterruptEnable(signed char, bool, bool)
 .text._ZN9ClearCore12InputManager11EIC_HandlerEh
                0x00008c64       0x5c C:\Users\emill\Documents\GitHub\thruster-equipment\libClearCore\Debug\libClearCore.a(InputManager.o)
                0x00008c64                ClearCore::InputManager::EIC_Handler(unsigned char)
 .text._ZN9ClearCore12InputManager11UpdateBeginEv
                0x00008cc0       0x28 C:\Users\emill\Documents\GitHub\thruster-equipment\libClearCore\Debug\libClearCore.a(InputManager.o)
                0x00008cc0                ClearCore::InputManager::UpdateBegin()
 .text._ZN9ClearCore12InputManager9UpdateEndEv
                0x00008ce8       0x54 C:\Users\emill\Documents\GitHub\thruster-equipment\libClearCore\Debug\libClearCore.a(InputManager.o)
                0x00008ce8                ClearCore::InputManager::UpdateEnd()
 .text.startup._GLOBAL__sub_I__ZN9ClearCore8InputMgrE
                0x00008d3c       0x10 C:\Users\emill\Documents\GitHub\thruster-equipment\libClearCore\Debug\libClearCore.a(InputManager.o)
 .text._ZN9ClearCore11MotorDriver4TypeEv
                0x00008d4c        0x4 C:\Users\emill\Documents\GitHub\thruster-equipment\libClearCore\Debug\libClearCore.a(MotorDriver.o)
                0x00008d4c                ClearCore::MotorDriver::Type()
 .text._ZN9ClearCore11MotorDriver10IsWritableEv
                0x00008d50        0x4 C:\Users\emill\Documents\GitHub\thruster-equipment\libClearCore\Debug\libClearCore.a(MotorDriver.o)
                0x00008d50                ClearCore::MotorDriver::IsWritable()
 .text._ZN9ClearCore11MotorDriver11IsInHwFaultEv
                0x00008d54        0x8 C:\Users\emill\Documents\GitHub\thruster-equipment\libClearCore\Debug\libClearCore.a(MotorDriver.o)
                0x00008d54                ClearCore::MotorDriver::IsInHwFault()
 .text._ZN9ClearCore11MotorDriver4ModeEv
                0x00008d5c        0x4 C:\Users\emill\Documents\GitHub\thruster-equipment\libClearCore\Debug\libClearCore.a(MotorDriver.o)
                0x00008d5c                ClearCore::MotorDriver::Mode()
 .text._ZN9ClearCore11MotorDriver4ModeENS_9Connector14ConnectorModesE
                0x00008d60      0x164 C:\Users\emill\Documents\GitHub\thruster-equipment\libClearCore\Debug\libClearCore.a(MotorDriver.o)
                0x00008d60                ClearCore::MotorDriver::Mode(ClearCore::Connector::ConnectorModes)
 .text._ZN9ClearCore11MotorDriver15OutputDirectionEv
                0x00008ec4       0x58 C:\Users\emill\Documents\GitHub\thruster-equipment\libClearCore\Debug\libClearCore.a(MotorDriver.o)
                0x00008ec4                ClearCore::MotorDriver::OutputDirection()
                0x00008f14                non-virtual thunk to ClearCore::MotorDriver::OutputDirection()
 .text._ZN9ClearCore11MotorDriverC2ENS_13ShiftRegister5MasksEPK15PeripheralRouteS5_S5_tt
                0x00008f1c      0x1a8 C:\Users\emill\Documents\GitHub\thruster-equipment\libClearCore\Debug\libClearCore.a(MotorDriver.o)
                0x00008f1c                ClearCore::MotorDriver::MotorDriver(ClearCore::ShiftRegister::Masks, PeripheralRoute const*, PeripheralRoute const*, PeripheralRoute const*, unsigned short, unsigned short)
                0x00008f1c                ClearCore::MotorDriver::MotorDriver(ClearCore::ShiftRegister::Masks, PeripheralRoute const*, PeripheralRoute const*, PeripheralRoute const*, unsigned short, unsigned short)
 .text._ZN9ClearCore11MotorDriver13EnableRequestEb
                0x000090c4      0x124 C:\Users\emill\Documents\GitHub\thruster-equipment\libClearCore\Debug\libClearCore.a(MotorDriver.o)
                0x000090c4                ClearCore::MotorDriver::EnableRequest(bool)
 .text._ZN9ClearCore11MotorDriver11RefreshSlowEv
                0x000091e8       0xe8 C:\Users\emill\Documents\GitHub\thruster-equipment\libClearCore\Debug\libClearCore.a(MotorDriver.o)
                0x000091e8                ClearCore::MotorDriver::RefreshSlow()
 .text._ZN9ClearCore11MotorDriver10FaultStateEb
                0x000092d0       0xf8 C:\Users\emill\Documents\GitHub\thruster-equipment\libClearCore\Debug\libClearCore.a(MotorDriver.o)
                0x000092d0                ClearCore::MotorDriver::FaultState(bool)
 .text._ZN9ClearCore11MotorDriver7RefreshEv
                0x000093c8      0x65c C:\Users\emill\Documents\GitHub\thruster-equipment\libClearCore\Debug\libClearCore.a(MotorDriver.o)
                0x000093c8                ClearCore::MotorDriver::Refresh()
 .text._ZN9ClearCore11MotorDriver4MoveElNS_13StepGenerator10MoveTargetE
                0x00009a24       0xf0 C:\Users\emill\Documents\GitHub\thruster-equipment\libClearCore\Debug\libClearCore.a(MotorDriver.o)
                0x00009a24                ClearCore::MotorDriver::Move(long, ClearCore::StepGenerator::MoveTarget)
 .text._ZThn48_N9ClearCore11MotorDriver4MoveElNS_13StepGenerator10MoveTargetE
                0x00009b14        0x8 C:\Users\emill\Documents\GitHub\thruster-equipment\libClearCore\Debug\libClearCore.a(MotorDriver.o)
                0x00009b14                non-virtual thunk to ClearCore::MotorDriver::Move(long, ClearCore::StepGenerator::MoveTarget)
 .text._ZN9ClearCore11MotorDriver12MoveVelocityEl
                0x00009b1c       0xd8 C:\Users\emill\Documents\GitHub\thruster-equipment\libClearCore\Debug\libClearCore.a(MotorDriver.o)
                0x00009b1c                ClearCore::MotorDriver::MoveVelocity(long)
 .text._ZThn48_N9ClearCore11MotorDriver12MoveVelocityEl
                0x00009bf4        0x8 C:\Users\emill\Documents\GitHub\thruster-equipment\libClearCore\Debug\libClearCore.a(MotorDriver.o)
                0x00009bf4                non-virtual thunk to ClearCore::MotorDriver::MoveVelocity(long)
 .text._ZN9ClearCore11MotorDriver10InitializeE13ClearCorePins
                0x00009bfc      0x314 C:\Users\emill\Documents\GitHub\thruster-equipment\libClearCore\Debug\libClearCore.a(MotorDriver.o)
                0x00009bfc                ClearCore::MotorDriver::Initialize(ClearCorePins)
 .text._ZN9ClearCore9SerialUsb6ParityENS_7ISerial9_ParitiesE
                0x00009f10        0xc C:\Users\emill\Documents\GitHub\thruster-equipment\libClearCore\Debug\libClearCore.a(SerialUsb.o)
                0x00009f10                ClearCore::SerialUsb::Parity(ClearCore::ISerial::_Parities)
 .text._ZN9ClearCore9SerialUsb6ParityEv
                0x00009f1c        0x4 C:\Users\emill\Documents\GitHub\thruster-equipment\libClearCore\Debug\libClearCore.a(SerialUsb.o)
                0x00009f1c                ClearCore::SerialUsb::Parity()
 .text._ZN9ClearCore9SerialUsb8StopBitsEh
                0x00009f20        0xc C:\Users\emill\Documents\GitHub\thruster-equipment\libClearCore\Debug\libClearCore.a(SerialUsb.o)
                0x00009f20                ClearCore::SerialUsb::StopBits(unsigned char)
 .text._ZN9ClearCore9SerialUsb8CharSizeEh
                0x00009f2c        0xc C:\Users\emill\Documents\GitHub\thruster-equipment\libClearCore\Debug\libClearCore.a(SerialUsb.o)
                0x00009f2c                ClearCore::SerialUsb::CharSize(unsigned char)
 .text._ZN9ClearCore9SerialUsb4ModeEv
                0x00009f38        0xc C:\Users\emill\Documents\GitHub\thruster-equipment\libClearCore\Debug\libClearCore.a(SerialUsb.o)
                0x00009f38                ClearCore::SerialUsb::Mode()
                0x00009f3c                non-virtual thunk to ClearCore::SerialUsb::Mode()
 .text._ZN9ClearCore9SerialUsb4ModeENS_9Connector14ConnectorModesE
                0x00009f44       0x14 C:\Users\emill\Documents\GitHub\thruster-equipment\libClearCore\Debug\libClearCore.a(SerialUsb.o)
                0x00009f44                ClearCore::SerialUsb::Mode(ClearCore::Connector::ConnectorModes)
                0x00009f50                non-virtual thunk to ClearCore::SerialUsb::Mode(ClearCore::Connector::ConnectorModes)
 .text._ZN9ClearCore9SerialUsb4TypeEv
                0x00009f58        0xc C:\Users\emill\Documents\GitHub\thruster-equipment\libClearCore\Debug\libClearCore.a(SerialUsb.o)
                0x00009f58                ClearCore::SerialUsb::Type()
                0x00009f5c                non-virtual thunk to ClearCore::SerialUsb::Type()
 .text._ZN9ClearCore9SerialUsb11IsInHwFaultEv
                0x00009f64        0xc C:\Users\emill\Documents\GitHub\thruster-equipment\libClearCore\Debug\libClearCore.a(SerialUsb.o)
                0x00009f64                ClearCore::SerialUsb::IsInHwFault()
                0x00009f68                non-virtual thunk to ClearCore::SerialUsb::IsInHwFault()
 .text._ZN9ClearCore9SerialUsb10InitializeE13ClearCorePins
                0x00009f70       0x10 C:\Users\emill\Documents\GitHub\thruster-equipment\libClearCore\Debug\libClearCore.a(SerialUsb.o)
                0x00009f70                ClearCore::SerialUsb::Initialize(ClearCorePins)
                0x00009f78                non-virtual thunk to ClearCore::SerialUsb::Initialize(ClearCorePins)
 .text._ZN9ClearCore9SerialUsb7RefreshEv
                0x00009f80        0xc C:\Users\emill\Documents\GitHub\thruster-equipment\libClearCore\Debug\libClearCore.a(SerialUsb.o)
                0x00009f80                ClearCore::SerialUsb::Refresh()
                0x00009f84                non-virtual thunk to ClearCore::SerialUsb::Refresh()
 .text._ZN9ClearCore9SerialUsb10FlushInputEv
                0x00009f8c        0xc C:\Users\emill\Documents\GitHub\thruster-equipment\libClearCore\Debug\libClearCore.a(SerialUsb.o)
                0x00009f8c                ClearCore::SerialUsb::FlushInput()
 .text._ZN9ClearCore9SerialUsb19WaitForTransmitIdleEv
                0x00009f98        0xc C:\Users\emill\Documents\GitHub\thruster-equipment\libClearCore\Debug\libClearCore.a(SerialUsb.o)
                0x00009f98                ClearCore::SerialUsb::WaitForTransmitIdle()
                0x00009f98                ClearCore::SerialUsb::Flush()
 .text._ZN9ClearCore9SerialUsbcvbEv
                0x00009fa4        0xc C:\Users\emill\Documents\GitHub\thruster-equipment\libClearCore\Debug\libClearCore.a(SerialUsb.o)
                0x00009fa4                ClearCore::SerialUsb::PortIsOpen()
                0x00009fa4                ClearCore::SerialUsb::operator bool()
 .text._ZN9ClearCore9SerialUsb8PortOpenEv
                0x00009fb0        0xc C:\Users\emill\Documents\GitHub\thruster-equipment\libClearCore\Debug\libClearCore.a(SerialUsb.o)
                0x00009fb0                ClearCore::SerialUsb::PortOpen()
 .text._ZN9ClearCore9SerialUsb9PortCloseEv
                0x00009fbc        0xc C:\Users\emill\Documents\GitHub\thruster-equipment\libClearCore\Debug\libClearCore.a(SerialUsb.o)
                0x00009fbc                ClearCore::SerialUsb::PortClose()
 .text._ZN9ClearCore9SerialUsb5SpeedEm
                0x00009fc8        0xc C:\Users\emill\Documents\GitHub\thruster-equipment\libClearCore\Debug\libClearCore.a(SerialUsb.o)
                0x00009fc8                ClearCore::SerialUsb::Speed(unsigned long)
 .text._ZN9ClearCore9SerialUsb5SpeedEv
                0x00009fd4        0xc C:\Users\emill\Documents\GitHub\thruster-equipment\libClearCore\Debug\libClearCore.a(SerialUsb.o)
                0x00009fd4                ClearCore::SerialUsb::Speed()
 .text._ZN9ClearCore9SerialUsb7CharGetEv
                0x00009fe0        0xc C:\Users\emill\Documents\GitHub\thruster-equipment\libClearCore\Debug\libClearCore.a(SerialUsb.o)
                0x00009fe0                ClearCore::SerialUsb::CharGet()
 .text._ZN9ClearCore9SerialUsb8CharPeekEv
                0x00009fec        0xc C:\Users\emill\Documents\GitHub\thruster-equipment\libClearCore\Debug\libClearCore.a(SerialUsb.o)
                0x00009fec                ClearCore::SerialUsb::CharPeek()
 .text._ZN9ClearCore9SerialUsb8SendCharEh
                0x00009ff8        0xc C:\Users\emill\Documents\GitHub\thruster-equipment\libClearCore\Debug\libClearCore.a(SerialUsb.o)
                0x00009ff8                ClearCore::SerialUsb::SendChar(unsigned char)
 .text._ZN9ClearCore9SerialUsb16AvailableForReadEv
                0x0000a004        0xc C:\Users\emill\Documents\GitHub\thruster-equipment\libClearCore\Debug\libClearCore.a(SerialUsb.o)
                0x0000a004                ClearCore::SerialUsb::AvailableForRead()
 .text._ZN9ClearCore9SerialUsb17AvailableForWriteEv
                0x0000a010        0xc C:\Users\emill\Documents\GitHub\thruster-equipment\libClearCore\Debug\libClearCore.a(SerialUsb.o)
                0x0000a010                ClearCore::SerialUsb::AvailableForWrite()
 .text._ZN9ClearCore9SerialUsb10IsWritableEv
                0x0000a01c       0x24 C:\Users\emill\Documents\GitHub\thruster-equipment\libClearCore\Debug\libClearCore.a(SerialUsb.o)
                0x0000a01c                ClearCore::SerialUsb::IsWritable()
                0x0000a038                non-virtual thunk to ClearCore::SerialUsb::IsWritable()
 .text._ZN9ClearCore9SerialUsb5StateEv
                0x0000a040       0x30 C:\Users\emill\Documents\GitHub\thruster-equipment\libClearCore\Debug\libClearCore.a(SerialUsb.o)
                0x0000a040                ClearCore::SerialUsb::State()
                0x0000a068                non-virtual thunk to ClearCore::SerialUsb::State()
 .text._ZN9ClearCore9SerialUsb5StateEs
                0x0000a070       0x48 C:\Users\emill\Documents\GitHub\thruster-equipment\libClearCore\Debug\libClearCore.a(SerialUsb.o)
                0x0000a070                ClearCore::SerialUsb::State(short)
                0x0000a0b0                non-virtual thunk to ClearCore::SerialUsb::State(short)
 .text._ZN9ClearCore19DigitalInOutHBridge4ModeEv
                0x0000a0b8        0x4 C:\Users\emill\Documents\GitHub\thruster-equipment\libClearCore\Debug\libClearCore.a(StatusManager.o)
                0x0000a0b8                ClearCore::DigitalInOutHBridge::Mode()
 .text._ZN9ClearCore13StatusManager8InstanceEv
                0x0000a0bc       0x7c C:\Users\emill\Documents\GitHub\thruster-equipment\libClearCore\Debug\libClearCore.a(StatusManager.o)
                0x0000a0bc                ClearCore::StatusManager::Instance()
 .text._ZN9ClearCore13StatusManager8StatusRTENS0_14StatusRegisterE
                0x0000a138        0xc C:\Users\emill\Documents\GitHub\thruster-equipment\libClearCore\Debug\libClearCore.a(StatusManager.o)
                0x0000a138                ClearCore::StatusManager::StatusRT(ClearCore::StatusManager::StatusRegister)
 .text._ZN9ClearCore13StatusManager14AdcIsInTimeoutEv
                0x0000a144        0xc C:\Users\emill\Documents\GitHub\thruster-equipment\libClearCore\Debug\libClearCore.a(StatusManager.o)
                0x0000a144                ClearCore::StatusManager::AdcIsInTimeout()
 .text._ZN9ClearCore13StatusManager10InitializeENS_13ShiftRegister5MasksE
                0x0000a150       0x1c C:\Users\emill\Documents\GitHub\thruster-equipment\libClearCore\Debug\libClearCore.a(StatusManager.o)
                0x0000a150                ClearCore::StatusManager::Initialize(ClearCore::ShiftRegister::Masks)
 .text._ZN9ClearCore13StatusManager12HBridgeStateEb
                0x0000a16c       0x68 C:\Users\emill\Documents\GitHub\thruster-equipment\libClearCore\Debug\libClearCore.a(StatusManager.o)
                0x0000a16c                ClearCore::StatusManager::HBridgeState(bool)
 .text._ZN9ClearCore13StatusManager9BlinkCodeENS_15BlinkCodeDriver15BlinkCodeGroupsEh
                0x0000a1d4       0x10 C:\Users\emill\Documents\GitHub\thruster-equipment\libClearCore\Debug\libClearCore.a(StatusManager.o)
                0x0000a1d4                ClearCore::StatusManager::BlinkCode(ClearCore::BlinkCodeDriver::BlinkCodeGroups, unsigned char)
 .text._ZN9ClearCore13StatusManager16UpdateBlinkCodesENS0_14StatusRegisterE
                0x0000a1e4       0xb4 C:\Users\emill\Documents\GitHub\thruster-equipment\libClearCore\Debug\libClearCore.a(StatusManager.o)
                0x0000a1e4                ClearCore::StatusManager::UpdateBlinkCodes(ClearCore::StatusManager::StatusRegister)
 .text._ZN9ClearCore13StatusManager7RefreshEv
                0x0000a298      0x294 C:\Users\emill\Documents\GitHub\thruster-equipment\libClearCore\Debug\libClearCore.a(StatusManager.o)
                0x0000a298                ClearCore::StatusManager::Refresh()
 .text._ZN9ClearCore13StatusManager14OverloadUpdateEmb
                0x0000a52c       0x1c C:\Users\emill\Documents\GitHub\thruster-equipment\libClearCore\Debug\libClearCore.a(StatusManager.o)
                0x0000a52c                ClearCore::StatusManager::OverloadUpdate(unsigned long, bool)
 .text.startup._GLOBAL__sub_I__ZN9ClearCore9StatusMgrE
                0x0000a548       0x10 C:\Users\emill\Documents\GitHub\thruster-equipment\libClearCore\Debug\libClearCore.a(StatusManager.o)
 .text._ZN9ClearCore10UsbManager18CBLineStateChangedE22usb_cdc_control_signal
                0x0000a558       0x80 C:\Users\emill\Documents\GitHub\thruster-equipment\libClearCore\Debug\libClearCore.a(UsbManager.o)
                0x0000a558                ClearCore::UsbManager::CBLineStateChanged(usb_cdc_control_signal)
 .text._ZN9ClearCore10UsbManager10RxCompleteEh13usb_xfer_codem
                0x0000a5d8      0x238 C:\Users\emill\Documents\GitHub\thruster-equipment\libClearCore\Debug\libClearCore.a(UsbManager.o)
                0x0000a5d8                ClearCore::UsbManager::RxComplete(unsigned char, usb_xfer_code, unsigned long)
 .text._ZN9ClearCore10UsbManager10TxCompleteEh13usb_xfer_codem
                0x0000a810      0x3d0 C:\Users\emill\Documents\GitHub\thruster-equipment\libClearCore\Debug\libClearCore.a(UsbManager.o)
                0x0000a810                ClearCore::UsbManager::TxComplete(unsigned char, usb_xfer_code, unsigned long)
 .text._ZN9ClearCore10UsbManager8InstanceEv
                0x0000abe0       0x68 C:\Users\emill\Documents\GitHub\thruster-equipment\libClearCore\Debug\libClearCore.a(UsbManager.o)
                0x0000abe0                ClearCore::UsbManager::Instance()
 .text._ZN9ClearCore10UsbManager10InitializeEv
                0x0000ac48      0x460 C:\Users\emill\Documents\GitHub\thruster-equipment\libClearCore\Debug\libClearCore.a(UsbManager.o)
                0x0000ac48                ClearCore::UsbManager::Initialize()
 .text._ZN9ClearCore10UsbManager5SpeedEm
                0x0000b0a8        0x4 C:\Users\emill\Documents\GitHub\thruster-equipment\libClearCore\Debug\libClearCore.a(UsbManager.o)
                0x0000b0a8                ClearCore::UsbManager::Speed(unsigned long)
 .text._ZN9ClearCore10UsbManager5SpeedEv
                0x0000b0ac        0xc C:\Users\emill\Documents\GitHub\thruster-equipment\libClearCore\Debug\libClearCore.a(UsbManager.o)
                0x0000b0ac                ClearCore::UsbManager::Speed()
 .text._ZN9ClearCore10UsbManager8PortOpenEv
                0x0000b0b8       0x38 C:\Users\emill\Documents\GitHub\thruster-equipment\libClearCore\Debug\libClearCore.a(UsbManager.o)
                0x0000b0b8                ClearCore::UsbManager::PortOpen()
 .text._ZN9ClearCore10UsbManager10FlushInputEv
                0x0000b0f0       0x1c C:\Users\emill\Documents\GitHub\thruster-equipment\libClearCore\Debug\libClearCore.a(UsbManager.o)
                0x0000b0f0                ClearCore::UsbManager::FlushInput()
 .text._ZN9ClearCore10UsbManager18WaitForWriteFinishEv
                0x0000b10c       0x34 C:\Users\emill\Documents\GitHub\thruster-equipment\libClearCore\Debug\libClearCore.a(UsbManager.o)
                0x0000b10c                ClearCore::UsbManager::WaitForWriteFinish()
 .text._ZN9ClearCore10UsbManagercvbEv
                0x0000b140       0x3c C:\Users\emill\Documents\GitHub\thruster-equipment\libClearCore\Debug\libClearCore.a(UsbManager.o)
                0x0000b140                ClearCore::UsbManager::operator bool()
 .text._ZN9ClearCore10UsbManager7CharGetEv
                0x0000b17c      0x258 C:\Users\emill\Documents\GitHub\thruster-equipment\libClearCore\Debug\libClearCore.a(UsbManager.o)
                0x0000b17c                ClearCore::UsbManager::CharGet()
 .text._ZN9ClearCore10UsbManager8CharPeekEv
                0x0000b3d4       0x18 C:\Users\emill\Documents\GitHub\thruster-equipment\libClearCore\Debug\libClearCore.a(UsbManager.o)
                0x0000b3d4                ClearCore::UsbManager::CharPeek()
 .text._ZN9ClearCore10UsbManager8SendCharEh
                0x0000b3ec       0x68 C:\Users\emill\Documents\GitHub\thruster-equipment\libClearCore\Debug\libClearCore.a(UsbManager.o)
                0x0000b3ec                ClearCore::UsbManager::SendChar(unsigned char)
 .text._ZN9ClearCore10UsbManager16AvailableForReadEv
                0x0000b454       0x10 C:\Users\emill\Documents\GitHub\thruster-equipment\libClearCore\Debug\libClearCore.a(UsbManager.o)
                0x0000b454                ClearCore::UsbManager::AvailableForRead()
 .text._ZN9ClearCore10UsbManager17AvailableForWriteEv
                0x0000b464       0x14 C:\Users\emill\Documents\GitHub\thruster-equipment\libClearCore\Debug\libClearCore.a(UsbManager.o)
                0x0000b464                ClearCore::UsbManager::AvailableForWrite()
 .text._ZN9ClearCore10UsbManager6TxPumpEv
                0x0000b478      0x3f4 C:\Users\emill\Documents\GitHub\thruster-equipment\libClearCore\Debug\libClearCore.a(UsbManager.o)
                0x0000b478                ClearCore::UsbManager::TxPump()
 .text._ZN9ClearCore10UsbManager9PortCloseEv
                0x0000b86c       0x70 C:\Users\emill\Documents\GitHub\thruster-equipment\libClearCore\Debug\libClearCore.a(UsbManager.o)
                0x0000b86c                ClearCore::UsbManager::PortClose()
 .text._ZN9ClearCore10UsbManager7RefreshEv
                0x0000b8dc      0x3f4 C:\Users\emill\Documents\GitHub\thruster-equipment\libClearCore\Debug\libClearCore.a(UsbManager.o)
                0x0000b8dc                ClearCore::UsbManager::Refresh()
 .text.startup._GLOBAL__sub_I__ZN9ClearCore6UsbMgrE
                0x0000bcd0       0x10 C:\Users\emill\Documents\GitHub\thruster-equipment\libClearCore\Debug\libClearCore.a(UsbManager.o)
 .text._ZN9ClearCore10SerialBase5SpeedEv
                0x0000bce0        0x4 C:\Users\emill\Documents\GitHub\thruster-equipment\libClearCore\Debug\libClearCore.a(SysManager.o)
                0x0000bce0                ClearCore::SerialBase::Speed()
 .text._ZN9ClearCore10SerialBase6ParityEv
                0x0000bce4        0x4 C:\Users\emill\Documents\GitHub\thruster-equipment\libClearCore\Debug\libClearCore.a(SysManager.o)
                0x0000bce4                ClearCore::SerialBase::Parity()
 .text._ZN9ClearCore10SerialBasecvbEv
                0x0000bce8        0x4 C:\Users\emill\Documents\GitHub\thruster-equipment\libClearCore\Debug\libClearCore.a(SysManager.o)
                0x0000bce8                ClearCore::SerialBase::operator bool()
 .text._ZN9ClearCore11MotorDriverC2Ev
                0x0000bcec       0x44 C:\Users\emill\Documents\GitHub\thruster-equipment\libClearCore\Debug\libClearCore.a(SysManager.o)
                0x0000bcec                ClearCore::MotorDriver::MotorDriver()
                0x0000bcec                ClearCore::MotorDriver::MotorDriver()
 .text._ZN9ClearCore10SysManagerC2Ev
                0x0000bd30     0x1784 C:\Users\emill\Documents\GitHub\thruster-equipment\libClearCore\Debug\libClearCore.a(SysManager.o)
                0x0000bd30                ClearCore::SysManager::SysManager()
                0x0000bd30                ClearCore::SysManager::SysManager()
 .text._ZN9ClearCore10SysManager16ConnectorByIndexE13ClearCorePins
                0x0000d4b4       0x1c C:\Users\emill\Documents\GitHub\thruster-equipment\libClearCore\Debug\libClearCore.a(SysManager.o)
                0x0000d4b4                ClearCore::SysManager::ConnectorByIndex(ClearCorePins)
 .text._ZN9ClearCore10SysManager10InitClocksEv
                0x0000d4d0      0x2dc C:\Users\emill\Documents\GitHub\thruster-equipment\libClearCore\Debug\libClearCore.a(SysManager.o)
                0x0000d4d0                ClearCore::SysManager::InitClocks()
 .text._ZN9ClearCore10SysManager10InitializeEv
                0x0000d7ac      0x280 C:\Users\emill\Documents\GitHub\thruster-equipment\libClearCore\Debug\libClearCore.a(SysManager.o)
                0x0000d7ac                ClearCore::SysManager::Initialize()
 .text._ZN9ClearCore10SysManager10ResetBoardENS0_10ResetModesE
                0x0000da2c       0x38 C:\Users\emill\Documents\GitHub\thruster-equipment\libClearCore\Debug\libClearCore.a(SysManager.o)
                0x0000da2c                ClearCore::SysManager::ResetBoard(ClearCore::SysManager::ResetModes)
 .text.GMAC_Handler
                0x0000da64        0xc C:\Users\emill\Documents\GitHub\thruster-equipment\libClearCore\Debug\libClearCore.a(SysManager.o)
                0x0000da64                GMAC_Handler
 .text.SERCOM0_0_Handler
                0x0000da70        0xc C:\Users\emill\Documents\GitHub\thruster-equipment\libClearCore\Debug\libClearCore.a(SysManager.o)
                0x0000da70                SERCOM0_0_Handler
 .text.SERCOM0_2_Handler
                0x0000da7c        0xc C:\Users\emill\Documents\GitHub\thruster-equipment\libClearCore\Debug\libClearCore.a(SysManager.o)
                0x0000da7c                SERCOM0_2_Handler
 .text.SERCOM0_3_Handler
                0x0000da88        0xc C:\Users\emill\Documents\GitHub\thruster-equipment\libClearCore\Debug\libClearCore.a(SysManager.o)
                0x0000da88                SERCOM0_3_Handler
 .text.SERCOM2_0_Handler
                0x0000da94        0xc C:\Users\emill\Documents\GitHub\thruster-equipment\libClearCore\Debug\libClearCore.a(SysManager.o)
                0x0000da94                SERCOM2_0_Handler
 .text.SERCOM2_2_Handler
                0x0000daa0        0xc C:\Users\emill\Documents\GitHub\thruster-equipment\libClearCore\Debug\libClearCore.a(SysManager.o)
                0x0000daa0                SERCOM2_2_Handler
 .text.SERCOM2_3_Handler
                0x0000daac        0xc C:\Users\emill\Documents\GitHub\thruster-equipment\libClearCore\Debug\libClearCore.a(SysManager.o)
                0x0000daac                SERCOM2_3_Handler
 .text.SERCOM7_0_Handler
                0x0000dab8        0xc C:\Users\emill\Documents\GitHub\thruster-equipment\libClearCore\Debug\libClearCore.a(SysManager.o)
                0x0000dab8                SERCOM7_0_Handler
 .text.SERCOM7_2_Handler
                0x0000dac4        0xc C:\Users\emill\Documents\GitHub\thruster-equipment\libClearCore\Debug\libClearCore.a(SysManager.o)
                0x0000dac4                SERCOM7_2_Handler
 .text.SERCOM7_3_Handler
                0x0000dad0        0xc C:\Users\emill\Documents\GitHub\thruster-equipment\libClearCore\Debug\libClearCore.a(SysManager.o)
                0x0000dad0                SERCOM7_3_Handler
 .text.EIC_0_Handler
                0x0000dadc       0x10 C:\Users\emill\Documents\GitHub\thruster-equipment\libClearCore\Debug\libClearCore.a(SysManager.o)
                0x0000dadc                EIC_0_Handler
 .text.EIC_1_Handler
                0x0000daec       0x10 C:\Users\emill\Documents\GitHub\thruster-equipment\libClearCore\Debug\libClearCore.a(SysManager.o)
                0x0000daec                EIC_1_Handler
 .text.EIC_2_Handler
                0x0000dafc       0x10 C:\Users\emill\Documents\GitHub\thruster-equipment\libClearCore\Debug\libClearCore.a(SysManager.o)
                0x0000dafc                EIC_2_Handler
 .text.EIC_3_Handler
                0x0000db0c       0x10 C:\Users\emill\Documents\GitHub\thruster-equipment\libClearCore\Debug\libClearCore.a(SysManager.o)
                0x0000db0c                EIC_3_Handler
 .text.EIC_4_Handler
                0x0000db1c       0x10 C:\Users\emill\Documents\GitHub\thruster-equipment\libClearCore\Debug\libClearCore.a(SysManager.o)
                0x0000db1c                EIC_4_Handler
 .text.EIC_5_Handler
                0x0000db2c       0x10 C:\Users\emill\Documents\GitHub\thruster-equipment\libClearCore\Debug\libClearCore.a(SysManager.o)
                0x0000db2c                EIC_5_Handler
 .text.EIC_6_Handler
                0x0000db3c       0x10 C:\Users\emill\Documents\GitHub\thruster-equipment\libClearCore\Debug\libClearCore.a(SysManager.o)
                0x0000db3c                EIC_6_Handler
 .text.EIC_7_Handler
                0x0000db4c       0x10 C:\Users\emill\Documents\GitHub\thruster-equipment\libClearCore\Debug\libClearCore.a(SysManager.o)
                0x0000db4c                EIC_7_Handler
 .text.EIC_8_Handler
                0x0000db5c       0x10 C:\Users\emill\Documents\GitHub\thruster-equipment\libClearCore\Debug\libClearCore.a(SysManager.o)
                0x0000db5c                EIC_8_Handler
 .text.EIC_9_Handler
                0x0000db6c       0x10 C:\Users\emill\Documents\GitHub\thruster-equipment\libClearCore\Debug\libClearCore.a(SysManager.o)
                0x0000db6c                EIC_9_Handler
 .text.EIC_10_Handler
                0x0000db7c       0x10 C:\Users\emill\Documents\GitHub\thruster-equipment\libClearCore\Debug\libClearCore.a(SysManager.o)
                0x0000db7c                EIC_10_Handler
 .text.EIC_11_Handler
                0x0000db8c       0x10 C:\Users\emill\Documents\GitHub\thruster-equipment\libClearCore\Debug\libClearCore.a(SysManager.o)
                0x0000db8c                EIC_11_Handler
 .text.EIC_12_Handler
                0x0000db9c        0xc C:\Users\emill\Documents\GitHub\thruster-equipment\libClearCore\Debug\libClearCore.a(SysManager.o)
                0x0000db9c                EIC_12_Handler
 .text.EIC_13_Handler
                0x0000dba8       0x10 C:\Users\emill\Documents\GitHub\thruster-equipment\libClearCore\Debug\libClearCore.a(SysManager.o)
                0x0000dba8                EIC_13_Handler
 .text.EIC_14_Handler
                0x0000dbb8       0x10 C:\Users\emill\Documents\GitHub\thruster-equipment\libClearCore\Debug\libClearCore.a(SysManager.o)
                0x0000dbb8                EIC_14_Handler
 .text.EIC_15_Handler
                0x0000dbc8       0x10 C:\Users\emill\Documents\GitHub\thruster-equipment\libClearCore\Debug\libClearCore.a(SysManager.o)
                0x0000dbc8                EIC_15_Handler
 .text.TCC3_0_Handler
                0x0000dbd8       0x18 C:\Users\emill\Documents\GitHub\thruster-equipment\libClearCore\Debug\libClearCore.a(SysManager.o)
                0x0000dbd8                TCC3_0_Handler
 .text.TCC4_0_Handler
                0x0000dbf0       0x18 C:\Users\emill\Documents\GitHub\thruster-equipment\libClearCore\Debug\libClearCore.a(SysManager.o)
                0x0000dbf0                TCC4_0_Handler
 .text.SysTick_Handler
                0x0000dc08       0x54 C:\Users\emill\Documents\GitHub\thruster-equipment\libClearCore\Debug\libClearCore.a(SysManager.o)
                0x0000dc08                SysTick_Handler
 .text.TCC0_0_Handler
                0x0000dc5c      0x110 C:\Users\emill\Documents\GitHub\thruster-equipment\libClearCore\Debug\libClearCore.a(SysManager.o)
                0x0000dc5c                TCC0_0_Handler
 .text.Reset_Handler
                0x0000dd6c       0x68 C:\Users\emill\Documents\GitHub\thruster-equipment\libClearCore\Debug\libClearCore.a(SysManager.o)
                0x0000dd6c                Reset_Handler
 .text.startup._GLOBAL__sub_I__ZN9ClearCore11FastSysTickE
                0x0000ddd4      0x1e8 C:\Users\emill\Documents\GitHub\thruster-equipment\libClearCore\Debug\libClearCore.a(SysManager.o)
 .text._ZN9ClearCore10NvmManager8InstanceEv
                0x0000dfbc       0x4c C:\Users\emill\Documents\GitHub\thruster-equipment\libClearCore\Debug\libClearCore.a(NvmManager.o)
                0x0000dfbc                ClearCore::NvmManager::Instance()
 .text._ZN9ClearCore10NvmManager5Int16ENS0_12NvmLocationsE
                0x0000e008       0x14 C:\Users\emill\Documents\GitHub\thruster-equipment\libClearCore\Debug\libClearCore.a(NvmManager.o)
                0x0000e008                ClearCore::NvmManager::Int16(ClearCore::NvmManager::NvmLocations)
 .text._ZN9ClearCore10NvmManager10MacAddressEPh
                0x0000e01c       0x48 C:\Users\emill\Documents\GitHub\thruster-equipment\libClearCore\Debug\libClearCore.a(NvmManager.o)
                0x0000e01c                ClearCore::NvmManager::MacAddress(unsigned char*)
 .text.startup._GLOBAL__sub_I__ZN9ClearCore6NvmMgrE
                0x0000e064       0x10 C:\Users\emill\Documents\GitHub\thruster-equipment\libClearCore\Debug\libClearCore.a(NvmManager.o)
 .text._ZN9ClearCore9SysTiming8InstanceEv
                0x0000e074       0x48 C:\Users\emill\Documents\GitHub\thruster-equipment\libClearCore\Debug\libClearCore.a(SysTiming.o)
                0x0000e074                ClearCore::SysTiming::Instance()
 .text._ZN9ClearCore9SysTiming8IsrStartEv
                0x0000e0bc        0xc C:\Users\emill\Documents\GitHub\thruster-equipment\libClearCore\Debug\libClearCore.a(SysTiming.o)
                0x0000e0bc                ClearCore::SysTiming::IsrStart()
 .text._ZN9ClearCore9SysTiming6IsrEndEv
                0x0000e0c8       0x20 C:\Users\emill\Documents\GitHub\thruster-equipment\libClearCore\Debug\libClearCore.a(SysTiming.o)
                0x0000e0c8                ClearCore::SysTiming::IsrEnd()
 .text._ZN9ClearCore9SysTiming6UpdateEv
                0x0000e0e8       0x78 C:\Users\emill\Documents\GitHub\thruster-equipment\libClearCore\Debug\libClearCore.a(SysTiming.o)
                0x0000e0e8                ClearCore::SysTiming::Update()
 .text._ZN9ClearCore9SysTiming21SysTickPeriodMicroSecEm
                0x0000e160       0x4c C:\Users\emill\Documents\GitHub\thruster-equipment\libClearCore\Debug\libClearCore.a(SysTiming.o)
                0x0000e160                ClearCore::SysTiming::SysTickPeriodMicroSec(unsigned long)
 .text.Milliseconds
                0x0000e1ac        0xc C:\Users\emill\Documents\GitHub\thruster-equipment\libClearCore\Debug\libClearCore.a(SysTiming.o)
                0x0000e1ac                Milliseconds
 .text.Microseconds
                0x0000e1b8       0x48 C:\Users\emill\Documents\GitHub\thruster-equipment\libClearCore\Debug\libClearCore.a(SysTiming.o)
                0x0000e1b8                Microseconds
 .text.Delay_cycles
                0x0000e200       0x3c C:\Users\emill\Documents\GitHub\thruster-equipment\libClearCore\Debug\libClearCore.a(SysTiming.o)
                0x0000e200                Delay_cycles
 .text.startup._GLOBAL__sub_I__ZN9ClearCore7tickCntE
                0x0000e23c       0x10 C:\Users\emill\Documents\GitHub\thruster-equipment\libClearCore\Debug\libClearCore.a(SysTiming.o)
 .text._Z15ethernetif_initP5netif
                0x0000e24c       0x5c C:\Users\emill\Documents\GitHub\thruster-equipment\libClearCore\Debug\libClearCore.a(EthernetManager.o)
                0x0000e24c                ethernetif_init(netif*)
 .text._ZL11PacketWriteP6ethIntPhm.isra.0
                0x0000e2a8      0x118 C:\Users\emill\Documents\GitHub\thruster-equipment\libClearCore\Debug\libClearCore.a(EthernetManager.o)
 .text._ZL16low_level_outputP5netifP4pbuf
                0x0000e3c0       0x6c C:\Users\emill\Documents\GitHub\thruster-equipment\libClearCore\Debug\libClearCore.a(EthernetManager.o)
 .text._Z10PacketReadP6ethIntPhm
                0x0000e42c       0xfc C:\Users\emill\Documents\GitHub\thruster-equipment\libClearCore\Debug\libClearCore.a(EthernetManager.o)
                0x0000e42c                PacketRead(ethInt*, unsigned char*, unsigned long)
 .text._ZN9ClearCore15EthernetManager8InstanceEv
                0x0000e528       0xe8 C:\Users\emill\Documents\GitHub\thruster-equipment\libClearCore\Debug\libClearCore.a(EthernetManager.o)
                0x0000e528                ClearCore::EthernetManager::Instance()
 .text._ZN9ClearCore15EthernetManager13PhyInitializeEv
                0x0000e610      0x110 C:\Users\emill\Documents\GitHub\thruster-equipment\libClearCore\Debug\libClearCore.a(EthernetManager.o)
                0x0000e610                ClearCore::EthernetManager::PhyInitialize()
 .text._ZN9ClearCore15EthernetManager10InitializeEv
                0x0000e720      0x578 C:\Users\emill\Documents\GitHub\thruster-equipment\libClearCore\Debug\libClearCore.a(EthernetManager.o)
                0x0000e720                ClearCore::EthernetManager::Initialize()
 .text._ZN9ClearCore15EthernetManager13IrqHandlerPhyEv
                0x0000ec98      0x378 C:\Users\emill\Documents\GitHub\thruster-equipment\libClearCore\Debug\libClearCore.a(EthernetManager.o)
                0x0000ec98                ClearCore::EthernetManager::IrqHandlerPhy()
 .text._ZN9ClearCore15EthernetManager14IrqHandlerGmacEv
                0x0000f010       0x34 C:\Users\emill\Documents\GitHub\thruster-equipment\libClearCore\Debug\libClearCore.a(EthernetManager.o)
                0x0000f010                ClearCore::EthernetManager::IrqHandlerGmac()
 .text._ZN9ClearCore15EthernetManager7LocalIpEv
                0x0000f044        0x8 C:\Users\emill\Documents\GitHub\thruster-equipment\libClearCore\Debug\libClearCore.a(EthernetManager.o)
                0x0000f044                ClearCore::EthernetManager::LocalIp()
 .text._ZN9ClearCore15EthernetManager5SetupEv
                0x0000f04c       0x88 C:\Users\emill\Documents\GitHub\thruster-equipment\libClearCore\Debug\libClearCore.a(EthernetManager.o)
                0x0000f04c                ClearCore::EthernetManager::Setup()
 .text._ZN9ClearCore15EthernetManager7RefreshEv
                0x0000f0d4       0xbc C:\Users\emill\Documents\GitHub\thruster-equipment\libClearCore\Debug\libClearCore.a(EthernetManager.o)
                0x0000f0d4                ClearCore::EthernetManager::Refresh()
 .text._ZN9ClearCore15EthernetManager9DhcpBeginEv
                0x0000f190       0x8c C:\Users\emill\Documents\GitHub\thruster-equipment\libClearCore\Debug\libClearCore.a(EthernetManager.o)
                0x0000f190                ClearCore::EthernetManager::DhcpBegin()
 .text.startup._GLOBAL__sub_I__Z12PacketLengthP6ethInt
                0x0000f21c       0x10 C:\Users\emill\Documents\GitHub\thruster-equipment\libClearCore\Debug\libClearCore.a(EthernetManager.o)
 .text._ZN9ClearCore13ShiftRegisterC2Ev
                0x0000f22c      0x124 C:\Users\emill\Documents\GitHub\thruster-equipment\libClearCore\Debug\libClearCore.a(ShiftRegister.o)
                0x0000f22c                ClearCore::ShiftRegister::ShiftRegister()
                0x0000f22c                ClearCore::ShiftRegister::ShiftRegister()
 .text._ZN9ClearCore13ShiftRegister10InitializeEv
                0x0000f350      0x1a4 C:\Users\emill\Documents\GitHub\thruster-equipment\libClearCore\Debug\libClearCore.a(ShiftRegister.o)
                0x0000f350                ClearCore::ShiftRegister::Initialize()
 .text._ZN9ClearCore13ShiftRegister6UpdateEv
                0x0000f4f4      0x414 C:\Users\emill\Documents\GitHub\thruster-equipment\libClearCore\Debug\libClearCore.a(ShiftRegister.o)
                0x0000f4f4                ClearCore::ShiftRegister::Update()
 .text._ZN9ClearCore13ShiftRegister18DiagnosticLedSweepEv
                0x0000f908      0x148 C:\Users\emill\Documents\GitHub\thruster-equipment\libClearCore\Debug\libClearCore.a(ShiftRegister.o)
                0x0000f908                ClearCore::ShiftRegister::DiagnosticLedSweep()
 .text._ZN9ClearCore12MotorManager8InstanceEv
                0x0000fa50       0x44 C:\Users\emill\Documents\GitHub\thruster-equipment\libClearCore\Debug\libClearCore.a(MotorManager.o)
                0x0000fa50                ClearCore::MotorManager::Instance()
 .text._ZN9ClearCore12MotorManager18MotorInputClockingENS0_15MotorClockRatesE
                0x0000fa94      0x120 C:\Users\emill\Documents\GitHub\thruster-equipment\libClearCore\Debug\libClearCore.a(MotorManager.o)
                0x0000fa94                ClearCore::MotorManager::MotorInputClocking(ClearCore::MotorManager::MotorClockRates)
 .text._ZN9ClearCore12MotorManager12MotorModeSetENS0_9MotorPairENS_9Connector14ConnectorModesE
                0x0000fbb4       0xec C:\Users\emill\Documents\GitHub\thruster-equipment\libClearCore\Debug\libClearCore.a(MotorManager.o)
                0x0000fbb4                ClearCore::MotorManager::MotorModeSet(ClearCore::MotorManager::MotorPair, ClearCore::Connector::ConnectorModes)
 .text._ZN9ClearCore12MotorManager10InitializeEv
                0x0000fca0      0x10c C:\Users\emill\Documents\GitHub\thruster-equipment\libClearCore\Debug\libClearCore.a(MotorManager.o)
                0x0000fca0                ClearCore::MotorManager::Initialize()
 .text.startup._GLOBAL__sub_I__ZN9ClearCore8MotorMgrE
                0x0000fdac       0x10 C:\Users\emill\Documents\GitHub\thruster-equipment\libClearCore\Debug\libClearCore.a(MotorManager.o)
 .text._ZN9ClearCore13StepGenerator4MoveElNS0_10MoveTargetE
                0x0000fdbc       0x74 C:\Users\emill\Documents\GitHub\thruster-equipment\libClearCore\Debug\libClearCore.a(StepGenerator.o)
                0x0000fdbc                ClearCore::StepGenerator::Move(long, ClearCore::StepGenerator::MoveTarget)
 .text._ZN9ClearCore13StepGenerator12MoveVelocityEl
                0x0000fe30       0x94 C:\Users\emill\Documents\GitHub\thruster-equipment\libClearCore\Debug\libClearCore.a(StepGenerator.o)
                0x0000fe30                ClearCore::StepGenerator::MoveVelocity(long)
 .text._ZN9ClearCore13StepGenerator15StepsCalculatedEv
                0x0000fec4      0x4ec C:\Users\emill\Documents\GitHub\thruster-equipment\libClearCore\Debug\libClearCore.a(StepGenerator.o)
                0x0000fec4                ClearCore::StepGenerator::StepsCalculated()
 .text._ZN9ClearCore13StepGeneratorC2Ev
                0x000103b0       0x64 C:\Users\emill\Documents\GitHub\thruster-equipment\libClearCore\Debug\libClearCore.a(StepGenerator.o)
                0x000103b0                ClearCore::StepGenerator::StepGenerator()
                0x000103b0                ClearCore::StepGenerator::StepGenerator()
 .text._ZN9ClearCore13StepGenerator14MoveStopAbruptEv
                0x00010414       0x34 C:\Users\emill\Documents\GitHub\thruster-equipment\libClearCore\Debug\libClearCore.a(StepGenerator.o)
                0x00010414                ClearCore::StepGenerator::MoveStopAbrupt()
 .text._ZN9ClearCore13StepGenerator13MoveStopDecelEm
                0x00010448       0x58 C:\Users\emill\Documents\GitHub\thruster-equipment\libClearCore\Debug\libClearCore.a(StepGenerator.o)
                0x00010448                ClearCore::StepGenerator::MoveStopDecel(unsigned long)
 .text._ZN9ClearCore13StepGenerator6VelMaxEm
                0x000104a0       0x4c C:\Users\emill\Documents\GitHub\thruster-equipment\libClearCore\Debug\libClearCore.a(StepGenerator.o)
                0x000104a0                ClearCore::StepGenerator::VelMax(unsigned long)
 *fill*         0x000104ec        0x4 
 .text._ZN9ClearCore13StepGenerator8AccelMaxEm
                0x000104f0       0x30 C:\Users\emill\Documents\GitHub\thruster-equipment\libClearCore\Debug\libClearCore.a(StepGenerator.o)
                0x000104f0                ClearCore::StepGenerator::AccelMax(unsigned long)
 .text._ZN9ClearCore13StepGenerator20StepsPerSampleMaxSetEm
                0x00010520       0x68 C:\Users\emill\Documents\GitHub\thruster-equipment\libClearCore\Debug\libClearCore.a(StepGenerator.o)
                0x00010520                ClearCore::StepGenerator::StepsPerSampleMaxSet(unsigned long)
 .text._ZN9ClearCore13StepGenerator17CheckTravelLimitsEv
                0x00010588       0x80 C:\Users\emill\Documents\GitHub\thruster-equipment\libClearCore\Debug\libClearCore.a(StepGenerator.o)
                0x00010588                ClearCore::StepGenerator::CheckTravelLimits()
 .text.SystemInit
                0x00010608      0x2b0 C:\Users\emill\Documents\GitHub\thruster-equipment\libClearCore\Debug\libClearCore.a(system_same53.o)
                0x00010608                SystemInit
 .text.GClkFreqUpdate
                0x000108b8       0x44 C:\Users\emill\Documents\GitHub\thruster-equipment\libClearCore\Debug\libClearCore.a(system_same53.o)
                0x000108b8                GClkFreqUpdate
 .text._ZN9ClearCore12EncoderInputC2Ev
                0x000108fc       0x54 C:\Users\emill\Documents\GitHub\thruster-equipment\libClearCore\Debug\libClearCore.a(EncoderInput.o)
                0x000108fc                ClearCore::EncoderInput::EncoderInput()
                0x000108fc                ClearCore::EncoderInput::EncoderInput()
 .text._ZN9ClearCore12EncoderInput10InitializeEv
                0x00010950       0x5c C:\Users\emill\Documents\GitHub\thruster-equipment\libClearCore\Debug\libClearCore.a(EncoderInput.o)
                0x00010950                ClearCore::EncoderInput::Initialize()
 .text._ZN9ClearCore12EncoderInput6UpdateEv
                0x000109ac       0xbc C:\Users\emill\Documents\GitHub\thruster-equipment\libClearCore\Debug\libClearCore.a(EncoderInput.o)
                0x000109ac                ClearCore::EncoderInput::Update()
 .text.cdcdf_acm_req
                0x00010a68       0xe0 C:\Users\emill\Documents\GitHub\thruster-equipment\libClearCore\Debug\libClearCore.a(cdcdf_acm.o)
 .text.cdcdf_acm_ctrl
                0x00010b48      0x130 C:\Users\emill\Documents\GitHub\thruster-equipment\libClearCore\Debug\libClearCore.a(cdcdf_acm.o)
 .text.cdcdf_acm_init
                0x00010c78       0x3c C:\Users\emill\Documents\GitHub\thruster-equipment\libClearCore\Debug\libClearCore.a(cdcdf_acm.o)
                0x00010c78                cdcdf_acm_init
 .text.cdcdf_acm_read
                0x00010cb4       0x28 C:\Users\emill\Documents\GitHub\thruster-equipment\libClearCore\Debug\libClearCore.a(cdcdf_acm.o)
                0x00010cb4                cdcdf_acm_read
 .text.cdcdf_acm_write
                0x00010cdc       0x28 C:\Users\emill\Documents\GitHub\thruster-equipment\libClearCore\Debug\libClearCore.a(cdcdf_acm.o)
                0x00010cdc                cdcdf_acm_write
 .text.cdcdf_acm_stop_xfer
                0x00010d04       0x18 C:\Users\emill\Documents\GitHub\thruster-equipment\libClearCore\Debug\libClearCore.a(cdcdf_acm.o)
                0x00010d04                cdcdf_acm_stop_xfer
 .text.cdcdf_acm_register_callback
                0x00010d1c       0x50 C:\Users\emill\Documents\GitHub\thruster-equipment\libClearCore\Debug\libClearCore.a(cdcdf_acm.o)
                0x00010d1c                cdcdf_acm_register_callback
 .text.cdcdf_acm_is_enabled
                0x00010d6c        0xc C:\Users\emill\Documents\GitHub\thruster-equipment\libClearCore\Debug\libClearCore.a(cdcdf_acm.o)
                0x00010d6c                cdcdf_acm_is_enabled
 .text.cdcdf_acm_get_line_coding
                0x00010d78        0x8 C:\Users\emill\Documents\GitHub\thruster-equipment\libClearCore\Debug\libClearCore.a(cdcdf_acm.o)
                0x00010d78                cdcdf_acm_get_line_coding
 .text.usbd_sof_cb
                0x00010d80       0x1c C:\Users\emill\Documents\GitHub\thruster-equipment\libClearCore\Debug\libClearCore.a(usbdc.o)
 .text.usbdc_cb_ctl_done
                0x00010d9c       0x9c C:\Users\emill\Documents\GitHub\thruster-equipment\libClearCore\Debug\libClearCore.a(usbdc.o)
 .text.usbdc_cb_ctl_req
                0x00010e38      0x408 C:\Users\emill\Documents\GitHub\thruster-equipment\libClearCore\Debug\libClearCore.a(usbdc.o)
 .text.usbd_event_cb
                0x00011240       0x7c C:\Users\emill\Documents\GitHub\thruster-equipment\libClearCore\Debug\libClearCore.a(usbdc.o)
 .text.usbdc_xfer
                0x000112bc       0x1c C:\Users\emill\Documents\GitHub\thruster-equipment\libClearCore\Debug\libClearCore.a(usbdc.o)
                0x000112bc                usbdc_xfer
 .text.usbdc_register_handler
                0x000112d8       0x2c C:\Users\emill\Documents\GitHub\thruster-equipment\libClearCore\Debug\libClearCore.a(usbdc.o)
                0x000112d8                usbdc_register_handler
 .text.usbdc_init
                0x00011304       0x50 C:\Users\emill\Documents\GitHub\thruster-equipment\libClearCore\Debug\libClearCore.a(usbdc.o)
                0x00011304                usbdc_init
 .text.usbdc_register_function
                0x00011354        0xc C:\Users\emill\Documents\GitHub\thruster-equipment\libClearCore\Debug\libClearCore.a(usbdc.o)
                0x00011354                usbdc_register_function
 .text.usbdc_start
                0x00011360       0x30 C:\Users\emill\Documents\GitHub\thruster-equipment\libClearCore\Debug\libClearCore.a(usbdc.o)
                0x00011360                usbdc_start
 .text.usbdc_attach
                0x00011390        0x4 C:\Users\emill\Documents\GitHub\thruster-equipment\libClearCore\Debug\libClearCore.a(usbdc.o)
                0x00011390                usbdc_attach
 .text.usbdc_get_ctrl_buffer
                0x00011394        0xc C:\Users\emill\Documents\GitHub\thruster-equipment\libClearCore\Debug\libClearCore.a(usbdc.o)
                0x00011394                usbdc_get_ctrl_buffer
 .text.usbdc_get_state
                0x000113a0       0x14 C:\Users\emill\Documents\GitHub\thruster-equipment\libClearCore\Debug\libClearCore.a(usbdc.o)
                0x000113a0                usbdc_get_state
 .text.usb_find_desc
                0x000113b4       0x34 C:\Users\emill\Documents\GitHub\thruster-equipment\libClearCore\Debug\libClearCore.a(usb_protocol.o)
                0x000113b4                usb_find_desc
 .text.usb_find_ep_desc
                0x000113e8       0x34 C:\Users\emill\Documents\GitHub\thruster-equipment\libClearCore\Debug\libClearCore.a(usb_protocol.o)
                0x000113e8                usb_find_ep_desc
 .text.usb_find_cfg_desc
                0x0001141c       0x58 C:\Users\emill\Documents\GitHub\thruster-equipment\libClearCore\Debug\libClearCore.a(usb_protocol.o)
                0x0001141c                usb_find_cfg_desc
 .text.usb_find_str_desc
                0x00011474       0x38 C:\Users\emill\Documents\GitHub\thruster-equipment\libClearCore\Debug\libClearCore.a(usb_protocol.o)
                0x00011474                usb_find_str_desc
 .text.usb_d_dummy_cb_false
                0x000114ac        0x4 C:\Users\emill\Documents\GitHub\thruster-equipment\libClearCore\Debug\libClearCore.a(hal_usb_device.o)
 .text.usb_d_cb_trans_more
                0x000114b0       0x44 C:\Users\emill\Documents\GitHub\thruster-equipment\libClearCore\Debug\libClearCore.a(hal_usb_device.o)
 .text._usb_d_cb_trans_done
                0x000114f4      0x13c C:\Users\emill\Documents\GitHub\thruster-equipment\libClearCore\Debug\libClearCore.a(hal_usb_device.o)
 .text.usb_d_cb_trans_setup
                0x00011630       0xa4 C:\Users\emill\Documents\GitHub\thruster-equipment\libClearCore\Debug\libClearCore.a(hal_usb_device.o)
 .text.usb_d_init
                0x000116d4      0x104 C:\Users\emill\Documents\GitHub\thruster-equipment\libClearCore\Debug\libClearCore.a(hal_usb_device.o)
                0x000116d4                usb_d_init
 .text.usb_d_register_callback
                0x000117d8        0x4 C:\Users\emill\Documents\GitHub\thruster-equipment\libClearCore\Debug\libClearCore.a(hal_usb_device.o)
                0x000117d8                usb_d_register_callback
 .text.usb_d_enable
                0x000117dc        0x4 C:\Users\emill\Documents\GitHub\thruster-equipment\libClearCore\Debug\libClearCore.a(hal_usb_device.o)
                0x000117dc                usb_d_enable
 .text.usb_d_attach
                0x000117e0        0x4 C:\Users\emill\Documents\GitHub\thruster-equipment\libClearCore\Debug\libClearCore.a(hal_usb_device.o)
                0x000117e0                usb_d_attach
 .text.usb_d_set_address
                0x000117e4        0x4 C:\Users\emill\Documents\GitHub\thruster-equipment\libClearCore\Debug\libClearCore.a(hal_usb_device.o)
                0x000117e4                usb_d_set_address
 .text.usb_d_ep0_init
                0x000117e8       0x9c C:\Users\emill\Documents\GitHub\thruster-equipment\libClearCore\Debug\libClearCore.a(hal_usb_device.o)
                0x000117e8                usb_d_ep0_init
 .text.usb_d_ep_init
                0x00011884       0x6c C:\Users\emill\Documents\GitHub\thruster-equipment\libClearCore\Debug\libClearCore.a(hal_usb_device.o)
                0x00011884                usb_d_ep_init
 .text.usb_d_ep_deinit
                0x000118f0       0x38 C:\Users\emill\Documents\GitHub\thruster-equipment\libClearCore\Debug\libClearCore.a(hal_usb_device.o)
                0x000118f0                usb_d_ep_deinit
 .text.usb_d_ep_enable
                0x00011928       0x54 C:\Users\emill\Documents\GitHub\thruster-equipment\libClearCore\Debug\libClearCore.a(hal_usb_device.o)
                0x00011928                usb_d_ep_enable
 .text.usb_d_ep_transfer
                0x0001197c      0x128 C:\Users\emill\Documents\GitHub\thruster-equipment\libClearCore\Debug\libClearCore.a(hal_usb_device.o)
                0x0001197c                usb_d_ep_transfer
 .text.usb_d_ep_abort
                0x00011aa4       0x3c C:\Users\emill\Documents\GitHub\thruster-equipment\libClearCore\Debug\libClearCore.a(hal_usb_device.o)
                0x00011aa4                usb_d_ep_abort
 .text.usb_d_ep_halt
                0x00011ae0       0x70 C:\Users\emill\Documents\GitHub\thruster-equipment\libClearCore\Debug\libClearCore.a(hal_usb_device.o)
                0x00011ae0                usb_d_ep_halt
 .text.usb_d_ep_register_callback
                0x00011b50       0x5c C:\Users\emill\Documents\GitHub\thruster-equipment\libClearCore\Debug\libClearCore.a(hal_usb_device.o)
                0x00011b50                usb_d_ep_register_callback
 .text.assert   0x00011bac        0x8 C:\Users\emill\Documents\GitHub\thruster-equipment\libClearCore\Debug\libClearCore.a(utils_assert.o)
                0x00011bac                assert
 .text.list_insert_at_end
                0x00011bb4       0x48 C:\Users\emill\Documents\GitHub\thruster-equipment\libClearCore\Debug\libClearCore.a(utils_list.o)
                0x00011bb4                list_insert_at_end
 .text._ZN9ClearCore10AdcManager8InstanceEv
                0x00011bfc       0x88 C:\Users\emill\Documents\GitHub\thruster-equipment\libClearCore\Debug\libClearCore.a(AdcManager.o)
                0x00011bfc                ClearCore::AdcManager::Instance()
 .text._ZN9ClearCore10AdcManager10InitializeEv
                0x00011c84      0x374 C:\Users\emill\Documents\GitHub\thruster-equipment\libClearCore\Debug\libClearCore.a(AdcManager.o)
                0x00011c84                ClearCore::AdcManager::Initialize()
 .text._ZN9ClearCore10AdcManager6UpdateEv
                0x00011ff8      0x244 C:\Users\emill\Documents\GitHub\thruster-equipment\libClearCore\Debug\libClearCore.a(AdcManager.o)
                0x00011ff8                ClearCore::AdcManager::Update()
 .text._ZN9ClearCore10AdcManager8FilterTcENS0_11AdcChannelsEtNS0_11FilterUnitsE
                0x0001223c       0x9c C:\Users\emill\Documents\GitHub\thruster-equipment\libClearCore\Debug\libClearCore.a(AdcManager.o)
                0x0001223c                ClearCore::AdcManager::FilterTc(ClearCore::AdcManager::AdcChannels, unsigned short, ClearCore::AdcManager::FilterUnits)
 .text.startup._GLOBAL__sub_I__ZN9ClearCore6AdcMgrE
                0x000122d8       0x4c C:\Users\emill\Documents\GitHub\thruster-equipment\libClearCore\Debug\libClearCore.a(AdcManager.o)
 .text._ZN9ClearCore15BlinkCodeDriver6UpdateEv
                0x00012324      0x2b0 C:\Users\emill\Documents\GitHub\thruster-equipment\libClearCore\Debug\libClearCore.a(BlinkCodeDriver.o)
                0x00012324                ClearCore::BlinkCodeDriver::Update()
 .text._ZN9ClearCore19DigitalInOutHBridge4TypeEv
                0x000125d4        0x4 C:\Users\emill\Documents\GitHub\thruster-equipment\libClearCore\Debug\libClearCore.a(DigitalInOutHBridge.o)
                0x000125d4                ClearCore::DigitalInOutHBridge::Type()
 .text._ZN9ClearCore19DigitalInOutHBridge10IsWritableEv
                0x000125d8       0x10 C:\Users\emill\Documents\GitHub\thruster-equipment\libClearCore\Debug\libClearCore.a(DigitalInOutHBridge.o)
                0x000125d8                ClearCore::DigitalInOutHBridge::IsWritable()
 .text._ZN9ClearCore19DigitalInOutHBridgeC2ENS_13ShiftRegister5MasksEPK15PeripheralRouteS5_S5_S5_4IRQnb
                0x000125e8       0x60 C:\Users\emill\Documents\GitHub\thruster-equipment\libClearCore\Debug\libClearCore.a(DigitalInOutHBridge.o)
                0x000125e8                ClearCore::DigitalInOutHBridge::DigitalInOutHBridge(ClearCore::ShiftRegister::Masks, PeripheralRoute const*, PeripheralRoute const*, PeripheralRoute const*, PeripheralRoute const*, IRQn, bool)
                0x000125e8                ClearCore::DigitalInOutHBridge::DigitalInOutHBridge(ClearCore::ShiftRegister::Masks, PeripheralRoute const*, PeripheralRoute const*, PeripheralRoute const*, PeripheralRoute const*, IRQn, bool)
 .text._ZN9ClearCore19DigitalInOutHBridge10FaultStateEb